ARM Linker, 5.03 [Build 69] [MDK-ARM Lite]

==============================================================================

Section Cross References

    startup_lpc17xx.o(RESET) refers to startup_lpc17xx.o(STACK) for __initial_sp
    startup_lpc17xx.o(RESET) refers to startup_lpc17xx.o(.text) for Reset_Handler
    startup_lpc17xx.o(RESET) refers to hal_cm3.o(.emb_text) for SVC_Handler
    startup_lpc17xx.o(.text) refers to system_lpc17xx.o(.text) for SystemInit
    startup_lpc17xx.o(.text) refers to entry.o(.ARM.Collect$$$$00000000) for __main
    system_lpc17xx.o(.text) refers to uldiv.o(.text) for __aeabi_uldivmod
    system_lpc17xx.o(.text) refers to system_lpc17xx.o(.data) for .data
    rtx_conf_cm.o(.ARM.Collect$$$$000000FF) refers to rt_cmsis.o(i.osKernelInitialize) for osKernelInitialize
    rtx_conf_cm.o(.ARM.Collect$$$$000000FF) refers to rt_cmsis.o(i.osThreadCreate) for osThreadCreate
    rtx_conf_cm.o(.ARM.Collect$$$$000000FF) refers to rt_cmsis.o(i.osKernelStart) for osKernelStart
    rtx_conf_cm.o(.ARM.Collect$$$$000000FF) refers to rtx_conf_cm.o(.data) for .data
    rtx_conf_cm.o(.constdata) refers to rt_cmsis.o(i.osTimerThread) for osTimerThread
    rtx_conf_cm.o(.constdata) refers to rtx_conf_cm.o(.bss) for os_messageQ_q_osTimerMessageQ
    rtx_conf_cm.o(.data) refers to blinky.o(.text) for main
    glcd_spi_lpc1700.o(.text) refers to glcd_spi_lpc1700.o(.data) for .data
    glcd_spi_lpc1700.o(.text) refers to glcd_spi_lpc1700.o(.constdata) for .constdata
    led.o(.text) refers to led.o(.constdata) for .constdata
    blinky.o(.text) refers to led.o(.text) for LED_On
    blinky.o(.text) refers to rt_cmsis.o(i.osMutexWait) for osMutexWait
    blinky.o(.text) refers to glcd_spi_lpc1700.o(.text) for GLCD_SetBackColor
    blinky.o(.text) refers to rt_cmsis.o(i.osMutexRelease) for osMutexRelease
    blinky.o(.text) refers to rt_cmsis.o(i.osSignalSet) for osSignalSet
    blinky.o(.text) refers to rt_cmsis.o(i.osDelay) for osDelay
    blinky.o(.text) refers to rt_cmsis.o(i.osSignalWait) for osSignalWait
    blinky.o(.text) refers to rt_cmsis.o(i.osMutexCreate) for osMutexCreate
    blinky.o(.text) refers to rt_cmsis.o(i.osThreadCreate) for osThreadCreate
    blinky.o(.text) refers to blinky.o(.data) for .data
    blinky.o(.text) refers to blinky.o(.constdata) for .constdata
    blinky.o(.constdata) refers to blinky.o(.bss) for os_mutex_cb_mut_GLCD
    blinky.o(.constdata) refers to blinky.o(.text) for phaseA
    rt_cmsis.o(i.isrMessagePut) refers to rt_mailbox.o(i.rt_mbx_check) for rt_mbx_check
    rt_cmsis.o(i.isrMessagePut) refers to rt_mailbox.o(i.isr_mbx_send) for isr_mbx_send
    rt_cmsis.o(i.osDelay) refers to rt_cmsis.o(i.svcDelay) for svcDelay
    rt_cmsis.o(i.osKernelInitialize) refers to rt_cmsis.o(i.svcKernelInitialize) for svcKernelInitialize
    rt_cmsis.o(i.osKernelRunning) refers to rt_cmsis.o(i.svcKernelRunning) for svcKernelRunning
    rt_cmsis.o(i.osKernelRunning) refers to rt_cmsis.o(.data) for .data
    rt_cmsis.o(i.osKernelStart) refers to rtx_conf_cm.o(.constdata) for os_flags
    rt_cmsis.o(i.osKernelStart) refers to rt_cmsis.o(i.svcKernelStart) for svcKernelStart
    rt_cmsis.o(i.osKernelSysTick) refers to rt_cmsis.o(i.svcKernelSysTick) for svcKernelSysTick
    rt_cmsis.o(i.osMailAlloc) refers to rt_cmsis.o(i.sysMailAlloc) for sysMailAlloc
    rt_cmsis.o(i.osMailCAlloc) refers to rt_cmsis.o(i.sysMailAlloc) for sysMailAlloc
    rt_cmsis.o(i.osMailCreate) refers to rt_cmsis.o(i.svcMailCreate) for svcMailCreate
    rt_cmsis.o(i.osMailCreate) refers to rt_cmsis.o(.data) for .data
    rt_cmsis.o(i.osMailFree) refers to rt_cmsis.o(i.sysMailFree) for sysMailFree
    rt_cmsis.o(i.osMailGet) refers to rt_cmsis.o(i.osMessageGet) for osMessageGet
    rt_cmsis.o(i.osMailPut) refers to rt_cmsis.o(i.osMessagePut) for osMessagePut
    rt_cmsis.o(i.osMessageCreate) refers to rt_cmsis.o(i.svcMessageCreate) for svcMessageCreate
    rt_cmsis.o(i.osMessageCreate) refers to rt_cmsis.o(.data) for .data
    rt_cmsis.o(i.osMessageGet) refers to rt_mailbox.o(i.isr_mbx_receive) for isr_mbx_receive
    rt_cmsis.o(i.osMessageGet) refers to rt_cmsis.o(i.svcMessageGet) for svcMessageGet
    rt_cmsis.o(i.osMessagePut) refers to rt_cmsis.o(i.isrMessagePut) for isrMessagePut
    rt_cmsis.o(i.osMessagePut) refers to rt_cmsis.o(i.svcMessagePut) for svcMessagePut
    rt_cmsis.o(i.osMutexCreate) refers to rt_cmsis.o(i.svcMutexCreate) for svcMutexCreate
    rt_cmsis.o(i.osMutexCreate) refers to rt_cmsis.o(.data) for .data
    rt_cmsis.o(i.osMutexDelete) refers to rt_cmsis.o(i.svcMutexDelete) for svcMutexDelete
    rt_cmsis.o(i.osMutexRelease) refers to rt_cmsis.o(i.svcMutexRelease) for svcMutexRelease
    rt_cmsis.o(i.osMutexWait) refers to rt_cmsis.o(i.svcMutexWait) for svcMutexWait
    rt_cmsis.o(i.osPoolAlloc) refers to rt_cmsis.o(i.sysPoolAlloc) for sysPoolAlloc
    rt_cmsis.o(i.osPoolCAlloc) refers to rt_cmsis.o(i.sysPoolAlloc) for sysPoolAlloc
[...]
    rt_cmsis.o(i.svcTimerStart) refers to rt_cmsis.o(i.rt_timer_remove) for rt_timer_remove
    rt_cmsis.o(i.svcTimerStart) refers to rt_cmsis.o(i.rt_timer_insert) for rt_timer_insert
    rt_cmsis.o(i.svcTimerStop) refers to rt_cmsis.o(i.rt_id2obj) for rt_id2obj
    rt_cmsis.o(i.svcTimerStop) refers to rt_cmsis.o(i.rt_timer_remove) for rt_timer_remove
    rt_cmsis.o(i.sysMailAlloc) refers to rt_membox.o(i.rt_alloc_box) for rt_alloc_box
    rt_cmsis.o(i.sysMailAlloc) refers to rt_cmsis.o(i.rt_clr_box) for rt_clr_box
    rt_cmsis.o(i.sysMailAlloc) refers to rt_list.o(i.rt_put_prio) for rt_put_prio
    rt_cmsis.o(i.sysMailAlloc) refers to rt_cmsis.o(i.rt_ms2tick) for rt_ms2tick
    rt_cmsis.o(i.sysMailAlloc) refers to rt_task.o(i.rt_block) for rt_block
    rt_cmsis.o(i.sysMailAlloc) refers to rt_task.o(.data) for os_tsk
    rt_cmsis.o(i.sysMailFree) refers to rt_membox.o(i.rt_free_box) for rt_free_box
    rt_cmsis.o(i.sysMailFree) refers to rt_list.o(i.rt_psq_enq) for rt_psq_enq
    rt_cmsis.o(i.sysMailFree) refers to rt_system.o(i.rt_psh_req) for rt_psh_req
    rt_cmsis.o(i.sysMailFree) refers to rt_membox.o(i.rt_alloc_box) for rt_alloc_box
    rt_cmsis.o(i.sysMailFree) refers to rt_list.o(i.rt_get_first) for rt_get_first
    rt_cmsis.o(i.sysMailFree) refers to hal_cm.o(i.rt_ret_val) for rt_ret_val
    rt_cmsis.o(i.sysMailFree) refers to rt_list.o(i.rt_rmv_dly) for rt_rmv_dly
    rt_cmsis.o(i.sysMailFree) refers to rt_task.o(i.rt_dispatch) for rt_dispatch
    rt_cmsis.o(i.sysPoolAlloc) refers to rt_membox.o(i.rt_alloc_box) for rt_alloc_box
    rt_cmsis.o(i.sysPoolAlloc) refers to rt_cmsis.o(i.rt_clr_box) for rt_clr_box
    rt_cmsis.o(i.sysPoolFree) refers to rt_membox.o(i.rt_free_box) for rt_free_box
    rt_cmsis.o(i.sysTimerTick) refers to rt_cmsis.o(i.isrMessagePut) for isrMessagePut
    rt_cmsis.o(i.sysTimerTick) refers to rt_cmsis.o(i.rt_timer_insert) for rt_timer_insert
    rt_cmsis.o(i.sysTimerTick) refers to rt_cmsis.o(.data) for .data
    rt_cmsis.o(i.sysTimerTick) refers to rtx_conf_cm.o(.data) for osMessageQId_osTimerMessageQ
    rt_task.o(i.rt_block) refers to rt_list.o(i.rt_put_dly) for rt_put_dly
    rt_task.o(i.rt_block) refers to rt_list.o(i.rt_get_first) for rt_get_first
    rt_task.o(i.rt_block) refers to rt_task.o(i.rt_switch_req) for rt_switch_req
    rt_task.o(i.rt_block) refers to rt_task.o(.data) for .data
    rt_task.o(i.rt_block) refers to rt_list.o(.bss) for os_rdy
    rt_task.o(i.rt_dispatch) refers to rt_list.o(i.rt_put_rdy_first) for rt_put_rdy_first
    rt_task.o(i.rt_dispatch) refers to rt_task.o(i.rt_switch_req) for rt_switch_req
    rt_task.o(i.rt_dispatch) refers to rt_list.o(i.rt_get_first) for rt_get_first
    rt_task.o(i.rt_dispatch) refers to rt_list.o(i.rt_put_prio) for rt_put_prio
    rt_task.o(i.rt_dispatch) refers to rt_task.o(.data) for .data
    rt_task.o(i.rt_dispatch) refers to rt_list.o(.bss) for os_rdy
    rt_task.o(i.rt_init_context) refers to rt_membox.o(i.rt_alloc_box) for rt_alloc_box
    rt_task.o(i.rt_init_context) refers to hal_cm.o(i.rt_init_stack) for rt_init_stack
    rt_task.o(i.rt_init_context) refers to rtx_conf_cm.o(.bss) for mp_stk
    rt_task.o(i.rt_switch_req) refers to hal_cm.o(i.dbg_task_switch) for dbg_task_switch
    rt_task.o(i.rt_switch_req) refers to rt_task.o(.data) for .data
    rt_task.o(i.rt_switch_req) refers to hal_cm.o(.data) for dbg_msg
    rt_task.o(i.rt_sys_init) refers to hal_cm.o(i.dbg_init) for dbg_init
    rt_task.o(i.rt_sys_init) refers to rt_membox.o(i._init_box) for _init_box
    rt_task.o(i.rt_sys_init) refers to rt_task.o(i.rt_init_context) for rt_init_context
    rt_task.o(i.rt_sys_init) refers to rt_robin.o(i.rt_init_robin) for rt_init_robin
    rt_task.o(i.rt_sys_init) refers to rtx_conf_cm.o(.bss) for os_active_TCB
    rt_task.o(i.rt_sys_init) refers to rtx_conf_cm.o(.constdata) for os_maxtaskrun
    rt_task.o(i.rt_sys_init) refers to rtx_conf_cm.o(.constdata) for mp_tcb_size
    rt_task.o(i.rt_sys_init) refers to rtx_conf_cm.o(.bss) for mp_tcb
    rt_task.o(i.rt_sys_init) refers to rtx_conf_cm.o(.constdata) for os_stackinfo
    rt_task.o(i.rt_sys_init) refers to rtx_conf_cm.o(.constdata) for mp_stk_size
    rt_task.o(i.rt_sys_init) refers to rtx_conf_cm.o(.bss) for mp_stk
    rt_task.o(i.rt_sys_init) refers to rtx_conf_cm.o(.constdata) for mp_tmr_size
    rt_task.o(i.rt_sys_init) refers to rtx_conf_cm.o(.data) for m_tmr
    rt_task.o(i.rt_sys_init) refers to rt_task.o(.bss) for .bss
    rt_task.o(i.rt_sys_init) refers to rtx_conf_cm.o(.text) for os_idle_demon
    rt_task.o(i.rt_sys_init) refers to rt_list.o(.bss) for os_rdy
    rt_task.o(i.rt_sys_init) refers to rt_task.o(.data) for .data
    rt_task.o(i.rt_sys_init) refers to rtx_conf_cm.o(.bss) for os_fifo
    rt_task.o(i.rt_sys_init) refers to rtx_conf_cm.o(.constdata) for os_fifo_size
    rt_task.o(i.rt_sys_start) refers to rt_system.o(i.os_tick_init) for os_tick_init
    rt_task.o(i.rt_sys_start) refers to rt_system.o(.data) for os_tick_irqn
    rt_task.o(i.rt_tsk_create) refers to rt_membox.o(i.rt_alloc_box) for rt_alloc_box
    rt_task.o(i.rt_tsk_create) refers to rt_task.o(i.rt_init_context) for rt_init_context
    rt_task.o(i.rt_tsk_create) refers to hal_cm.o(i.dbg_task_notify) for dbg_task_notify
    rt_task.o(i.rt_tsk_create) refers to rt_task.o(i.rt_dispatch) for rt_dispatch
    rt_task.o(i.rt_tsk_create) refers to rtx_conf_cm.o(.bss) for mp_tcb
    rt_task.o(i.rt_tsk_create) refers to rtx_conf_cm.o(.bss) for os_active_TCB
    rt_task.o(i.rt_tsk_create) refers to rtx_conf_cm.o(.constdata) for os_maxtaskrun
    rt_task.o(i.rt_tsk_create) refers to hal_cm.o(.data) for dbg_msg
    rt_task.o(i.rt_tsk_delete) refers to hal_cm3.o(.emb_text) for rt_get_PSP
    rt_task.o(i.rt_tsk_delete) refers to rt_system.o(i.rt_stk_check) for rt_stk_check
    rt_task.o(i.rt_tsk_delete) refers to rt_membox.o(i.rt_free_box) for rt_free_box
    rt_task.o(i.rt_tsk_delete) refers to hal_cm.o(i.dbg_task_notify) for dbg_task_notify
    rt_task.o(i.rt_tsk_delete) refers to rt_task.o(i.rt_dispatch) for rt_dispatch
    rt_task.o(i.rt_tsk_delete) refers to rt_list.o(i.rt_rmv_list) for rt_rmv_list
    rt_task.o(i.rt_tsk_delete) refers to rt_list.o(i.rt_rmv_dly) for rt_rmv_dly
    rt_task.o(i.rt_tsk_delete) refers to hal_cm.o(.data) for dbg_msg
    rt_task.o(i.rt_tsk_delete) refers to rt_task.o(.data) for .data
    rt_task.o(i.rt_tsk_delete) refers to rtx_conf_cm.o(.bss) for os_active_TCB
    rt_task.o(i.rt_tsk_delete) refers to rtx_conf_cm.o(.bss) for mp_stk
    rt_task.o(i.rt_tsk_delete) refers to rtx_conf_cm.o(.bss) for mp_tcb
    rt_task.o(i.rt_tsk_delete) refers to rtx_conf_cm.o(.constdata) for os_maxtaskrun
    rt_task.o(i.rt_tsk_pass) refers to rt_list.o(i.rt_get_same_rdy_prio) for rt_get_same_rdy_prio
    rt_task.o(i.rt_tsk_pass) refers to rt_list.o(i.rt_put_prio) for rt_put_prio
    rt_task.o(i.rt_tsk_pass) refers to rt_task.o(i.rt_switch_req) for rt_switch_req
    rt_task.o(i.rt_tsk_pass) refers to rt_task.o(.data) for .data
    rt_task.o(i.rt_tsk_pass) refers to rt_list.o(.bss) for os_rdy
    rt_task.o(i.rt_tsk_prio) refers to rt_list.o(i.rt_put_prio) for rt_put_prio
    rt_task.o(i.rt_tsk_prio) refers to rt_list.o(i.rt_resort_prio) for rt_resort_prio
    rt_task.o(i.rt_tsk_prio) refers to rt_list.o(i.rt_get_first) for rt_get_first
    rt_task.o(i.rt_tsk_prio) refers to rt_task.o(i.rt_dispatch) for rt_dispatch
    rt_task.o(i.rt_tsk_prio) refers to rt_task.o(.data) for .data
    rt_task.o(i.rt_tsk_prio) refers to rtx_conf_cm.o(.constdata) for os_maxtaskrun
    rt_task.o(i.rt_tsk_prio) refers to rtx_conf_cm.o(.bss) for os_active_TCB
    rt_task.o(i.rt_tsk_prio) refers to rt_list.o(.bss) for os_rdy
    rt_task.o(i.rt_tsk_self) refers to rt_task.o(.data) for .data
    rt_system.o(i.os_tick_init) refers to rtx_conf_cm.o(.constdata) for os_trv
    rt_system.o(i.os_tick_val) refers to rtx_conf_cm.o(.constdata) for os_trv
    rt_system.o(i.rt_pop_req) refers to rt_list.o(i.rt_put_rdy_first) for rt_put_rdy_first
    rt_system.o(i.rt_pop_req) refers to rt_semaphore.o(i.rt_sem_psh) for rt_sem_psh
    rt_system.o(i.rt_pop_req) refers to rt_list.o(i.rt_get_first) for rt_get_first
    rt_system.o(i.rt_pop_req) refers to rt_task.o(i.rt_switch_req) for rt_switch_req
    rt_system.o(i.rt_pop_req) refers to rt_event.o(i.rt_evt_psh) for rt_evt_psh
    rt_system.o(i.rt_pop_req) refers to rt_mailbox.o(i.rt_mbx_psh) for rt_mbx_psh
    rt_system.o(i.rt_pop_req) refers to rt_task.o(.data) for os_tsk
    rt_system.o(i.rt_pop_req) refers to rtx_conf_cm.o(.bss) for os_fifo
    rt_system.o(i.rt_pop_req) refers to rt_list.o(.bss) for os_rdy
    rt_system.o(i.rt_psh_req) refers to rt_system.o(.data) for .data
    rt_system.o(i.rt_resume) refers to rt_list.o(i.rt_put_rdy_first) for rt_put_rdy_first
    rt_system.o(i.rt_resume) refers to rt_list.o(i.rt_dec_dly) for rt_dec_dly
    rt_system.o(i.rt_resume) refers to rt_list.o(i.rt_get_first) for rt_get_first
    rt_system.o(i.rt_resume) refers to rt_task.o(i.rt_switch_req) for rt_switch_req
    rt_system.o(i.rt_resume) refers to rt_system.o(i.rt_tsk_unlock) for rt_tsk_unlock
    rt_system.o(i.rt_resume) refers to rt_task.o(.data) for os_tsk
    rt_system.o(i.rt_resume) refers to rt_robin.o(.data) for os_robin
    rt_system.o(i.rt_resume) refers to rt_list.o(.bss) for os_dly
    rt_system.o(i.rt_resume) refers to rt_time.o(.data) for os_time
    rt_system.o(i.rt_stk_check) refers to rtx_conf_cm.o(.text) for os_error
    rt_system.o(i.rt_stk_check) refers to rt_task.o(.data) for os_tsk
    rt_system.o(i.rt_suspend) refers to rt_system.o(i.rt_tsk_lock) for rt_tsk_lock
    rt_system.o(i.rt_suspend) refers to rt_list.o(.bss) for os_dly
    rt_system.o(i.rt_systick) refers to rt_list.o(i.rt_put_rdy_first) for rt_put_rdy_first
    rt_system.o(i.rt_systick) refers to rt_robin.o(i.rt_chk_robin) for rt_chk_robin
    rt_system.o(i.rt_systick) refers to rt_list.o(i.rt_dec_dly) for rt_dec_dly
    rt_system.o(i.rt_systick) refers to rt_cmsis.o(i.sysTimerTick) for sysTimerTick
    rt_system.o(i.rt_systick) refers to rt_list.o(i.rt_get_first) for rt_get_first
    rt_system.o(i.rt_systick) refers to rt_task.o(i.rt_switch_req) for rt_switch_req
    rt_system.o(i.rt_systick) refers to rt_task.o(.data) for os_tsk
    rt_system.o(i.rt_systick) refers to rt_time.o(.data) for os_time
    rt_system.o(i.rt_systick) refers to rt_list.o(.bss) for os_rdy
    rt_system.o(i.rt_tsk_lock) refers to rt_system.o(.data) for .data
    rt_system.o(i.rt_tsk_unlock) refers to rt_system.o(.data) for .data
    rt_event.o(i.isr_evt_set) refers to rt_list.o(i.rt_psq_enq) for rt_psq_enq
    rt_event.o(i.isr_evt_set) refers to rt_system.o(i.rt_psh_req) for rt_psh_req
    rt_event.o(i.isr_evt_set) refers to rtx_conf_cm.o(.bss) for os_active_TCB
    rt_event.o(i.rt_evt_clr) refers to rtx_conf_cm.o(.bss) for os_active_TCB
    rt_event.o(i.rt_evt_get) refers to rt_task.o(.data) for os_tsk
    rt_event.o(i.rt_evt_psh) refers to rt_list.o(i.rt_rmv_dly) for rt_rmv_dly
    rt_event.o(i.rt_evt_psh) refers to hal_cm.o(i.rt_ret_val2) for rt_ret_val2
    rt_event.o(i.rt_evt_psh) refers to rt_list.o(i.rt_put_prio) for rt_put_prio
    rt_event.o(i.rt_evt_psh) refers to rt_list.o(.bss) for os_rdy
    rt_event.o(i.rt_evt_set) refers to rt_list.o(i.rt_rmv_dly) for rt_rmv_dly
    rt_event.o(i.rt_evt_set) refers to hal_cm.o(i.rt_ret_val2) for rt_ret_val2
    rt_event.o(i.rt_evt_set) refers to rt_task.o(i.rt_dispatch) for rt_dispatch
    rt_event.o(i.rt_evt_set) refers to rtx_conf_cm.o(.bss) for os_active_TCB
    rt_event.o(i.rt_evt_wait) refers to rt_task.o(i.rt_block) for rt_block
    rt_event.o(i.rt_evt_wait) refers to rt_task.o(.data) for os_tsk
    rt_list.o(i.rt_dec_dly) refers to rt_list.o(i.rt_put_prio) for rt_put_prio
    rt_list.o(i.rt_dec_dly) refers to rt_list.o(.bss) for .bss
    rt_list.o(i.rt_dec_dly) refers to rt_time.o(.data) for os_time
    rt_list.o(i.rt_get_same_rdy_prio) refers to rt_list.o(.bss) for .bss
    rt_list.o(i.rt_get_same_rdy_prio) refers to rt_task.o(.data) for os_tsk
    rt_list.o(i.rt_psq_enq) refers to rtx_conf_cm.o(.text) for os_error
    rt_list.o(i.rt_psq_enq) refers to rtx_conf_cm.o(.bss) for os_fifo
    rt_list.o(i.rt_put_dly) refers to rt_list.o(.bss) for .bss
    rt_list.o(i.rt_put_rdy_first) refers to rt_list.o(.bss) for .bss
    rt_list.o(i.rt_resort_prio) refers to rt_list.o(i.rt_rmv_list) for rt_rmv_list
    rt_list.o(i.rt_resort_prio) refers to rt_list.o(i.rt_put_prio) for rt_put_prio
    rt_list.o(i.rt_resort_prio) refers to rt_list.o(.bss) for .bss
    rt_list.o(i.rt_rmv_list) refers to rt_list.o(.bss) for .bss
    rt_mailbox.o(i.isr_mbx_receive) refers to rt_list.o(i.rt_psq_enq) for rt_psq_enq
    rt_mailbox.o(i.isr_mbx_receive) refers to rt_system.o(i.rt_psh_req) for rt_psh_req
    rt_mailbox.o(i.isr_mbx_send) refers to rt_list.o(i.rt_psq_enq) for rt_psq_enq
    rt_mailbox.o(i.isr_mbx_send) refers to rt_system.o(i.rt_psh_req) for rt_psh_req
    rt_mailbox.o(i.rt_mbx_psh) refers to rt_membox.o(i.rt_alloc_box) for rt_alloc_box
    rt_mailbox.o(i.rt_mbx_psh) refers to rt_list.o(i.rt_get_first) for rt_get_first
    rt_mailbox.o(i.rt_mbx_psh) refers to hal_cm.o(i.rt_ret_val) for rt_ret_val
    rt_mailbox.o(i.rt_mbx_psh) refers to rt_list.o(i.rt_rmv_dly) for rt_rmv_dly
    rt_mailbox.o(i.rt_mbx_psh) refers to rt_list.o(i.rt_put_prio) for rt_put_prio
    rt_mailbox.o(i.rt_mbx_psh) refers to hal_cm.o(i.rt_ret_val2) for rt_ret_val2
    rt_mailbox.o(i.rt_mbx_psh) refers to rtx_conf_cm.o(.text) for os_error
    rt_mailbox.o(i.rt_mbx_psh) refers to rt_list.o(.bss) for os_rdy
    rt_mailbox.o(i.rt_mbx_send) refers to rt_list.o(i.rt_put_prio) for rt_put_prio
    rt_mailbox.o(i.rt_mbx_send) refers to rt_list.o(i.rt_get_first) for rt_get_first
    rt_mailbox.o(i.rt_mbx_send) refers to hal_cm.o(i.rt_ret_val2) for rt_ret_val2
    rt_mailbox.o(i.rt_mbx_send) refers to rt_list.o(i.rt_rmv_dly) for rt_rmv_dly
    rt_mailbox.o(i.rt_mbx_send) refers to rt_task.o(i.rt_dispatch) for rt_dispatch
    rt_mailbox.o(i.rt_mbx_send) refers to rt_task.o(i.rt_block) for rt_block
    rt_mailbox.o(i.rt_mbx_send) refers to rt_task.o(.data) for os_tsk
    rt_mailbox.o(i.rt_mbx_wait) refers to rt_list.o(i.rt_get_first) for rt_get_first
    rt_mailbox.o(i.rt_mbx_wait) refers to hal_cm.o(i.rt_ret_val) for rt_ret_val
    rt_mailbox.o(i.rt_mbx_wait) refers to rt_list.o(i.rt_rmv_dly) for rt_rmv_dly
    rt_mailbox.o(i.rt_mbx_wait) refers to rt_task.o(i.rt_dispatch) for rt_dispatch
    rt_mailbox.o(i.rt_mbx_wait) refers to rt_list.o(i.rt_put_prio) for rt_put_prio
    rt_mailbox.o(i.rt_mbx_wait) refers to rt_task.o(i.rt_block) for rt_block
    rt_mailbox.o(i.rt_mbx_wait) refers to rt_task.o(.data) for os_tsk
    rt_semaphore.o(i.isr_sem_send) refers to rt_list.o(i.rt_psq_enq) for rt_psq_enq
    rt_semaphore.o(i.isr_sem_send) refers to rt_system.o(i.rt_psh_req) for rt_psh_req
    rt_semaphore.o(i.rt_sem_delete) refers to rt_list.o(i.rt_get_first) for rt_get_first
    rt_semaphore.o(i.rt_sem_delete) refers to hal_cm.o(i.rt_ret_val) for rt_ret_val
    rt_semaphore.o(i.rt_sem_delete) refers to rt_list.o(i.rt_rmv_dly) for rt_rmv_dly
    rt_semaphore.o(i.rt_sem_delete) refers to rt_list.o(i.rt_put_prio) for rt_put_prio
    rt_semaphore.o(i.rt_sem_delete) refers to rt_task.o(i.rt_dispatch) for rt_dispatch
    rt_semaphore.o(i.rt_sem_delete) refers to rt_list.o(.bss) for os_rdy
    rt_semaphore.o(i.rt_sem_delete) refers to rt_task.o(.data) for os_tsk
    rt_semaphore.o(i.rt_sem_psh) refers to rt_list.o(i.rt_get_first) for rt_get_first
    rt_semaphore.o(i.rt_sem_psh) refers to rt_list.o(i.rt_rmv_dly) for rt_rmv_dly
    rt_semaphore.o(i.rt_sem_psh) refers to hal_cm.o(i.rt_ret_val) for rt_ret_val
    rt_semaphore.o(i.rt_sem_psh) refers to rt_list.o(i.rt_put_prio) for rt_put_prio
    rt_semaphore.o(i.rt_sem_psh) refers to rt_list.o(.bss) for os_rdy
    rt_semaphore.o(i.rt_sem_send) refers to rt_list.o(i.rt_get_first) for rt_get_first
    rt_semaphore.o(i.rt_sem_send) refers to hal_cm.o(i.rt_ret_val) for rt_ret_val
    rt_semaphore.o(i.rt_sem_send) refers to rt_list.o(i.rt_rmv_dly) for rt_rmv_dly
    rt_semaphore.o(i.rt_sem_send) refers to rt_task.o(i.rt_dispatch) for rt_dispatch
    rt_semaphore.o(i.rt_sem_wait) refers to rt_list.o(i.rt_put_prio) for rt_put_prio
    rt_semaphore.o(i.rt_sem_wait) refers to rt_task.o(i.rt_block) for rt_block
    rt_semaphore.o(i.rt_sem_wait) refers to rt_task.o(.data) for os_tsk
    rt_time.o(i.rt_dly_wait) refers to rt_task.o(i.rt_block) for rt_block
    rt_time.o(i.rt_itv_set) refers to rt_task.o(.data) for os_tsk
    rt_time.o(i.rt_itv_set) refers to rt_time.o(.data) for .data
    rt_time.o(i.rt_itv_wait) refers to rt_task.o(i.rt_block) for rt_block
    rt_time.o(i.rt_itv_wait) refers to rt_task.o(.data) for os_tsk
    rt_time.o(i.rt_itv_wait) refers to rt_time.o(.data) for .data
    rt_time.o(i.rt_time_get) refers to rt_time.o(.data) for .data
    rt_mutex.o(i.rt_mut_delete) refers to rt_list.o(i.rt_resort_prio) for rt_resort_prio
    rt_mutex.o(i.rt_mut_delete) refers to rt_list.o(i.rt_get_first) for rt_get_first
    rt_mutex.o(i.rt_mut_delete) refers to hal_cm.o(i.rt_ret_val) for rt_ret_val
    rt_mutex.o(i.rt_mut_delete) refers to rt_list.o(i.rt_rmv_dly) for rt_rmv_dly
    rt_mutex.o(i.rt_mut_delete) refers to rt_list.o(i.rt_put_prio) for rt_put_prio
    rt_mutex.o(i.rt_mut_delete) refers to rt_task.o(i.rt_dispatch) for rt_dispatch
    rt_mutex.o(i.rt_mut_delete) refers to rt_task.o(.data) for os_tsk
    rt_mutex.o(i.rt_mut_delete) refers to rt_list.o(.bss) for os_rdy
    rt_mutex.o(i.rt_mut_release) refers to rt_list.o(i.rt_get_first) for rt_get_first
    rt_mutex.o(i.rt_mut_release) refers to hal_cm.o(i.rt_ret_val) for rt_ret_val
    rt_mutex.o(i.rt_mut_release) refers to rt_list.o(i.rt_rmv_dly) for rt_rmv_dly
    rt_mutex.o(i.rt_mut_release) refers to rt_list.o(i.rt_put_prio) for rt_put_prio
    rt_mutex.o(i.rt_mut_release) refers to rt_task.o(i.rt_dispatch) for rt_dispatch
    rt_mutex.o(i.rt_mut_release) refers to rt_task.o(.data) for os_tsk
    rt_mutex.o(i.rt_mut_release) refers to rt_list.o(.bss) for os_rdy
    rt_mutex.o(i.rt_mut_wait) refers to rt_list.o(i.rt_resort_prio) for rt_resort_prio
    rt_mutex.o(i.rt_mut_wait) refers to rt_list.o(i.rt_put_prio) for rt_put_prio
    rt_mutex.o(i.rt_mut_wait) refers to rt_task.o(i.rt_block) for rt_block
    rt_mutex.o(i.rt_mut_wait) refers to rt_task.o(.data) for os_tsk
    rt_membox.o(i._calloc_box) refers to hal_cm3.o(.emb_text) for _alloc_box
    hal_cm.o(i.dbg_init) refers to hal_cm.o(.data) for .data
    hal_cm.o(i.rt_init_stack) refers to rtx_conf_cm.o(.constdata) for os_stackinfo
    rt_robin.o(i.rt_chk_robin) refers to rt_list.o(i.rt_get_first) for rt_get_first
    rt_robin.o(i.rt_chk_robin) refers to rt_list.o(i.rt_put_prio) for rt_put_prio
    rt_robin.o(i.rt_chk_robin) refers to rt_robin.o(.data) for .data
    rt_robin.o(i.rt_chk_robin) refers to rt_list.o(.bss) for os_rdy
    rt_robin.o(i.rt_chk_robin) refers to rt_time.o(.data) for os_time
    rt_robin.o(i.rt_init_robin) refers to rt_robin.o(.data) for .data
    rt_robin.o(i.rt_init_robin) refers to rtx_conf_cm.o(.constdata) for os_rrobin
    hal_cm3.o(.emb_text) refers to rtx_conf_cm.o(.constdata) for os_flags
    hal_cm3.o(.emb_text) refers to rt_membox.o(i.rt_alloc_box) for rt_alloc_box
    hal_cm3.o(.emb_text) refers to rt_membox.o(i.rt_free_box) for rt_free_box
    hal_cm3.o(.emb_text) refers to rt_system.o(i.rt_stk_check) for rt_stk_check
    hal_cm3.o(.emb_text) refers to rt_task.o(.data) for os_tsk
    hal_cm3.o(.emb_text) refers to SVC_Table.o(SVC_TABLE) for SVC_Count
    hal_cm3.o(.emb_text) refers to rt_system.o(i.rt_pop_req) for rt_pop_req
    hal_cm3.o(.emb_text) refers to rt_system.o(i.rt_systick) for rt_systick
    hal_cm3.o(.emb_text) refers to rt_system.o(i.os_tick_irqack) for os_tick_irqack
    entry.o(.ARM.Collect$$$$00000000) refers (Special) to entry10a.o(.ARM.Collect$$$$0000000D) for __rt_final_cpp
    entry.o(.ARM.Collect$$$$00000000) refers (Special) to entry11a.o(.ARM.Collect$$$$0000000F) for __rt_final_exit
    entry.o(.ARM.Collect$$$$00000000) refers (Special) to entry7b.o(.ARM.Collect$$$$00000008) for _main_clock
    entry.o(.ARM.Collect$$$$00000000) refers (Special) to entry8b.o(.ARM.Collect$$$$0000000A) for _main_cpp_init
    entry.o(.ARM.Collect$$$$00000000) refers (Special) to rtx_conf_cm.o(.ARM.Collect$$$$000000FF) for _main_init
    entry.o(.ARM.Collect$$$$00000000) refers (Special) to entry5.o(.ARM.Collect$$$$00000004) for _main_scatterload
    entry.o(.ARM.Collect$$$$00000000) refers (Special) to entry2.o(.ARM.Collect$$$$00000001) for _main_stk
    uldiv.o(.text) refers to llushr.o(.text) for __aeabi_llsr
    uldiv.o(.text) refers to llshl.o(.text) for __aeabi_llsl
    entry2.o(.ARM.Collect$$$$00000001) refers to entry2.o(.ARM.Collect$$$$00002712) for __lit__00000000
    entry2.o(.ARM.Collect$$$$00002712) refers to startup_lpc17xx.o(STACK) for __initial_sp
    entry2.o(__vectab_stack_and_reset_area) refers to startup_lpc17xx.o(STACK) for __initial_sp
    entry2.o(__vectab_stack_and_reset_area) refers to entry.o(.ARM.Collect$$$$00000000) for __main
    entry5.o(.ARM.Collect$$$$00000004) refers to init.o(.text) for __scatterload
    init.o(.text) refers to entry5.o(.ARM.Collect$$$$00000004) for __main_after_scatterload


==============================================================================

Removing Unused input sections from the image.

    Removing startup_lpc17xx.o(HEAP), (0 bytes).
    Removing system_lpc17xx.o(.rev16_text), (4 bytes).
    Removing system_lpc17xx.o(.revsh_text), (4 bytes).
    Removing rtx_conf_cm.o(.constdata), (4 bytes).
    Removing rtx_conf_cm.o(.constdata), (2 bytes).
    Removing rtx_conf_cm.o(.constdata), (2 bytes).
    Removing rtx_conf_cm.o(.data), (4 bytes).
    Removing glcd_spi_lpc1700.o(.rev16_text), (4 bytes).
    Removing glcd_spi_lpc1700.o(.revsh_text), (4 bytes).
    Removing led.o(.rev16_text), (4 bytes).
    Removing led.o(.revsh_text), (4 bytes).
    Removing blinky.o(.rev16_text), (4 bytes).
    Removing blinky.o(.revsh_text), (4 bytes).
    Removing rt_cmsis.o(.rev16_text), (4 bytes).
    Removing rt_cmsis.o(.revsh_text), (4 bytes).
    Removing rt_cmsis.o(i.osKernelRunning), (36 bytes).
    Removing rt_cmsis.o(i.osKernelSysTick), (24 bytes).
    Removing rt_cmsis.o(i.osMailAlloc), (32 bytes).
    Removing rt_cmsis.o(i.osMailCAlloc), (32 bytes).
    Removing rt_cmsis.o(i.osMailCreate), (48 bytes).
    Removing rt_cmsis.o(i.osMailFree), (28 bytes).
    Removing rt_cmsis.o(i.osMailGet), (22 bytes).
    Removing rt_cmsis.o(i.osMailPut), (20 bytes).
    Removing rt_cmsis.o(i.osMessageCreate), (48 bytes).
    Removing rt_cmsis.o(i.osMessagePut), (24 bytes).
    Removing rt_cmsis.o(i.osMutexDelete), (24 bytes).
    Removing rt_cmsis.o(i.osPoolAlloc), (36 bytes).
    Removing rt_cmsis.o(i.osPoolCAlloc), (36 bytes).
    Removing rt_cmsis.o(i.osPoolCreate), (48 bytes).
    Removing rt_cmsis.o(i.osPoolFree), (32 bytes).
    Removing rt_cmsis.o(i.osSemaphoreCreate), (48 bytes).
    Removing rt_cmsis.o(i.osSemaphoreDelete), (24 bytes).
    Removing rt_cmsis.o(i.osSemaphoreRelease), (60 bytes).
    Removing rt_cmsis.o(i.osSemaphoreWait), (24 bytes).
    Removing rt_cmsis.o(i.osSignalClear), (24 bytes).
    Removing rt_cmsis.o(i.osThreadGetId), (24 bytes).
    Removing rt_cmsis.o(i.osThreadGetPriority), (24 bytes).
    Removing rt_cmsis.o(i.osThreadSetPriority), (24 bytes).
    Removing rt_cmsis.o(i.osThreadTerminate), (24 bytes).
    Removing rt_cmsis.o(i.osThreadYield), (24 bytes).
    Removing rt_cmsis.o(i.osTimerCreate), (52 bytes).
    Removing rt_cmsis.o(i.osTimerDelete), (24 bytes).
    Removing rt_cmsis.o(i.osTimerStart), (24 bytes).
    Removing rt_cmsis.o(i.osTimerStop), (24 bytes).
    Removing rt_cmsis.o(i.osWait), (4 bytes).
    Removing rt_cmsis.o(i.rt_clr_box), (20 bytes).
    Removing rt_cmsis.o(i.rt_timer_remove), (60 bytes).
    Removing rt_cmsis.o(i.svcKernelRunning), (12 bytes).
    Removing rt_cmsis.o(i.svcKernelSysTick), (56 bytes).
    Removing rt_cmsis.o(i.svcMailCreate), (66 bytes).
    Removing rt_cmsis.o(i.svcMessagePut), (54 bytes).
    Removing rt_cmsis.o(i.svcMutexDelete), (26 bytes).
    Removing rt_cmsis.o(i.svcPoolCreate), (40 bytes).
    Removing rt_cmsis.o(i.svcSemaphoreCreate), (36 bytes).
    Removing rt_cmsis.o(i.svcSemaphoreDelete), (26 bytes).
    Removing rt_cmsis.o(i.svcSemaphoreRelease), (40 bytes).
    Removing rt_cmsis.o(i.svcSemaphoreWait), (50 bytes).
    Removing rt_cmsis.o(i.svcSignalClear), (36 bytes).
    Removing rt_cmsis.o(i.svcThreadGetPriority), (18 bytes).
    Removing rt_cmsis.o(i.svcThreadSetPriority), (46 bytes).
    Removing rt_cmsis.o(i.svcThreadYield), (10 bytes).
    Removing rt_cmsis.o(i.svcTimerCreate), (52 bytes).
    Removing rt_cmsis.o(i.svcTimerDelete), (40 bytes).
    Removing rt_cmsis.o(i.svcTimerStart), (72 bytes).
    Removing rt_cmsis.o(i.svcTimerStop), (36 bytes).
    Removing rt_cmsis.o(i.sysMailAlloc), (112 bytes).
    Removing rt_cmsis.o(i.sysMailFree), (102 bytes).
    Removing rt_cmsis.o(i.sysPoolAlloc), (32 bytes).
    Removing rt_cmsis.o(i.sysPoolFree), (20 bytes).
    Removing rt_task.o(i.rt_tsk_pass), (48 bytes).
    Removing rt_system.o(.emb_text), (0 bytes).
    Removing rt_system.o(i.os_tick_ovf), (16 bytes).
    Removing rt_system.o(i.os_tick_val), (20 bytes).
    Removing rt_system.o(i.rt_resume), (128 bytes).
    Removing rt_system.o(i.rt_suspend), (28 bytes).
    Removing rt_system.o(i.rt_tsk_lock), (80 bytes).
    Removing rt_system.o(i.rt_tsk_unlock), (80 bytes).
    Removing rt_event.o(i.rt_evt_clr), (28 bytes).
    Removing rt_event.o(i.rt_evt_get), (12 bytes).
    Removing rt_list.o(i.rt_get_same_rdy_prio), (36 bytes).
    Removing rt_mailbox.o(i.rt_mbx_send), (152 bytes).
    Removing rt_semaphore.o(i.isr_sem_send), (16 bytes).
    Removing rt_semaphore.o(i.rt_sem_delete), (92 bytes).
    Removing rt_semaphore.o(i.rt_sem_init), (12 bytes).
    Removing rt_semaphore.o(i.rt_sem_send), (42 bytes).
    Removing rt_semaphore.o(i.rt_sem_wait), (60 bytes).
    Removing rt_time.o(i.rt_itv_set), (24 bytes).
    Removing rt_time.o(i.rt_itv_wait), (44 bytes).
    Removing rt_time.o(i.rt_time_get), (12 bytes).
    Removing rt_mutex.o(i.rt_mut_delete), (120 bytes).
    Removing rt_membox.o(i._calloc_box), (30 bytes).

91 unused section(s) (total 3112 bytes) removed from the image.

==============================================================================

Image Symbol Table

    Local Symbols

    Symbol Name                              Value     Ov Type        Size  Object(Section)

    RESET                                    0x00000000   Section      204  startup_lpc17xx.o(RESET)
    ../clib/microlib/division.c              0x00000000   Number         0  uldiv.o ABSOLUTE
    ../clib/microlib/init/entry.s            0x00000000   Number         0  entry.o ABSOLUTE
    ../clib/microlib/init/entry.s            0x00000000   Number         0  entry10a.o ABSOLUTE
    ../clib/microlib/init/entry.s            0x00000000   Number         0  entry11b.o ABSOLUTE
    ../clib/microlib/init/entry.s            0x00000000   Number         0  entry11a.o ABSOLUTE
    ../clib/microlib/init/entry.s            0x00000000   Number         0  entry5.o ABSOLUTE
    ../clib/microlib/init/entry.s            0x00000000   Number         0  entry8b.o ABSOLUTE
    ../clib/microlib/init/entry.s            0x00000000   Number         0  entry7a.o ABSOLUTE
    ../clib/microlib/init/entry.s            0x00000000   Number         0  entry2.o ABSOLUTE
    ../clib/microlib/init/entry.s            0x00000000   Number         0  entry7b.o ABSOLUTE
    ../clib/microlib/init/entry.s            0x00000000   Number         0  entry8a.o ABSOLUTE
    ../clib/microlib/init/entry.s            0x00000000   Number         0  entry10b.o ABSOLUTE
    ../clib/microlib/longlong.c              0x00000000   Number         0  llshl.o ABSOLUTE
    ../clib/microlib/longlong.c              0x00000000   Number         0  llushr.o ABSOLUTE
    ..\Blinky.c                              0x00000000   Number         0  blinky.o ABSOLUTE
    ..\GLCD_SPI_LPC1700.c                    0x00000000   Number         0  glcd_spi_lpc1700.o ABSOLUTE
    ..\HAL_CM.c                              0x00000000   Number         0  hal_cm.o ABSOLUTE
    ..\LED.c                                 0x00000000   Number         0  led.o ABSOLUTE
    ..\RTX_Conf_CM.c                         0x00000000   Number         0  rtx_conf_cm.o ABSOLUTE
    ..\\Blinky.c                             0x00000000   Number         0  blinky.o ABSOLUTE
    ..\\GLCD_SPI_LPC1700.c                   0x00000000   Number         0  glcd_spi_lpc1700.o ABSOLUTE
    ..\\LED.c                                0x00000000   Number         0  led.o ABSOLUTE
    ..\\rt_CMSIS.c                           0x00000000   Number         0  rt_cmsis.o ABSOLUTE
    ..\\rt_System.c                          0x00000000   Number         0  rt_system.o ABSOLUTE
    ..\\system_LPC17xx.c                     0x00000000   Number         0  system_lpc17xx.o ABSOLUTE
    ..\rt_CMSIS.c                            0x00000000   Number         0  rt_cmsis.o ABSOLUTE
    ..\rt_Event.c                            0x00000000   Number         0  rt_event.o ABSOLUTE
    ..\rt_List.c                             0x00000000   Number         0  rt_list.o ABSOLUTE
    ..\rt_Mailbox.c                          0x00000000   Number         0  rt_mailbox.o ABSOLUTE
    ..\rt_MemBox.c                           0x00000000   Number         0  rt_membox.o ABSOLUTE
    ..\rt_Memory.c                           0x00000000   Number         0  rt_memory.o ABSOLUTE
    ..\rt_Mutex.c                            0x00000000   Number         0  rt_mutex.o ABSOLUTE
    ..\rt_Robin.c                            0x00000000   Number         0  rt_robin.o ABSOLUTE
    ..\rt_Semaphore.c                        0x00000000   Number         0  rt_semaphore.o ABSOLUTE
    ..\rt_System.c                           0x00000000   Number         0  rt_system.o ABSOLUTE
    ..\rt_Task.c                             0x00000000   Number         0  rt_task.o ABSOLUTE
    ..\rt_Time.c                             0x00000000   Number         0  rt_time.o ABSOLUTE
    ..\system_LPC17xx.c                      0x00000000   Number         0  system_lpc17xx.o ABSOLUTE
    HAL_CM3.c                                0x00000000   Number         0  hal_cm3.o ABSOLUTE
    HAL_CM3.c                                0x00000000   Number         0  hal_cm3.o ABSOLUTE
    SVC_Table.s                              0x00000000   Number         0  SVC_Table.o ABSOLUTE
    dc.s                                     0x00000000   Number         0  dc.o ABSOLUTE
    handlers.s                               0x00000000   Number         0  handlers.o ABSOLUTE
    init.s                                   0x00000000   Number         0  init.o ABSOLUTE
    startup_LPC17xx.s                        0x00000000   Number         0  startup_lpc17xx.o ABSOLUTE
    .ARM.Collect$$$$00000000                 0x000000cc   Section        0  entry.o(.ARM.Collect$$$$00000000)
    .ARM.Collect$$$$00000001                 0x000000cc   Section        4  entry2.o(.ARM.Collect$$$$00000001)
    .ARM.Collect$$$$00000004                 0x000000d0   Section        4  entry5.o(.ARM.Collect$$$$00000004)
    .ARM.Collect$$$$00000008                 0x000000d4   Section        0  entry7b.o(.ARM.Collect$$$$00000008)
    .ARM.Collect$$$$0000000A                 0x000000d4   Section        0  entry8b.o(.ARM.Collect$$$$0000000A)
    .ARM.Collect$$$$0000000D                 0x000000d4   Section        0  entry10a.o(.ARM.Collect$$$$0000000D)
    .ARM.Collect$$$$0000000F                 0x000000d4   Section        0  entry11a.o(.ARM.Collect$$$$0000000F)
    .ARM.Collect$$$$000000FF                 0x000000d4   Section        0  rtx_conf_cm.o(.ARM.Collect$$$$000000FF)
    .ARM.Collect$$$$00002712                 0x000000ec   Section        4  entry2.o(.ARM.Collect$$$$00002712)
    __lit__00000000                          0x000000ec   Data           4  entry2.o(.ARM.Collect$$$$00002712)
    .emb_text                                0x000000f0   Section      304  hal_cm3.o(.emb_text)
    .text                                    0x00000220   Section       36  startup_lpc17xx.o(.text)
    .text                                    0x00000244   Section        0  rtx_conf_cm.o(.text)
    .text                                    0x00000248   Section        0  led.o(.text)
    .text                                    0x000002d0   Section        0  llshl.o(.text)
    SVC_TABLE                                0x000002f0   Section        4  SVC_Table.o(SVC_TABLE)
    i.__scatterload_null                     0x000002f4   Section        2  handlers.o(i.__scatterload_null)
    i.os_tick_irqack                         0x000002f6   Section        0  rt_system.o(i.os_tick_irqack)
    .constdata                               0x000002f8   Section        2  rtx_conf_cm.o(.constdata)
    .constdata                               0x000002fa   Section        1  rtx_conf_cm.o(.constdata)
    .constdata                               0x000002fb   Section        1  rtx_conf_cm.o(.constdata)
    .ARM.__at_0x02FC                         0x000002fc   Section        4  startup_lpc17xx.o(.ARM.__at_0x02FC)
    .text                                    0x00000300   Section        0  system_lpc17xx.o(.text)
    .text                                    0x000004a0   Section        0  glcd_spi_lpc1700.o(.text)
    spi_tran_man                             0x000004a1   Thumb Code   106  glcd_spi_lpc1700.o(.text)
    delay                                    0x00000df3   Thumb Code    12  glcd_spi_lpc1700.o(.text)
    spi_tran                                 0x00000dff   Thumb Code    16  glcd_spi_lpc1700.o(.text)
    wr_cmd                                   0x00000e0f   Thumb Code    32  glcd_spi_lpc1700.o(.text)
    wr_dat                                   0x00000e2f   Thumb Code    32  glcd_spi_lpc1700.o(.text)
    wr_dat_start                             0x00000e4f   Thumb Code    10  glcd_spi_lpc1700.o(.text)
    wr_dat_only                              0x00000e59   Thumb Code    18  glcd_spi_lpc1700.o(.text)
    wr_reg                                   0x00000e6b   Thumb Code    16  glcd_spi_lpc1700.o(.text)
    rd_id_man                                0x00000e7b   Thumb Code   130  glcd_spi_lpc1700.o(.text)
    .text                                    0x00000efc   Section        0  blinky.o(.text)
    .text                                    0x000011b8   Section        0  uldiv.o(.text)
    .text                                    0x0000121a   Section        0  llushr.o(.text)
    .text                                    0x0000123c   Section       36  init.o(.text)
    i.__scatterload_copy                     0x00001260   Section       14  handlers.o(i.__scatterload_copy)
    i.__scatterload_zeroinit                 0x0000126e   Section       14  handlers.o(i.__scatterload_zeroinit)
    i._init_box                              0x0000127c   Section        0  rt_membox.o(i._init_box)
    i.dbg_init                               0x000012c4   Section        0  hal_cm.o(i.dbg_init)
    i.dbg_task_notify                        0x000012f4   Section        0  hal_cm.o(i.dbg_task_notify)
    i.dbg_task_switch                        0x00001314   Section        0  hal_cm.o(i.dbg_task_switch)
    i.isrMessagePut                          0x00001324   Section        0  rt_cmsis.o(i.isrMessagePut)
    isrMessagePut                            0x00001325   Thumb Code    44  rt_cmsis.o(i.isrMessagePut)
    i.isr_evt_set                            0x00001350   Section        0  rt_event.o(i.isr_evt_set)
    i.isr_mbx_receive                        0x00001378   Section        0  rt_mailbox.o(i.isr_mbx_receive)
    i.isr_mbx_send                           0x000013c8   Section        0  rt_mailbox.o(i.isr_mbx_send)
    i.osDelay                                0x000013d8   Section        0  rt_cmsis.o(i.osDelay)
    i.osKernelInitialize                     0x000013f0   Section        0  rt_cmsis.o(i.osKernelInitialize)
    i.osKernelStart                          0x00001414   Section        0  rt_cmsis.o(i.osKernelStart)
    i.osMessageGet                           0x00001480   Section        0  rt_cmsis.o(i.osMessageGet)
    i.osMutexCreate                          0x000014c4   Section        0  rt_cmsis.o(i.osMutexCreate)
    i.osMutexRelease                         0x000014f4   Section        0  rt_cmsis.o(i.osMutexRelease)
    i.osMutexWait                            0x0000150c   Section        0  rt_cmsis.o(i.osMutexWait)
    i.osSignalSet                            0x00001524   Section        0  rt_cmsis.o(i.osSignalSet)
    i.osSignalWait                           0x00001558   Section        0  rt_cmsis.o(i.osSignalWait)
    i.osThreadCreate                         0x00001570   Section        0  rt_cmsis.o(i.osThreadCreate)
    i.osThreadExit                           0x000015a0   Section        0  rt_cmsis.o(i.osThreadExit)
    i.osTimerCall                            0x000015b8   Section        0  rt_cmsis.o(i.osTimerCall)
    i.osTimerThread                          0x000015c4   Section        0  rt_cmsis.o(i.osTimerThread)
    i.os_tick_init                           0x000015f0   Section        0  rt_system.o(i.os_tick_init)
    i.rt_alloc_box                           0x00001618   Section        0  rt_membox.o(i.rt_alloc_box)
    i.rt_alloc_mem                           0x00001632   Section        0  rt_memory.o(i.rt_alloc_mem)
    i.rt_block                               0x00001670   Section        0  rt_task.o(i.rt_block)
    i.rt_chk_robin                           0x000016a8   Section        0  rt_robin.o(i.rt_chk_robin)
    i.rt_dec_dly                             0x000016f0   Section        0  rt_list.o(i.rt_dec_dly)
    i.rt_dispatch                            0x00001760   Section        0  rt_task.o(i.rt_dispatch)
    i.rt_dly_wait                            0x000017a4   Section        0  rt_time.o(i.rt_dly_wait)
    i.rt_evt_psh                             0x000017ac   Section        0  rt_event.o(i.rt_evt_psh)
    i.rt_evt_set                             0x000017fc   Section        0  rt_event.o(i.rt_evt_set)
    i.rt_evt_wait                            0x00001858   Section        0  rt_event.o(i.rt_evt_wait)
    i.rt_free_box                            0x00001894   Section        0  rt_membox.o(i.rt_free_box)
    i.rt_free_mem                            0x000018b4   Section        0  rt_memory.o(i.rt_free_mem)
    i.rt_get_first                           0x000018dc   Section        0  rt_list.o(i.rt_get_first)
    i.rt_id2obj                              0x00001904   Section        0  rt_cmsis.o(i.rt_id2obj)
    rt_id2obj                                0x00001905   Thumb Code     8  rt_cmsis.o(i.rt_id2obj)
    i.rt_init_context                        0x0000190c   Section        0  rt_task.o(i.rt_init_context)
    rt_init_context                          0x0000190d   Thumb Code    60  rt_task.o(i.rt_init_context)
    i.rt_init_mem                            0x0000194c   Section        0  rt_memory.o(i.rt_init_mem)
    i.rt_init_robin                          0x00001968   Section        0  rt_robin.o(i.rt_init_robin)
    i.rt_init_stack                          0x00001980   Section        0  hal_cm.o(i.rt_init_stack)
    i.rt_mbx_check                           0x000019d0   Section        0  rt_mailbox.o(i.rt_mbx_check)
    i.rt_mbx_init                            0x000019d8   Section        0  rt_mailbox.o(i.rt_mbx_init)
    i.rt_mbx_psh                             0x000019f4   Section        0  rt_mailbox.o(i.rt_mbx_psh)
    i.rt_mbx_wait                            0x00001ae4   Section        0  rt_mailbox.o(i.rt_mbx_wait)
    i.rt_ms2tick                             0x00001b94   Section        0  rt_cmsis.o(i.rt_ms2tick)
    rt_ms2tick                               0x00001b95   Thumb Code    50  rt_cmsis.o(i.rt_ms2tick)
    i.rt_mut_init                            0x00001bd0   Section        0  rt_mutex.o(i.rt_mut_init)
    i.rt_mut_release                         0x00001be0   Section        0  rt_mutex.o(i.rt_mut_release)
    i.rt_mut_wait                            0x00001c80   Section        0  rt_mutex.o(i.rt_mut_wait)
    i.rt_pop_req                             0x00001ce4   Section        0  rt_system.o(i.rt_pop_req)
    i.rt_psh_req                             0x00001d5c   Section        0  rt_system.o(i.rt_psh_req)
    i.rt_psq_enq                             0x00001d7c   Section        0  rt_list.o(i.rt_psq_enq)
    i.rt_put_dly                             0x00001dd4   Section        0  rt_list.o(i.rt_put_dly)
    i.rt_put_prio                            0x00001e1c   Section        0  rt_list.o(i.rt_put_prio)
    i.rt_put_rdy_first                       0x00001e54   Section        0  rt_list.o(i.rt_put_rdy_first)
    i.rt_resort_prio                         0x00001e68   Section        0  rt_list.o(i.rt_resort_prio)
    i.rt_ret_val                             0x00001e9c   Section        0  hal_cm.o(i.rt_ret_val)
    i.rt_ret_val2                            0x00001ea2   Section        0  hal_cm.o(i.rt_ret_val2)
    i.rt_rmv_dly                             0x00001eaa   Section        0  rt_list.o(i.rt_rmv_dly)
    i.rt_rmv_list                            0x00001ed4   Section        0  rt_list.o(i.rt_rmv_list)
    i.rt_sem_psh                             0x00001f04   Section        0  rt_semaphore.o(i.rt_sem_psh)
    i.rt_stk_check                           0x00001f38   Section        0  rt_system.o(i.rt_stk_check)
    i.rt_switch_req                          0x00001f5c   Section        0  rt_task.o(i.rt_switch_req)
    i.rt_sys_init                            0x00001f84   Section        0  rt_task.o(i.rt_sys_init)
    i.rt_sys_start                           0x00002090   Section        0  rt_task.o(i.rt_sys_start)
    i.rt_systick                             0x000020c4   Section        0  rt_system.o(i.rt_systick)
    i.rt_tid2ptcb                            0x00002100   Section        0  rt_cmsis.o(i.rt_tid2ptcb)
    rt_tid2ptcb                              0x00002101   Thumb Code    18  rt_cmsis.o(i.rt_tid2ptcb)
    i.rt_timer_insert                        0x00002114   Section        0  rt_cmsis.o(i.rt_timer_insert)
    rt_timer_insert                          0x00002115   Thumb Code    50  rt_cmsis.o(i.rt_timer_insert)
    i.rt_tsk_create                          0x0000214c   Section        0  rt_task.o(i.rt_tsk_create)
    i.rt_tsk_delete                          0x000021d0   Section        0  rt_task.o(i.rt_tsk_delete)
    i.rt_tsk_prio                            0x0000228c   Section        0  rt_task.o(i.rt_tsk_prio)
    i.rt_tsk_self                            0x00002300   Section        0  rt_task.o(i.rt_tsk_self)
    i.svcDelay                               0x00002310   Section        0  rt_cmsis.o(i.svcDelay)
    i.svcKernelInitialize                    0x00002324   Section        0  rt_cmsis.o(i.svcKernelInitialize)
    i.svcKernelStart                         0x00002394   Section        0  rt_cmsis.o(i.svcKernelStart)
    i.svcMessageCreate                       0x000023cc   Section        0  rt_cmsis.o(i.svcMessageCreate)
    i.svcMessageGet                          0x000023f0   Section        0  rt_cmsis.o(i.svcMessageGet)
    i.svcMutexCreate                         0x0000242a   Section        0  rt_cmsis.o(i.svcMutexCreate)
    i.svcMutexRelease                        0x00002446   Section        0  rt_cmsis.o(i.svcMutexRelease)
    i.svcMutexWait                           0x00002468   Section        0  rt_cmsis.o(i.svcMutexWait)
    i.svcSignalSet                           0x0000249e   Section        0  rt_cmsis.o(i.svcSignalSet)
    i.svcSignalWait                          0x000024c4   Section        0  rt_cmsis.o(i.svcSignalWait)
    i.svcThreadCreate                        0x00002518   Section        0  rt_cmsis.o(i.svcThreadCreate)
    i.svcThreadGetId                         0x00002588   Section        0  rt_cmsis.o(i.svcThreadGetId)
    i.svcThreadTerminate                     0x000025a4   Section        0  rt_cmsis.o(i.svcThreadTerminate)
    i.svcTimerCall                           0x000025dc   Section        0  rt_cmsis.o(i.svcTimerCall)
    i.sysTimerTick                           0x000025f4   Section        0  rt_cmsis.o(i.sysTimerTick)
    .constdata                               0x00002648   Section        4  rtx_conf_cm.o(.constdata)
    .constdata                               0x0000264c   Section        4  rtx_conf_cm.o(.constdata)
    .constdata                               0x00002650   Section        4  rtx_conf_cm.o(.constdata)
    .constdata                               0x00002654   Section        8  rtx_conf_cm.o(.constdata)
    __tagsym$$used                           0x00002654   Number         0  rtx_conf_cm.o(.constdata)
    __tagsym$$used                           0x00002658   Number         0  rtx_conf_cm.o(.constdata)
    .constdata                               0x0000265c   Section        2  rtx_conf_cm.o(.constdata)
    .constdata                               0x00002660   Section        4  rtx_conf_cm.o(.constdata)
    .constdata                               0x00002664   Section        4  rtx_conf_cm.o(.constdata)
    .constdata                               0x00002668   Section       16  rtx_conf_cm.o(.constdata)
    .constdata                               0x00002678   Section        8  rtx_conf_cm.o(.constdata)
    .constdata                               0x00002680   Section        2  rtx_conf_cm.o(.constdata)
    .constdata                               0x00002682   Section     6272  glcd_spi_lpc1700.o(.constdata)
    .constdata                               0x00003f04   Section       32  led.o(.constdata)
    .constdata                               0x00003f24   Section      100  blinky.o(.constdata)
    .data                                    0x10000000   Section        4  system_lpc17xx.o(.data)
    .data                                    0x10000004   Section        4  rtx_conf_cm.o(.data)
    .data                                    0x10000008   Section       16  rtx_conf_cm.o(.data)
    .data                                    0x10000018   Section        4  rtx_conf_cm.o(.data)
    .data                                    0x1000001c   Section        4  rtx_conf_cm.o(.data)
    .data                                    0x10000020   Section        6  glcd_spi_lpc1700.o(.data)
    Himax                                    0x10000020   Data           1  glcd_spi_lpc1700.o(.data)
    Color                                    0x10000022   Data           4  glcd_spi_lpc1700.o(.data)
    .data                                    0x10000028   Section       28  blinky.o(.data)
    .data                                    0x10000044   Section        8  rt_cmsis.o(.data)
    .data                                    0x1000004c   Section        8  rt_task.o(.data)
    .data                                    0x10000054   Section        8  rt_system.o(.data)
    os_lock                                  0x10000054   Data           1  rt_system.o(.data)
    os_psh_flag                              0x10000055   Data           1  rt_system.o(.data)
    pend_flags                               0x10000056   Data           1  rt_system.o(.data)
    .data                                    0x1000005c   Section        4  rt_time.o(.data)
    .data                                    0x10000060   Section        1  hal_cm.o(.data)
    .data                                    0x10000064   Section        8  rt_robin.o(.data)
    .bss                                     0x1000006c   Section      396  rtx_conf_cm.o(.bss)
    .bss                                     0x100001f8   Section     1416  rtx_conf_cm.o(.bss)
    .bss                                     0x10000780   Section      432  rtx_conf_cm.o(.bss)
    .bss                                     0x10000930   Section      132  rtx_conf_cm.o(.bss)
    .bss                                     0x100009b4   Section       32  rtx_conf_cm.o(.bss)
    .bss                                     0x100009d4   Section       32  rtx_conf_cm.o(.bss)
    .bss                                     0x100009f4   Section       12  blinky.o(.bss)
    .bss                                     0x10000a00   Section       48  rt_task.o(.bss)
    .bss                                     0x10000a30   Section       48  rt_list.o(.bss)
    STACK                                    0x10000a60   Section      512  startup_lpc17xx.o(STACK)

    Global Symbols

    Symbol Name                              Value     Ov Type        Size  Object(Section)

    BuildAttributes$$THM_ISAv4$P$D$K$B$S$PE$A:L22UL41UL21$X:L11$S22US41US21$IEEE1$IW$USESV6$~STKCKD$USESV7$~SHL$OSPACE$EBA8$MICROLIB$REQ8$PRES8$EABIv2 0x00000000   Number         0  anon$$obj.o ABSOLUTE
    __ARM_use_no_argv                        0x00000000   Number         0  blinky.o ABSOLUTE
    __Vectors                                0x00000000   Data           4  startup_lpc17xx.o(RESET)
    __cpp_initialize__aeabi_                  - Undefined Weak Reference
    __cxa_finalize                            - Undefined Weak Reference
    __decompress                              - Undefined Weak Reference
    _clock_init                               - Undefined Weak Reference
    _microlib_exit                            - Undefined Weak Reference
    __main                                   0x000000cd   Thumb Code     0  entry.o(.ARM.Collect$$$$00000000)
    _main_stk                                0x000000cd   Thumb Code     0  entry2.o(.ARM.Collect$$$$00000001)
    _main_scatterload                        0x000000d1   Thumb Code     0  entry5.o(.ARM.Collect$$$$00000004)
    __main_after_scatterload                 0x000000d5   Thumb Code     0  entry5.o(.ARM.Collect$$$$00000004)
    __rt_final_cpp                           0x000000d5   Thumb Code     0  entry10a.o(.ARM.Collect$$$$0000000D)
    __rt_final_exit                          0x000000d5   Thumb Code     0  entry11a.o(.ARM.Collect$$$$0000000F)
    _main_clock                              0x000000d5   Thumb Code     0  entry7b.o(.ARM.Collect$$$$00000008)
    _main_cpp_init                           0x000000d5   Thumb Code     0  entry8b.o(.ARM.Collect$$$$0000000A)
    _main_init                               0x000000d5   Thumb Code    18  rtx_conf_cm.o(.ARM.Collect$$$$000000FF)
    rt_set_PSP                               0x000000f1   Thumb Code     6  hal_cm3.o(.emb_text)
    rt_get_PSP                               0x000000f7   Thumb Code     6  hal_cm3.o(.emb_text)
    os_set_env                               0x000000fd   Thumb Code    24  hal_cm3.o(.emb_text)
    _alloc_box                               0x00000119   Thumb Code    28  hal_cm3.o(.emb_text)
    _free_box                                0x00000139   Thumb Code    28  hal_cm3.o(.emb_text)
    SVC_Handler                              0x00000159   Thumb Code   108  hal_cm3.o(.emb_text)
    PendSV_Handler                           0x000001d1   Thumb Code    56  hal_cm3.o(.emb_text)
    SysTick_Handler                          0x0000020d   Thumb Code     8  hal_cm3.o(.emb_text)
    OS_Tick_Handler                          0x00000215   Thumb Code    12  hal_cm3.o(.emb_text)
    Reset_Handler                            0x00000221   Thumb Code     8  startup_lpc17xx.o(.text)
    NMI_Handler                              0x00000229   Thumb Code     2  startup_lpc17xx.o(.text)
    HardFault_Handler                        0x0000022b   Thumb Code     2  startup_lpc17xx.o(.text)
    MemManage_Handler                        0x0000022d   Thumb Code     2  startup_lpc17xx.o(.text)
    BusFault_Handler                         0x0000022f   Thumb Code     2  startup_lpc17xx.o(.text)
    UsageFault_Handler                       0x00000231   Thumb Code     2  startup_lpc17xx.o(.text)
    DebugMon_Handler                         0x00000235   Thumb Code     2  startup_lpc17xx.o(.text)
    ADC_IRQHandler                           0x0000023b   Thumb Code     0  startup_lpc17xx.o(.text)
    BOD_IRQHandler                           0x0000023b   Thumb Code     0  startup_lpc17xx.o(.text)
    CANActivity_IRQHandler                   0x0000023b   Thumb Code     0  startup_lpc17xx.o(.text)
    CAN_IRQHandler                           0x0000023b   Thumb Code     0  startup_lpc17xx.o(.text)
    DMA_IRQHandler                           0x0000023b   Thumb Code     0  startup_lpc17xx.o(.text)
    EINT0_IRQHandler                         0x0000023b   Thumb Code     0  startup_lpc17xx.o(.text)
    EINT1_IRQHandler                         0x0000023b   Thumb Code     0  startup_lpc17xx.o(.text)
    EINT2_IRQHandler                         0x0000023b   Thumb Code     0  startup_lpc17xx.o(.text)
    EINT3_IRQHandler                         0x0000023b   Thumb Code     0  startup_lpc17xx.o(.text)
    ENET_IRQHandler                          0x0000023b   Thumb Code     0  startup_lpc17xx.o(.text)
    I2C0_IRQHandler                          0x0000023b   Thumb Code     0  startup_lpc17xx.o(.text)
    I2C1_IRQHandler                          0x0000023b   Thumb Code     0  startup_lpc17xx.o(.text)
    I2C2_IRQHandler                          0x0000023b   Thumb Code     0  startup_lpc17xx.o(.text)
    I2S_IRQHandler                           0x0000023b   Thumb Code     0  startup_lpc17xx.o(.text)
    MCPWM_IRQHandler                         0x0000023b   Thumb Code     0  startup_lpc17xx.o(.text)
    PLL0_IRQHandler                          0x0000023b   Thumb Code     0  startup_lpc17xx.o(.text)
    PLL1_IRQHandler                          0x0000023b   Thumb Code     0  startup_lpc17xx.o(.text)
    PWM1_IRQHandler                          0x0000023b   Thumb Code     0  startup_lpc17xx.o(.text)
    QEI_IRQHandler                           0x0000023b   Thumb Code     0  startup_lpc17xx.o(.text)
    RIT_IRQHandler                           0x0000023b   Thumb Code     0  startup_lpc17xx.o(.text)
    RTC_IRQHandler                           0x0000023b   Thumb Code     0  startup_lpc17xx.o(.text)
    SPI_IRQHandler                           0x0000023b   Thumb Code     0  startup_lpc17xx.o(.text)
    SSP0_IRQHandler                          0x0000023b   Thumb Code     0  startup_lpc17xx.o(.text)
    SSP1_IRQHandler                          0x0000023b   Thumb Code     0  startup_lpc17xx.o(.text)
    TIMER0_IRQHandler                        0x0000023b   Thumb Code     0  startup_lpc17xx.o(.text)
    TIMER1_IRQHandler                        0x0000023b   Thumb Code     0  startup_lpc17xx.o(.text)
    TIMER2_IRQHandler                        0x0000023b   Thumb Code     0  startup_lpc17xx.o(.text)
    TIMER3_IRQHandler                        0x0000023b   Thumb Code     0  startup_lpc17xx.o(.text)
    UART0_IRQHandler                         0x0000023b   Thumb Code     0  startup_lpc17xx.o(.text)
    UART1_IRQHandler                         0x0000023b   Thumb Code     0  startup_lpc17xx.o(.text)
    UART2_IRQHandler                         0x0000023b   Thumb Code     0  startup_lpc17xx.o(.text)
    UART3_IRQHandler                         0x0000023b   Thumb Code     0  startup_lpc17xx.o(.text)
    USBActivity_IRQHandler                   0x0000023b   Thumb Code     0  startup_lpc17xx.o(.text)
    USB_IRQHandler                           0x0000023b   Thumb Code     0  startup_lpc17xx.o(.text)
    WDT_IRQHandler                           0x0000023b   Thumb Code     0  startup_lpc17xx.o(.text)
    os_idle_demon                            0x00000245   Thumb Code     2  rtx_conf_cm.o(.text)
    os_error                                 0x00000247   Thumb Code     2  rtx_conf_cm.o(.text)
    LED_Init                                 0x00000249   Thumb Code    30  led.o(.text)
    LED_On                                   0x00000267   Thumb Code    28  led.o(.text)
    LED_Off                                  0x00000283   Thumb Code    28  led.o(.text)
    LED_Out                                  0x0000029f   Thumb Code    38  led.o(.text)
    __aeabi_llsl                             0x000002d1   Thumb Code    30  llshl.o(.text)
    _ll_shift_l                              0x000002d1   Thumb Code     0  llshl.o(.text)
    SVC_Count                                0x000002f0   Data           4  SVC_Table.o(SVC_TABLE)
    SVC_Table                                0x000002f4   Data           0  SVC_Table.o(SVC_TABLE)
    __scatterload_null                       0x000002f5   Thumb Code     2  handlers.o(i.__scatterload_null)
    os_tick_irqack                           0x000002f7   Thumb Code     2  rt_system.o(i.os_tick_irqack)
    os_maxtaskrun                            0x000002f8   Data           2  rtx_conf_cm.o(.constdata)
    os_flags                                 0x000002fa   Data           1  rtx_conf_cm.o(.constdata)
    os_fifo_size                             0x000002fb   Data           1  rtx_conf_cm.o(.constdata)
    SystemCoreClockUpdate                    0x00000301   Thumb Code   194  system_lpc17xx.o(.text)
    SystemInit                               0x000003c3   Thumb Code   188  system_lpc17xx.o(.text)
    __RL_RTX_VER                             0x00000450   Number         0  rt_system.o ABSOLUTE
    GLCD_Init                                0x0000050b   Thumb Code  1472  glcd_spi_lpc1700.o(.text)
    GLCD_SetWindow                           0x00000acb   Thumb Code   148  glcd_spi_lpc1700.o(.text)
    GLCD_WindowMax                           0x00000b5f   Thumb Code    12  glcd_spi_lpc1700.o(.text)
    GLCD_PutPixel                            0x00000b6b   Thumb Code   118  glcd_spi_lpc1700.o(.text)
    GLCD_SetTextColor                        0x00000be1   Thumb Code     8  glcd_spi_lpc1700.o(.text)
    GLCD_SetBackColor                        0x00000be9   Thumb Code     8  glcd_spi_lpc1700.o(.text)
    GLCD_Clear                               0x00000bf1   Thumb Code    44  glcd_spi_lpc1700.o(.text)
    GLCD_DrawChar                            0x00000c1d   Thumb Code   138  glcd_spi_lpc1700.o(.text)
    GLCD_DisplayChar                         0x00000ca7   Thumb Code    66  glcd_spi_lpc1700.o(.text)
    GLCD_DisplayString                       0x00000ce9   Thumb Code    36  glcd_spi_lpc1700.o(.text)
    GLCD_ClearLn                             0x00000d0d   Thumb Code    72  glcd_spi_lpc1700.o(.text)
    GLCD_Bargraph                            0x00000d55   Thumb Code    84  glcd_spi_lpc1700.o(.text)
    GLCD_Bitmap                              0x00000da9   Thumb Code    64  glcd_spi_lpc1700.o(.text)
    GLCD_ScrollVertical                      0x00000de9   Thumb Code     2  glcd_spi_lpc1700.o(.text)
    GLCD_WrCmd                               0x00000deb   Thumb Code     4  glcd_spi_lpc1700.o(.text)
    GLCD_WrReg                               0x00000def   Thumb Code     4  glcd_spi_lpc1700.o(.text)
    LED_on                                   0x00000efd   Thumb Code    58  blinky.o(.text)
    LED_off                                  0x00000f37   Thumb Code    58  blinky.o(.text)
    signal_func                              0x00000f71   Thumb Code    62  blinky.o(.text)
    phaseA                                   0x00000faf   Thumb Code    34  blinky.o(.text)
    phaseB                                   0x00000fd1   Thumb Code    34  blinky.o(.text)
    phaseC                                   0x00000ff3   Thumb Code    34  blinky.o(.text)
    phaseD                                   0x00001015   Thumb Code    34  blinky.o(.text)
    clock                                    0x00001037   Thumb Code    36  blinky.o(.text)
    lcd                                      0x0000105b   Thumb Code   154  blinky.o(.text)
    main                                     0x000010f5   Thumb Code   116  blinky.o(.text)
    __aeabi_uldivmod                         0x000011b9   Thumb Code    98  uldiv.o(.text)
    __aeabi_llsr                             0x0000121b   Thumb Code    32  llushr.o(.text)
    _ll_ushift_r                             0x0000121b   Thumb Code     0  llushr.o(.text)
    __scatterload                            0x0000123d   Thumb Code    28  init.o(.text)
    __scatterload_rt2                        0x0000123d   Thumb Code     0  init.o(.text)
    __scatterload_copy                       0x00001261   Thumb Code    14  handlers.o(i.__scatterload_copy)
    __scatterload_zeroinit                   0x0000126f   Thumb Code    14  handlers.o(i.__scatterload_zeroinit)
    _init_box                                0x0000127d   Thumb Code    70  rt_membox.o(i._init_box)
    dbg_init                                 0x000012c5   Thumb Code    34  hal_cm.o(i.dbg_init)
    dbg_task_notify                          0x000012f5   Thumb Code    32  hal_cm.o(i.dbg_task_notify)
    dbg_task_switch                          0x00001315   Thumb Code    16  hal_cm.o(i.dbg_task_switch)
    isr_evt_set                              0x00001351   Thumb Code    34  rt_event.o(i.isr_evt_set)
    isr_mbx_receive                          0x00001379   Thumb Code    80  rt_mailbox.o(i.isr_mbx_receive)
    isr_mbx_send                             0x000013c9   Thumb Code    14  rt_mailbox.o(i.isr_mbx_send)
    osDelay                                  0x000013d9   Thumb Code    18  rt_cmsis.o(i.osDelay)
    osKernelInitialize                       0x000013f1   Thumb Code    30  rt_cmsis.o(i.osKernelInitialize)
    osKernelStart                            0x00001415   Thumb Code    98  rt_cmsis.o(i.osKernelStart)
    osMessageGet                             0x00001481   Thumb Code    62  rt_cmsis.o(i.osMessageGet)
    osMutexCreate                            0x000014c5   Thumb Code    38  rt_cmsis.o(i.osMutexCreate)
    osMutexRelease                           0x000014f5   Thumb Code    18  rt_cmsis.o(i.osMutexRelease)
    osMutexWait                              0x0000150d   Thumb Code    18  rt_cmsis.o(i.osMutexWait)
    osSignalSet                              0x00001525   Thumb Code    48  rt_cmsis.o(i.osSignalSet)
    osSignalWait                             0x00001559   Thumb Code    18  rt_cmsis.o(i.osSignalWait)
    osThreadCreate                           0x00001571   Thumb Code    38  rt_cmsis.o(i.osThreadCreate)
    osThreadExit                             0x000015a1   Thumb Code    14  rt_cmsis.o(i.osThreadExit)
    osTimerCall                              0x000015b9   Thumb Code     8  rt_cmsis.o(i.osTimerCall)
    osTimerThread                            0x000015c5   Thumb Code    38  rt_cmsis.o(i.osTimerThread)
    os_tick_init                             0x000015f1   Thumb Code    32  rt_system.o(i.os_tick_init)
    rt_alloc_box                             0x00001619   Thumb Code    26  rt_membox.o(i.rt_alloc_box)
    rt_alloc_mem                             0x00001633   Thumb Code    60  rt_memory.o(i.rt_alloc_mem)
    rt_block                                 0x00001671   Thumb Code    48  rt_task.o(i.rt_block)
    rt_chk_robin                             0x000016a9   Thumb Code    60  rt_robin.o(i.rt_chk_robin)
    rt_dec_dly                               0x000016f1   Thumb Code   102  rt_list.o(i.rt_dec_dly)
    rt_dispatch                              0x00001761   Thumb Code    60  rt_task.o(i.rt_dispatch)
    rt_dly_wait                              0x000017a5   Thumb Code     6  rt_time.o(i.rt_dly_wait)
    rt_evt_psh                               0x000017ad   Thumb Code    76  rt_event.o(i.rt_evt_psh)
    rt_evt_set                               0x000017fd   Thumb Code    88  rt_event.o(i.rt_evt_set)
    rt_evt_wait                              0x00001859   Thumb Code    56  rt_event.o(i.rt_evt_wait)
    rt_free_box                              0x00001895   Thumb Code    32  rt_membox.o(i.rt_free_box)
    rt_free_mem                              0x000018b5   Thumb Code    40  rt_memory.o(i.rt_free_mem)
    rt_get_first                             0x000018dd   Thumb Code    40  rt_list.o(i.rt_get_first)
    rt_init_mem                              0x0000194d   Thumb Code    26  rt_memory.o(i.rt_init_mem)
    rt_init_robin                            0x00001969   Thumb Code    14  rt_robin.o(i.rt_init_robin)
    rt_init_stack                            0x00001981   Thumb Code    70  hal_cm.o(i.rt_init_stack)
    rt_mbx_check                             0x000019d1   Thumb Code     8  rt_mailbox.o(i.rt_mbx_check)
    rt_mbx_init                              0x000019d9   Thumb Code    28  rt_mailbox.o(i.rt_mbx_init)
    rt_mbx_psh                               0x000019f5   Thumb Code   234  rt_mailbox.o(i.rt_mbx_psh)
    rt_mbx_wait                              0x00001ae5   Thumb Code   170  rt_mailbox.o(i.rt_mbx_wait)
    rt_mut_init                              0x00001bd1   Thumb Code    16  rt_mutex.o(i.rt_mut_init)
    rt_mut_release                           0x00001be1   Thumb Code   150  rt_mutex.o(i.rt_mut_release)
    rt_mut_wait                              0x00001c81   Thumb Code    96  rt_mutex.o(i.rt_mut_wait)
    rt_pop_req                               0x00001ce5   Thumb Code   106  rt_system.o(i.rt_pop_req)
    rt_psh_req                               0x00001d5d   Thumb Code    22  rt_system.o(i.rt_psh_req)
    rt_psq_enq                               0x00001d7d   Thumb Code    82  rt_list.o(i.rt_psq_enq)
    rt_put_dly                               0x00001dd5   Thumb Code    68  rt_list.o(i.rt_put_dly)
    rt_put_prio                              0x00001e1d   Thumb Code    54  rt_list.o(i.rt_put_prio)
    rt_put_rdy_first                         0x00001e55   Thumb Code    14  rt_list.o(i.rt_put_rdy_first)
    rt_resort_prio                           0x00001e69   Thumb Code    46  rt_list.o(i.rt_resort_prio)
    rt_ret_val                               0x00001e9d   Thumb Code     6  hal_cm.o(i.rt_ret_val)
    rt_ret_val2                              0x00001ea3   Thumb Code     8  hal_cm.o(i.rt_ret_val2)
    rt_rmv_dly                               0x00001eab   Thumb Code    40  rt_list.o(i.rt_rmv_dly)
    rt_rmv_list                              0x00001ed5   Thumb Code    44  rt_list.o(i.rt_rmv_list)
    rt_sem_psh                               0x00001f05   Thumb Code    48  rt_semaphore.o(i.rt_sem_psh)
    rt_stk_check                             0x00001f39   Thumb Code    28  rt_system.o(i.rt_stk_check)
    rt_switch_req                            0x00001f5d   Thumb Code    30  rt_task.o(i.rt_switch_req)
    rt_sys_init                              0x00001f85   Thumb Code   200  rt_task.o(i.rt_sys_init)
    rt_sys_start                             0x00002091   Thumb Code    44  rt_task.o(i.rt_sys_start)
    rt_systick                               0x000020c5   Thumb Code    48  rt_system.o(i.rt_systick)
    rt_tsk_create                            0x0000214d   Thumb Code   116  rt_task.o(i.rt_tsk_create)
    rt_tsk_delete                            0x000021d1   Thumb Code   162  rt_task.o(i.rt_tsk_delete)
    rt_tsk_prio                              0x0000228d   Thumb Code    98  rt_task.o(i.rt_tsk_prio)
    rt_tsk_self                              0x00002301   Thumb Code    12  rt_task.o(i.rt_tsk_self)
    svcDelay                                 0x00002311   Thumb Code    20  rt_cmsis.o(i.svcDelay)
    svcKernelInitialize                      0x00002325   Thumb Code    78  rt_cmsis.o(i.svcKernelInitialize)
    svcKernelStart                           0x00002395   Thumb Code    46  rt_cmsis.o(i.svcKernelStart)
    svcMessageCreate                         0x000023cd   Thumb Code    36  rt_cmsis.o(i.svcMessageCreate)
    svcMessageGet                            0x000023f1   Thumb Code    58  rt_cmsis.o(i.svcMessageGet)
    svcMutexCreate                           0x0000242b   Thumb Code    28  rt_cmsis.o(i.svcMutexCreate)
    svcMutexRelease                          0x00002447   Thumb Code    34  rt_cmsis.o(i.svcMutexRelease)
    svcMutexWait                             0x00002469   Thumb Code    54  rt_cmsis.o(i.svcMutexWait)
    svcSignalSet                             0x0000249f   Thumb Code    36  rt_cmsis.o(i.svcSignalSet)
    svcSignalWait                            0x000024c5   Thumb Code    80  rt_cmsis.o(i.svcSignalWait)
    svcThreadCreate                          0x00002519   Thumb Code   100  rt_cmsis.o(i.svcThreadCreate)
    svcThreadGetId                           0x00002589   Thumb Code    22  rt_cmsis.o(i.svcThreadGetId)
    svcThreadTerminate                       0x000025a5   Thumb Code    50  rt_cmsis.o(i.svcThreadTerminate)
    svcTimerCall                             0x000025dd   Thumb Code    24  rt_cmsis.o(i.svcTimerCall)
    sysTimerTick                             0x000025f5   Thumb Code    76  rt_cmsis.o(i.sysTimerTick)
    os_stackinfo                             0x00002648   Data           4  rtx_conf_cm.o(.constdata)
    os_rrobin                                0x0000264c   Data           4  rtx_conf_cm.o(.constdata)
    os_trv                                   0x00002650   Data           4  rtx_conf_cm.o(.constdata)
    os_clockrate                             0x00002654   Data           4  rtx_conf_cm.o(.constdata)
    os_timernum                              0x00002658   Data           4  rtx_conf_cm.o(.constdata)
    mp_tcb_size                              0x0000265c   Data           2  rtx_conf_cm.o(.constdata)
    mp_stk_size                              0x00002660   Data           4  rtx_conf_cm.o(.constdata)
    os_stack_sz                              0x00002664   Data           4  rtx_conf_cm.o(.constdata)
    os_thread_def_osTimerThread              0x00002668   Data          16  rtx_conf_cm.o(.constdata)
    os_messageQ_def_osTimerMessageQ          0x00002678   Data           8  rtx_conf_cm.o(.constdata)
    mp_tmr_size                              0x00002680   Data           2  rtx_conf_cm.o(.constdata)
    Font_6x8_h                               0x00002682   Data         896  glcd_spi_lpc1700.o(.constdata)
    Font_16x24_h                             0x00002a02   Data        5376  glcd_spi_lpc1700.o(.constdata)
    led_mask                                 0x00003f04   Data          32  led.o(.constdata)
    os_mutex_def_mut_GLCD                    0x00003f24   Data           4  blinky.o(.constdata)
    os_thread_def_phaseA                     0x00003f28   Data          16  blinky.o(.constdata)
    os_thread_def_phaseB                     0x00003f38   Data          16  blinky.o(.constdata)
    os_thread_def_phaseC                     0x00003f48   Data          16  blinky.o(.constdata)
    os_thread_def_phaseD                     0x00003f58   Data          16  blinky.o(.constdata)
    os_thread_def_clock                      0x00003f68   Data          16  blinky.o(.constdata)
    os_thread_def_lcd                        0x00003f78   Data          16  blinky.o(.constdata)
    Region$$Table$$Base                      0x00003f88   Number         0  anon$$obj.o(Region$$Table)
    Region$$Table$$Limit                     0x00003fa8   Number         0  anon$$obj.o(Region$$Table)
    SystemCoreClock                          0x10000000   Data           4  system_lpc17xx.o(.data)
    m_tmr                                    0x10000004   Data           4  rtx_conf_cm.o(.data)
    os_thread_def_main                       0x10000008   Data          16  rtx_conf_cm.o(.data)
    osThreadId_osTimerThread                 0x10000018   Data           4  rtx_conf_cm.o(.data)
    osMessageQId_osTimerMessageQ             0x1000001c   Data           4  rtx_conf_cm.o(.data)
    tid_phaseA                               0x10000028   Data           4  blinky.o(.data)
    tid_phaseB                               0x1000002c   Data           4  blinky.o(.data)
    tid_phaseC                               0x10000030   Data           4  blinky.o(.data)
    tid_phaseD                               0x10000034   Data           4  blinky.o(.data)
    tid_clock                                0x10000038   Data           4  blinky.o(.data)
    tid_lcd                                  0x1000003c   Data           4  blinky.o(.data)
    mut_GLCD                                 0x10000040   Data           4  blinky.o(.data)
    os_initialized                           0x10000044   Data           1  rt_cmsis.o(.data)
    os_running                               0x10000045   Data           1  rt_cmsis.o(.data)
    os_timer_head                            0x10000048   Data           4  rt_cmsis.o(.data)
    os_tsk                                   0x1000004c   Data           8  rt_task.o(.data)
    os_tick_irqn                             0x10000058   Data           4  rt_system.o(.data)
    os_time                                  0x1000005c   Data           4  rt_time.o(.data)
    dbg_msg                                  0x10000060   Data           1  hal_cm.o(.data)
    os_robin                                 0x10000064   Data           8  rt_robin.o(.data)
    mp_tcb                                   0x1000006c   Data         396  rtx_conf_cm.o(.bss)
    mp_stk                                   0x100001f8   Data        1416  rtx_conf_cm.o(.bss)
    os_stack_mem                             0x10000780   Data         432  rtx_conf_cm.o(.bss)
    os_fifo                                  0x10000930   Data         132  rtx_conf_cm.o(.bss)
    os_active_TCB                            0x100009b4   Data          32  rtx_conf_cm.o(.bss)
    os_messageQ_q_osTimerMessageQ            0x100009d4   Data          32  rtx_conf_cm.o(.bss)
    os_mutex_cb_mut_GLCD                     0x100009f4   Data          12  blinky.o(.bss)
    os_idle_TCB                              0x10000a00   Data          48  rt_task.o(.bss)
    os_rdy                                   0x10000a30   Data          24  rt_list.o(.bss)
    os_dly                                   0x10000a48   Data          24  rt_list.o(.bss)
    __initial_sp                             0x10000c60   Data           0  startup_lpc17xx.o(STACK)



==============================================================================

Memory Map of the image

  Image Entry point : 0x000000cd

  Load Region LR_IROM1 (Base: 0x00000000, Size: 0x00004014, Max: 0x00080000, ABSOLUTE)

    Execution Region ER_IROM1 (Base: 0x00000000, Size: 0x00003fa8, Max: 0x00080000, ABSOLUTE)

    Base Addr    Size         Type   Attr      Idx    E Section Name        Object

    0x00000000   0x000000cc   Data   RO            3    RESET               startup_lpc17xx.o
    0x000000cc   0x00000000   Code   RO         1372  * .ARM.Collect$$$$00000000  mc_w.l(entry.o)
    0x000000cc   0x00000004   Code   RO         1377    .ARM.Collect$$$$00000001  mc_w.l(entry2.o)
    0x000000d0   0x00000004   Code   RO         1380    .ARM.Collect$$$$00000004  mc_w.l(entry5.o)
    0x000000d4   0x00000000   Code   RO         1382    .ARM.Collect$$$$00000008  mc_w.l(entry7b.o)
    0x000000d4   0x00000000   Code   RO         1384    .ARM.Collect$$$$0000000A  mc_w.l(entry8b.o)
    0x000000d4   0x00000000   Code   RO         1385    .ARM.Collect$$$$0000000D  mc_w.l(entry10a.o)
    0x000000d4   0x00000000   Code   RO         1387    .ARM.Collect$$$$0000000F  mc_w.l(entry11a.o)
    0x000000d4   0x00000018   Code   RO           56    .ARM.Collect$$$$000000FF  rtx_conf_cm.o
    0x000000ec   0x00000004   Code   RO         1378    .ARM.Collect$$$$00002712  mc_w.l(entry2.o)
    0x000000f0   0x00000130   Code   RO         1359    .emb_text           RTX_CM3.lib(hal_cm3.o)
    0x00000220   0x00000024   Code   RO            5    .text               startup_lpc17xx.o
    0x00000244   0x00000004   Code   RO           57    .text               rtx_conf_cm.o
    0x00000248   0x00000088   Code   RO          159    .text               led.o
    0x000002d0   0x0000001e   Code   RO         1389    .text               mc_w.l(llshl.o)
    0x000002ee   0x00000002   PAD
    0x000002f0   0x00000004   Code   RO         1369    SVC_TABLE           RTX_CM3.lib(SVC_Table.o)
    0x000002f4   0x00000002   Code   RO         1398    i.__scatterload_null  mc_w.l(handlers.o)
    0x000002f6   0x00000002   Code   RO          876    i.os_tick_irqack    RTX_CM3.lib(rt_system.o)
    0x000002f8   0x00000002   Data   RO           64    .constdata          rtx_conf_cm.o
    0x000002fa   0x00000001   Data   RO           71    .constdata          rtx_conf_cm.o
    0x000002fb   0x00000001   Data   RO           76    .constdata          rtx_conf_cm.o
    0x000002fc   0x00000004   Code   RO            4    .ARM.__at_0x02FC    startup_lpc17xx.o
    0x00000300   0x000001a0   Code   RO           15    .text               system_lpc17xx.o
    0x000004a0   0x00000a5c   Code   RO          114    .text               glcd_spi_lpc1700.o
    0x00000efc   0x000002bc   Code   RO          186    .text               blinky.o
    0x000011b8   0x00000062   Code   RO         1375    .text               mc_w.l(uldiv.o)
    0x0000121a   0x00000020   Code   RO         1391    .text               mc_w.l(llushr.o)
    0x0000123a   0x00000002   PAD
    0x0000123c   0x00000024   Code   RO         1393    .text               mc_w.l(init.o)
    0x00001260   0x0000000e   Code   RO         1397    i.__scatterload_copy  mc_w.l(handlers.o)
    0x0000126e   0x0000000e   Code   RO         1399    i.__scatterload_zeroinit  mc_w.l(handlers.o)
    0x0000127c   0x00000046   Code   RO         1237    i._init_box         RTX_CM3.lib(rt_membox.o)
    0x000012c2   0x00000002   PAD
    0x000012c4   0x00000030   Code   RO         1290    i.dbg_init          RTX_CM3.lib(hal_cm.o)
    0x000012f4   0x00000020   Code   RO         1291    i.dbg_task_notify   RTX_CM3.lib(hal_cm.o)
    0x00001314   0x00000010   Code   RO         1292    i.dbg_task_switch   RTX_CM3.lib(hal_cm.o)
    0x00001324   0x0000002c   Code   RO          215    i.isrMessagePut     RTX_CM3.lib(rt_cmsis.o)
    0x00001350   0x00000028   Code   RO          965    i.isr_evt_set       RTX_CM3.lib(rt_event.o)
    0x00001378   0x00000050   Code   RO         1083    i.isr_mbx_receive   RTX_CM3.lib(rt_mailbox.o)
    0x000013c8   0x0000000e   Code   RO         1084    i.isr_mbx_send      RTX_CM3.lib(rt_mailbox.o)
    0x000013d6   0x00000002   PAD
    0x000013d8   0x00000018   Code   RO          216    i.osDelay           RTX_CM3.lib(rt_cmsis.o)
    0x000013f0   0x00000024   Code   RO          217    i.osKernelInitialize  RTX_CM3.lib(rt_cmsis.o)
    0x00001414   0x0000006c   Code   RO          219    i.osKernelStart     RTX_CM3.lib(rt_cmsis.o)
    0x00001480   0x00000044   Code   RO          228    i.osMessageGet      RTX_CM3.lib(rt_cmsis.o)
    0x000014c4   0x00000030   Code   RO          230    i.osMutexCreate     RTX_CM3.lib(rt_cmsis.o)
    0x000014f4   0x00000018   Code   RO          232    i.osMutexRelease    RTX_CM3.lib(rt_cmsis.o)
    0x0000150c   0x00000018   Code   RO          233    i.osMutexWait       RTX_CM3.lib(rt_cmsis.o)
    0x00001524   0x00000034   Code   RO          243    i.osSignalSet       RTX_CM3.lib(rt_cmsis.o)
    0x00001558   0x00000018   Code   RO          244    i.osSignalWait      RTX_CM3.lib(rt_cmsis.o)
    0x00001570   0x00000030   Code   RO          245    i.osThreadCreate    RTX_CM3.lib(rt_cmsis.o)
    0x000015a0   0x00000018   Code   RO          246    i.osThreadExit      RTX_CM3.lib(rt_cmsis.o)
    0x000015b8   0x0000000c   Code   RO          252    i.osTimerCall       RTX_CM3.lib(rt_cmsis.o)
    0x000015c4   0x0000002c   Code   RO          257    i.osTimerThread     RTX_CM3.lib(rt_cmsis.o)
    0x000015f0   0x00000028   Code   RO          875    i.os_tick_init      RTX_CM3.lib(rt_system.o)
    0x00001618   0x0000001a   Code   RO         1238    i.rt_alloc_box      RTX_CM3.lib(rt_membox.o)
    0x00001632   0x0000003c   Code   RO         1266    i.rt_alloc_mem      RTX_CM3.lib(rt_memory.o)
    0x0000166e   0x00000002   PAD
    0x00001670   0x00000038   Code   RO          790    i.rt_block          RTX_CM3.lib(rt_task.o)
    0x000016a8   0x00000048   Code   RO         1338    i.rt_chk_robin      RTX_CM3.lib(rt_robin.o)
    0x000016f0   0x00000070   Code   RO         1007    i.rt_dec_dly        RTX_CM3.lib(rt_list.o)
    0x00001760   0x00000044   Code   RO          791    i.rt_dispatch       RTX_CM3.lib(rt_task.o)
    0x000017a4   0x00000006   Code   RO         1173    i.rt_dly_wait       RTX_CM3.lib(rt_time.o)
    0x000017aa   0x00000002   PAD
    0x000017ac   0x00000050   Code   RO          968    i.rt_evt_psh        RTX_CM3.lib(rt_event.o)
    0x000017fc   0x0000005c   Code   RO          969    i.rt_evt_set        RTX_CM3.lib(rt_event.o)
    0x00001858   0x0000003c   Code   RO          970    i.rt_evt_wait       RTX_CM3.lib(rt_event.o)
    0x00001894   0x00000020   Code   RO         1239    i.rt_free_box       RTX_CM3.lib(rt_membox.o)
    0x000018b4   0x00000028   Code   RO         1267    i.rt_free_mem       RTX_CM3.lib(rt_memory.o)
    0x000018dc   0x00000028   Code   RO         1008    i.rt_get_first      RTX_CM3.lib(rt_list.o)
    0x00001904   0x00000008   Code   RO          260    i.rt_id2obj         RTX_CM3.lib(rt_cmsis.o)
    0x0000190c   0x00000040   Code   RO          792    i.rt_init_context   RTX_CM3.lib(rt_task.o)
    0x0000194c   0x0000001a   Code   RO         1268    i.rt_init_mem       RTX_CM3.lib(rt_memory.o)
    0x00001966   0x00000002   PAD
    0x00001968   0x00000018   Code   RO         1339    i.rt_init_robin     RTX_CM3.lib(rt_robin.o)
    0x00001980   0x00000050   Code   RO         1293    i.rt_init_stack     RTX_CM3.lib(hal_cm.o)
    0x000019d0   0x00000008   Code   RO         1085    i.rt_mbx_check      RTX_CM3.lib(rt_mailbox.o)
    0x000019d8   0x0000001c   Code   RO         1086    i.rt_mbx_init       RTX_CM3.lib(rt_mailbox.o)
    0x000019f4   0x000000f0   Code   RO         1087    i.rt_mbx_psh        RTX_CM3.lib(rt_mailbox.o)
    0x00001ae4   0x000000b0   Code   RO         1089    i.rt_mbx_wait       RTX_CM3.lib(rt_mailbox.o)
    0x00001b94   0x0000003c   Code   RO          261    i.rt_ms2tick        RTX_CM3.lib(rt_cmsis.o)
    0x00001bd0   0x00000010   Code   RO         1207    i.rt_mut_init       RTX_CM3.lib(rt_mutex.o)
    0x00001be0   0x000000a0   Code   RO         1208    i.rt_mut_release    RTX_CM3.lib(rt_mutex.o)
    0x00001c80   0x00000064   Code   RO         1209    i.rt_mut_wait       RTX_CM3.lib(rt_mutex.o)
    0x00001ce4   0x00000078   Code   RO          879    i.rt_pop_req        RTX_CM3.lib(rt_system.o)
    0x00001d5c   0x00000020   Code   RO          880    i.rt_psh_req        RTX_CM3.lib(rt_system.o)
    0x00001d7c   0x00000058   Code   RO         1010    i.rt_psq_enq        RTX_CM3.lib(rt_list.o)
    0x00001dd4   0x00000048   Code   RO         1011    i.rt_put_dly        RTX_CM3.lib(rt_list.o)
    0x00001e1c   0x00000036   Code   RO         1012    i.rt_put_prio       RTX_CM3.lib(rt_list.o)
    0x00001e52   0x00000002   PAD
    0x00001e54   0x00000014   Code   RO         1013    i.rt_put_rdy_first  RTX_CM3.lib(rt_list.o)
    0x00001e68   0x00000034   Code   RO         1014    i.rt_resort_prio    RTX_CM3.lib(rt_list.o)
    0x00001e9c   0x00000006   Code   RO         1294    i.rt_ret_val        RTX_CM3.lib(hal_cm.o)
    0x00001ea2   0x00000008   Code   RO         1295    i.rt_ret_val2       RTX_CM3.lib(hal_cm.o)
    0x00001eaa   0x00000028   Code   RO         1015    i.rt_rmv_dly        RTX_CM3.lib(rt_list.o)
    0x00001ed2   0x00000002   PAD
    0x00001ed4   0x00000030   Code   RO         1016    i.rt_rmv_list       RTX_CM3.lib(rt_list.o)
    0x00001f04   0x00000034   Code   RO         1134    i.rt_sem_psh        RTX_CM3.lib(rt_semaphore.o)
    0x00001f38   0x00000024   Code   RO          882    i.rt_stk_check      RTX_CM3.lib(rt_system.o)
    0x00001f5c   0x00000028   Code   RO          793    i.rt_switch_req     RTX_CM3.lib(rt_task.o)
    0x00001f84   0x0000010c   Code   RO          794    i.rt_sys_init       RTX_CM3.lib(rt_task.o)
    0x00002090   0x00000034   Code   RO          795    i.rt_sys_start      RTX_CM3.lib(rt_task.o)
    0x000020c4   0x0000003c   Code   RO          884    i.rt_systick        RTX_CM3.lib(rt_system.o)
    0x00002100   0x00000012   Code   RO          262    i.rt_tid2ptcb       RTX_CM3.lib(rt_cmsis.o)
    0x00002112   0x00000002   PAD
    0x00002114   0x00000038   Code   RO          263    i.rt_timer_insert   RTX_CM3.lib(rt_cmsis.o)
    0x0000214c   0x00000084   Code   RO          796    i.rt_tsk_create     RTX_CM3.lib(rt_task.o)
    0x000021d0   0x000000bc   Code   RO          797    i.rt_tsk_delete     RTX_CM3.lib(rt_task.o)
    0x0000228c   0x00000074   Code   RO          799    i.rt_tsk_prio       RTX_CM3.lib(rt_task.o)
    0x00002300   0x00000010   Code   RO          800    i.rt_tsk_self       RTX_CM3.lib(rt_task.o)
    0x00002310   0x00000014   Code   RO          265    i.svcDelay          RTX_CM3.lib(rt_cmsis.o)
    0x00002324   0x00000070   Code   RO          266    i.svcKernelInitialize  RTX_CM3.lib(rt_cmsis.o)
    0x00002394   0x00000038   Code   RO          268    i.svcKernelStart    RTX_CM3.lib(rt_cmsis.o)
    0x000023cc   0x00000024   Code   RO          271    i.svcMessageCreate  RTX_CM3.lib(rt_cmsis.o)
    0x000023f0   0x0000003a   Code   RO          272    i.svcMessageGet     RTX_CM3.lib(rt_cmsis.o)
    0x0000242a   0x0000001c   Code   RO          274    i.svcMutexCreate    RTX_CM3.lib(rt_cmsis.o)
    0x00002446   0x00000022   Code   RO          276    i.svcMutexRelease   RTX_CM3.lib(rt_cmsis.o)
    0x00002468   0x00000036   Code   RO          277    i.svcMutexWait      RTX_CM3.lib(rt_cmsis.o)
    0x0000249e   0x00000024   Code   RO          284    i.svcSignalSet      RTX_CM3.lib(rt_cmsis.o)
    0x000024c2   0x00000002   PAD
    0x000024c4   0x00000054   Code   RO          285    i.svcSignalWait     RTX_CM3.lib(rt_cmsis.o)
    0x00002518   0x00000070   Code   RO          286    i.svcThreadCreate   RTX_CM3.lib(rt_cmsis.o)
    0x00002588   0x0000001c   Code   RO          287    i.svcThreadGetId    RTX_CM3.lib(rt_cmsis.o)
    0x000025a4   0x00000038   Code   RO          290    i.svcThreadTerminate  RTX_CM3.lib(rt_cmsis.o)
    0x000025dc   0x00000018   Code   RO          292    i.svcTimerCall      RTX_CM3.lib(rt_cmsis.o)
    0x000025f4   0x00000054   Code   RO          301    i.sysTimerTick      RTX_CM3.lib(rt_cmsis.o)
    0x00002648   0x00000004   Data   RO           65    .constdata          rtx_conf_cm.o
    0x0000264c   0x00000004   Data   RO           66    .constdata          rtx_conf_cm.o
    0x00002650   0x00000004   Data   RO           70    .constdata          rtx_conf_cm.o
    0x00002654   0x00000008   Data   RO           72    .constdata          rtx_conf_cm.o
    0x0000265c   0x00000002   Data   RO           73    .constdata          rtx_conf_cm.o
    0x0000265e   0x00000002   PAD
    0x00002660   0x00000004   Data   RO           74    .constdata          rtx_conf_cm.o
    0x00002664   0x00000004   Data   RO           75    .constdata          rtx_conf_cm.o
    0x00002668   0x00000010   Data   RO           77    .constdata          rtx_conf_cm.o
    0x00002678   0x00000008   Data   RO           78    .constdata          rtx_conf_cm.o
    0x00002680   0x00000002   Data   RO           79    .constdata          rtx_conf_cm.o
    0x00002682   0x00001880   Data   RO          115    .constdata          glcd_spi_lpc1700.o
    0x00003f02   0x00000002   PAD
    0x00003f04   0x00000020   Data   RO          160    .constdata          led.o
    0x00003f24   0x00000064   Data   RO          188    .constdata          blinky.o
    0x00003f88   0x00000020   Data   RO         1395    Region$$Table       anon$$obj.o


    Execution Region RW_IRAM1 (Base: 0x10000000, Size: 0x00000c60, Max: 0x00008000, ABSOLUTE)

    Base Addr    Size         Type   Attr      Idx    E Section Name        Object

    0x10000000   0x00000004   Data   RW           16    .data               system_lpc17xx.o
    0x10000004   0x00000004   Data   RW           81    .data               rtx_conf_cm.o
    0x10000008   0x00000010   Data   RW           82    .data               rtx_conf_cm.o
    0x10000018   0x00000004   Data   RW           83    .data               rtx_conf_cm.o
    0x1000001c   0x00000004   Data   RW           84    .data               rtx_conf_cm.o
    0x10000020   0x00000006   Data   RW          116    .data               glcd_spi_lpc1700.o
    0x10000026   0x00000002   PAD
    0x10000028   0x0000001c   Data   RW          189    .data               blinky.o
    0x10000044   0x00000008   Data   RW          302    .data               RTX_CM3.lib(rt_cmsis.o)
    0x1000004c   0x00000008   Data   RW          802    .data               RTX_CM3.lib(rt_task.o)
    0x10000054   0x00000008   Data   RW          887    .data               RTX_CM3.lib(rt_system.o)
    0x1000005c   0x00000004   Data   RW         1177    .data               RTX_CM3.lib(rt_time.o)
    0x10000060   0x00000001   Data   RW         1296    .data               RTX_CM3.lib(hal_cm.o)
    0x10000061   0x00000003   PAD
    0x10000064   0x00000008   Data   RW         1340    .data               RTX_CM3.lib(rt_robin.o)
    0x1000006c   0x0000018c   Zero   RW           58    .bss                rtx_conf_cm.o
    0x100001f8   0x00000588   Zero   RW           59    .bss                rtx_conf_cm.o
    0x10000780   0x000001b0   Zero   RW           60    .bss                rtx_conf_cm.o
    0x10000930   0x00000084   Zero   RW           61    .bss                rtx_conf_cm.o
    0x100009b4   0x00000020   Zero   RW           62    .bss                rtx_conf_cm.o
    0x100009d4   0x00000020   Zero   RW           63    .bss                rtx_conf_cm.o
    0x100009f4   0x0000000c   Zero   RW          187    .bss                blinky.o
    0x10000a00   0x00000030   Zero   RW          801    .bss                RTX_CM3.lib(rt_task.o)
    0x10000a30   0x00000030   Zero   RW         1017    .bss                RTX_CM3.lib(rt_list.o)
    0x10000a60   0x00000200   Zero   RW            1    STACK               startup_lpc17xx.o


==============================================================================

Image component sizes


      Code (inc. data)   RO Data    RW Data    ZI Data      Debug   Object Name

       700         80        100         28         12       7040   blinky.o
      2652         44       6272          6          0       8158   glcd_spi_lpc1700.o
       136         12         32          0          0       1499   led.o
        28          6         60         28       2440       6924   rtx_conf_cm.o
        40         12        204          0        512        984   startup_lpc17xx.o
       416         34          0          4          0       5333   system_lpc17xx.o

    ----------------------------------------------------------------------
      3972        188       6704         68       2964      29938   Object Totals
         0          0         32          0          0          0   (incl. Generated)
         0          0          4          2          0          0   (incl. Padding)

    ----------------------------------------------------------------------

      Code (inc. data)   RO Data    RW Data    ZI Data      Debug   Library Member Name

         4          4          0          0          0        148   SVC_Table.o
       190         24          0          1          0       2572   hal_cm.o
       304         36          0          0          0        708   hal_cm3.o
      1544        186          0          8          0      32819   rt_cmsis.o
       272         18          0          0          0       2086   rt_event.o
       526         36          0          0         48       6777   rt_list.o
       546         12          0          0          0       3081   rt_mailbox.o
       128          0          0          0          0       1529   rt_membox.o
       126          0          0          0          0       1847   rt_memory.o
       276         14          0          0          0       1581   rt_mutex.o
        96         22          0          8          0        990   rt_robin.o
        52          4          0          0          0        461   rt_semaphore.o
       290         52          0          8          0       5479   rt_system.o
      1000        170          0          8         48       7869   rt_task.o
         6          0          0          4          0        524   rt_time.o
         0          0          0          0          0          0   entry.o
         0          0          0          0          0          0   entry10a.o
         0          0          0          0          0          0   entry11a.o
         8          4          0          0          0          0   entry2.o
         4          0          0          0          0          0   entry5.o
         0          0          0          0          0          0   entry7b.o
         0          0          0          0          0          0   entry8b.o
        30          0          0          0          0          0   handlers.o
        36          8          0          0          0         68   init.o
        30          0          0          0          0         68   llshl.o
        32          0          0          0          0         68   llushr.o
        98          0          0          0          0         92   uldiv.o

    ----------------------------------------------------------------------
      5620        590          0         40         96      68767   Library Totals
        22          0          0          3          0          0   (incl. Padding)

    ----------------------------------------------------------------------

      Code (inc. data)   RO Data    RW Data    ZI Data      Debug   Library Name

      5360        578          0         37         96      68471   RTX_CM3.lib
       238         12          0          0          0        296   mc_w.l

    ----------------------------------------------------------------------
      5620        590          0         40         96      68767   Library Totals

    ----------------------------------------------------------------------

==============================================================================


      Code (inc. data)   RO Data    RW Data    ZI Data      Debug   

      9592        778       6704        108       3060      93609   Grand Totals
      9592        778       6704        108       3060      93609   ELF Image Totals
      9592        778       6704        108          0          0   ROM Totals

==============================================================================

    Total RO  Size (Code + RO Data)                16296 (  15.91kB)
    Total RW  Size (RW Data + ZI Data)              3168 (   3.09kB)
    Total ROM Size (Code + RO Data + RW Data)      16404 (  16.02kB)

==============================================================================

