<!doctype html public "-//w3c//dtd html 4.0 transitional//en">
<html><head>
<title>Static Call Graph - [.\F072\Debug\RevB_HeadD_Keil.axf]</title></head>
<body><HR>
<H1>Static Call Graph for image .\F072\Debug\RevB_HeadD_Keil.axf</H1><HR>
<BR><P>#&#060CALLGRAPH&#062# ARM Linker, 5060061: Last Updated: Mon Oct 31 12:52:35 2016
<BR><P>
<H3>Maximum Stack Usage =        152 bytes + Unknown(Functions without stacksize, Cycles, Untraceable Function Pointers)</H3><H3>
Call chain for Maximum Stack Depth:</H3>
__rt_entry_main &rArr; main &rArr; __2printf &rArr; _printf_char_file &rArr; _printf_char_common &rArr; __printf
<P>
<H3>
Functions with no stack information
</H3><UL>
 <LI><a href="#[1f]">__user_initial_stackheap</a>
</UL>
</UL>
<P>
<H3>
Mutually Recursive functions
</H3> <LI><a href="#[6]">NMI_Handler</a>&nbsp;&nbsp;&nbsp;&rArr;&nbsp;&nbsp;&nbsp;<a href="#[6]">NMI_Handler</a><BR>
 <LI><a href="#[8]">SVC_Handler</a>&nbsp;&nbsp;&nbsp;&rArr;&nbsp;&nbsp;&nbsp;<a href="#[8]">SVC_Handler</a><BR>
 <LI><a href="#[9]">PendSV_Handler</a>&nbsp;&nbsp;&nbsp;&rArr;&nbsp;&nbsp;&nbsp;<a href="#[9]">PendSV_Handler</a><BR>
 <LI><a href="#[a]">SysTick_Handler</a>&nbsp;&nbsp;&nbsp;&rArr;&nbsp;&nbsp;&nbsp;<a href="#[a]">SysTick_Handler</a><BR>
 <LI><a href="#[d]">ADC_IRQHandler</a>&nbsp;&nbsp;&nbsp;&rArr;&nbsp;&nbsp;&nbsp;<a href="#[d]">ADC_IRQHandler</a><BR>
</UL>
<P>
<H3>
Function Pointers
</H3><UL>
 <LI><a href="#[d]">ADC_IRQHandler</a> from startup_n572_keil.o(.text) referenced from startup_n572_keil.o(RESET)
 <LI><a href="#[c]">APU_IRQHandler</a> from startup_n572_keil.o(.text) referenced from startup_n572_keil.o(RESET)
 <LI><a href="#[e]">EXINT_IRQHandler</a> from startup_n572_keil.o(.text) referenced from startup_n572_keil.o(RESET)
 <LI><a href="#[13]">GPAB_IRQHandler</a> from main.o(.text) referenced from startup_n572_keil.o(RESET)
 <LI><a href="#[7]">HardFault_Handler</a> from SemiHost_Startup_Keil.o(.text) referenced from startup_n572_keil.o(RESET)
 <LI><a href="#[6]">NMI_Handler</a> from startup_n572_keil.o(.text) referenced from startup_n572_keil.o(RESET)
 <LI><a href="#[15]">PWM0_IRQHandler</a> from startup_n572_keil.o(.text) referenced from startup_n572_keil.o(RESET)
 <LI><a href="#[19]">PWRWU_IRQHandler</a> from startup_n572_keil.o(.text) referenced from startup_n572_keil.o(RESET)
 <LI><a href="#[9]">PendSV_Handler</a> from startup_n572_keil.o(.text) referenced from startup_n572_keil.o(RESET)
 <LI><a href="#[18]">RTC_IRQHandler</a> from startup_n572_keil.o(.text) referenced from startup_n572_keil.o(RESET)
 <LI><a href="#[1d]">Reset_Handler</a> from startup_n572_keil.o(.text) referenced from startup_n572_keil.o(RESET)
 <LI><a href="#[14]">SPI0_IRQHandler</a> from startup_n572_keil.o(.text) referenced from startup_n572_keil.o(RESET)
 <LI><a href="#[16]">SPI1_IRQHandler</a> from startup_n572_keil.o(.text) referenced from startup_n572_keil.o(RESET)
 <LI><a href="#[8]">SVC_Handler</a> from startup_n572_keil.o(.text) referenced from startup_n572_keil.o(RESET)
 <LI><a href="#[a]">SysTick_Handler</a> from startup_n572_keil.o(.text) referenced from startup_n572_keil.o(RESET)
 <LI><a href="#[10]">TMR0_IRQHandler</a> from startup_n572_keil.o(.text) referenced from startup_n572_keil.o(RESET)
 <LI><a href="#[11]">TMR1_IRQHandler</a> from startup_n572_keil.o(.text) referenced from startup_n572_keil.o(RESET)
 <LI><a href="#[12]">TMR2_IRQHandler</a> from startup_n572_keil.o(.text) referenced from startup_n572_keil.o(RESET)
 <LI><a href="#[17]">TMRF_IRQHandler</a> from startup_n572_keil.o(.text) referenced from startup_n572_keil.o(RESET)
 <LI><a href="#[f]">USB_IRQHandler</a> from startup_n572_keil.o(.text) referenced from startup_n572_keil.o(RESET)
 <LI><a href="#[b]">WDT_IRQHandler</a> from startup_n572_keil.o(.text) referenced from startup_n572_keil.o(RESET)
 <LI><a href="#[1e]">__main</a> from __main.o(!!!main) referenced from startup_n572_keil.o(.text)
 <LI><a href="#[1c]">_printf_input_char</a> from _printf_char_common.o(.text) referenced from _printf_char_common.o(.text)
 <LI><a href="#[1b]">fputc</a> from semihost_retarget.o(i.fputc) referenced from _printf_char_file.o(.text)
</UL>
<P>
<H3>
Global Symbols
</H3>
<P><STRONG><a name="[1e]"></a>__main</STRONG> (Thumb, 8 bytes, Stack size 0 bytes, __main.o(!!!main))
<BR><BR>[Calls]<UL><LI><a href="#[21]">&gt;&gt;</a>&nbsp;&nbsp;&nbsp;__rt_entry
<LI><a href="#[20]">&gt;&gt;</a>&nbsp;&nbsp;&nbsp;__scatterload
</UL>

<P><STRONG><a name="[20]"></a>__scatterload</STRONG> (Thumb, 0 bytes, Stack size unknown bytes, __scatter.o(!!!scatter))
<BR><BR>[Called By]<UL><LI><a href="#[1e]">&gt;&gt;</a>&nbsp;&nbsp;&nbsp;__main
</UL>

<P><STRONG><a name="[22]"></a>__scatterload_rt2</STRONG> (Thumb, 52 bytes, Stack size unknown bytes, __scatter.o(!!!scatter), UNUSED)
<BR><BR>[Calls]<UL><LI><a href="#[21]">&gt;&gt;</a>&nbsp;&nbsp;&nbsp;__rt_entry
</UL>

<P><STRONG><a name="[70]"></a>__scatterload_rt2_thumb_only</STRONG> (Thumb, 0 bytes, Stack size unknown bytes, __scatter.o(!!!scatter), UNUSED)

<P><STRONG><a name="[71]"></a>__scatterload_null</STRONG> (Thumb, 0 bytes, Stack size unknown bytes, __scatter.o(!!!scatter), UNUSED)

<P><STRONG><a name="[23]"></a>__scatterload_copy</STRONG> (Thumb, 26 bytes, Stack size unknown bytes, __scatter_copy.o(!!handler_copy), UNUSED)
<BR><BR>[Calls]<UL><LI><a href="#[23]">&gt;&gt;</a>&nbsp;&nbsp;&nbsp;__scatterload_copy
</UL>
<BR>[Called By]<UL><LI><a href="#[23]">&gt;&gt;</a>&nbsp;&nbsp;&nbsp;__scatterload_copy
</UL>

<P><STRONG><a name="[72]"></a>__scatterload_zeroinit</STRONG> (Thumb, 28 bytes, Stack size unknown bytes, __scatter_zi.o(!!handler_zi), UNUSED)

<P><STRONG><a name="[64]"></a>_printf_percent</STRONG> (Thumb, 0 bytes, Stack size unknown bytes, _printf_percent.o(.ARM.Collect$$_printf_percent$$00000000))
<BR><BR>[Called By]<UL><LI><a href="#[63]">&gt;&gt;</a>&nbsp;&nbsp;&nbsp;__printf
</UL>

<P><STRONG><a name="[24]"></a>_printf_x</STRONG> (Thumb, 0 bytes, Stack size unknown bytes, _printf_x.o(.ARM.Collect$$_printf_percent$$0000000C))
<BR><BR>[Stack]<UL><LI>Max Depth = 56 + Unknown Stack Size
<LI>Call Chain = _printf_x &rArr; _printf_int_hex &rArr; _printf_int_common
</UL>
<BR>[Calls]<UL><LI><a href="#[26]">&gt;&gt;</a>&nbsp;&nbsp;&nbsp;_printf_int_hex
<LI><a href="#[25]">&gt;&gt;</a>&nbsp;&nbsp;&nbsp;_printf_percent_end
</UL>

<P><STRONG><a name="[25]"></a>_printf_percent_end</STRONG> (Thumb, 0 bytes, Stack size unknown bytes, _printf_percent_end.o(.ARM.Collect$$_printf_percent$$00000017))
<BR><BR>[Called By]<UL><LI><a href="#[24]">&gt;&gt;</a>&nbsp;&nbsp;&nbsp;_printf_x
</UL>

<P><STRONG><a name="[2a]"></a>__rt_lib_init</STRONG> (Thumb, 0 bytes, Stack size unknown bytes, libinit.o(.ARM.Collect$$libinit$$00000000))
<BR><BR>[Called By]<UL><LI><a href="#[29]">&gt;&gt;</a>&nbsp;&nbsp;&nbsp;__rt_entry_li
</UL>

<P><STRONG><a name="[73]"></a>__rt_lib_init_alloca_1</STRONG> (Thumb, 0 bytes, Stack size unknown bytes, libinit2.o(.ARM.Collect$$libinit$$0000002E))

<P><STRONG><a name="[74]"></a>__rt_lib_init_argv_1</STRONG> (Thumb, 0 bytes, Stack size unknown bytes, libinit2.o(.ARM.Collect$$libinit$$0000002C))

<P><STRONG><a name="[75]"></a>__rt_lib_init_atexit_1</STRONG> (Thumb, 0 bytes, Stack size unknown bytes, libinit2.o(.ARM.Collect$$libinit$$0000001B))

<P><STRONG><a name="[76]"></a>__rt_lib_init_clock_1</STRONG> (Thumb, 0 bytes, Stack size unknown bytes, libinit2.o(.ARM.Collect$$libinit$$00000021))

<P><STRONG><a name="[77]"></a>__rt_lib_init_cpp_1</STRONG> (Thumb, 0 bytes, Stack size unknown bytes, libinit2.o(.ARM.Collect$$libinit$$00000032))

<P><STRONG><a name="[78]"></a>__rt_lib_init_exceptions_1</STRONG> (Thumb, 0 bytes, Stack size unknown bytes, libinit2.o(.ARM.Collect$$libinit$$00000030))

<P><STRONG><a name="[79]"></a>__rt_lib_init_fp_1</STRONG> (Thumb, 0 bytes, Stack size unknown bytes, libinit2.o(.ARM.Collect$$libinit$$00000002))

<P><STRONG><a name="[7a]"></a>__rt_lib_init_fp_trap_1</STRONG> (Thumb, 0 bytes, Stack size unknown bytes, libinit2.o(.ARM.Collect$$libinit$$0000001F))

<P><STRONG><a name="[7b]"></a>__rt_lib_init_getenv_1</STRONG> (Thumb, 0 bytes, Stack size unknown bytes, libinit2.o(.ARM.Collect$$libinit$$00000023))

<P><STRONG><a name="[7c]"></a>__rt_lib_init_heap_1</STRONG> (Thumb, 0 bytes, Stack size unknown bytes, libinit2.o(.ARM.Collect$$libinit$$0000000A))

<P><STRONG><a name="[7d]"></a>__rt_lib_init_lc_collate_1</STRONG> (Thumb, 0 bytes, Stack size unknown bytes, libinit2.o(.ARM.Collect$$libinit$$00000011))

<P><STRONG><a name="[7e]"></a>__rt_lib_init_lc_ctype_1</STRONG> (Thumb, 0 bytes, Stack size unknown bytes, libinit2.o(.ARM.Collect$$libinit$$00000013))

<P><STRONG><a name="[7f]"></a>__rt_lib_init_lc_monetary_1</STRONG> (Thumb, 0 bytes, Stack size unknown bytes, libinit2.o(.ARM.Collect$$libinit$$00000015))

<P><STRONG><a name="[80]"></a>__rt_lib_init_lc_numeric_1</STRONG> (Thumb, 0 bytes, Stack size unknown bytes, libinit2.o(.ARM.Collect$$libinit$$00000017))

<P><STRONG><a name="[81]"></a>__rt_lib_init_lc_time_1</STRONG> (Thumb, 0 bytes, Stack size unknown bytes, libinit2.o(.ARM.Collect$$libinit$$00000019))

<P><STRONG><a name="[82]"></a>__rt_lib_init_preinit_1</STRONG> (Thumb, 0 bytes, Stack size unknown bytes, libinit2.o(.ARM.Collect$$libinit$$00000004))

<P><STRONG><a name="[83]"></a>__rt_lib_init_rand_1</STRONG> (Thumb, 0 bytes, Stack size unknown bytes, libinit2.o(.ARM.Collect$$libinit$$0000000E))

<P><STRONG><a name="[84]"></a>__rt_lib_init_return</STRONG> (Thumb, 0 bytes, Stack size unknown bytes, libinit2.o(.ARM.Collect$$libinit$$00000033))

<P><STRONG><a name="[85]"></a>__rt_lib_init_signal_1</STRONG> (Thumb, 0 bytes, Stack size unknown bytes, libinit2.o(.ARM.Collect$$libinit$$0000001D))

<P><STRONG><a name="[86]"></a>__rt_lib_init_stdio_1</STRONG> (Thumb, 0 bytes, Stack size unknown bytes, libinit2.o(.ARM.Collect$$libinit$$00000025))

<P><STRONG><a name="[87]"></a>__rt_lib_init_user_alloc_1</STRONG> (Thumb, 0 bytes, Stack size unknown bytes, libinit2.o(.ARM.Collect$$libinit$$0000000C))

<P><STRONG><a name="[2f]"></a>__rt_lib_shutdown</STRONG> (Thumb, 0 bytes, Stack size unknown bytes, libshutdown.o(.ARM.Collect$$libshutdown$$00000000))
<BR><BR>[Called By]<UL><LI><a href="#[2e]">&gt;&gt;</a>&nbsp;&nbsp;&nbsp;__rt_exit_ls
</UL>

<P><STRONG><a name="[88]"></a>__rt_lib_shutdown_cpp_1</STRONG> (Thumb, 0 bytes, Stack size unknown bytes, libshutdown2.o(.ARM.Collect$$libshutdown$$00000002))

<P><STRONG><a name="[89]"></a>__rt_lib_shutdown_fp_trap_1</STRONG> (Thumb, 0 bytes, Stack size unknown bytes, libshutdown2.o(.ARM.Collect$$libshutdown$$00000007))

<P><STRONG><a name="[8a]"></a>__rt_lib_shutdown_heap_1</STRONG> (Thumb, 0 bytes, Stack size unknown bytes, libshutdown2.o(.ARM.Collect$$libshutdown$$0000000F))

<P><STRONG><a name="[8b]"></a>__rt_lib_shutdown_return</STRONG> (Thumb, 0 bytes, Stack size unknown bytes, libshutdown2.o(.ARM.Collect$$libshutdown$$00000010))

<P><STRONG><a name="[8c]"></a>__rt_lib_shutdown_signal_1</STRONG> (Thumb, 0 bytes, Stack size unknown bytes, libshutdown2.o(.ARM.Collect$$libshutdown$$0000000A))

<P><STRONG><a name="[8d]"></a>__rt_lib_shutdown_stdio_1</STRONG> (Thumb, 0 bytes, Stack size unknown bytes, libshutdown2.o(.ARM.Collect$$libshutdown$$00000004))

<P><STRONG><a name="[8e]"></a>__rt_lib_shutdown_user_alloc_1</STRONG> (Thumb, 0 bytes, Stack size unknown bytes, libshutdown2.o(.ARM.Collect$$libshutdown$$0000000C))

<P><STRONG><a name="[21]"></a>__rt_entry</STRONG> (Thumb, 0 bytes, Stack size unknown bytes, __rtentry.o(.ARM.Collect$$rtentry$$00000000))
<BR><BR>[Called By]<UL><LI><a href="#[1e]">&gt;&gt;</a>&nbsp;&nbsp;&nbsp;__main
<LI><a href="#[22]">&gt;&gt;</a>&nbsp;&nbsp;&nbsp;__scatterload_rt2
</UL>

<P><STRONG><a name="[8f]"></a>__rt_entry_presh_1</STRONG> (Thumb, 0 bytes, Stack size unknown bytes, __rtentry2.o(.ARM.Collect$$rtentry$$00000002))

<P><STRONG><a name="[27]"></a>__rt_entry_sh</STRONG> (Thumb, 0 bytes, Stack size unknown bytes, __rtentry4.o(.ARM.Collect$$rtentry$$00000004))
<BR><BR>[Stack]<UL><LI>Max Depth = 8 + Unknown Stack Size
<LI>Call Chain = __rt_entry_sh &rArr; __user_setup_stackheap
</UL>
<BR>[Calls]<UL><LI><a href="#[28]">&gt;&gt;</a>&nbsp;&nbsp;&nbsp;__user_setup_stackheap
</UL>

<P><STRONG><a name="[29]"></a>__rt_entry_li</STRONG> (Thumb, 0 bytes, Stack size unknown bytes, __rtentry2.o(.ARM.Collect$$rtentry$$0000000A))
<BR><BR>[Calls]<UL><LI><a href="#[2a]">&gt;&gt;</a>&nbsp;&nbsp;&nbsp;__rt_lib_init
</UL>

<P><STRONG><a name="[90]"></a>__rt_entry_postsh_1</STRONG> (Thumb, 0 bytes, Stack size unknown bytes, __rtentry2.o(.ARM.Collect$$rtentry$$00000009))

<P><STRONG><a name="[2b]"></a>__rt_entry_main</STRONG> (Thumb, 0 bytes, Stack size unknown bytes, __rtentry2.o(.ARM.Collect$$rtentry$$0000000D))
<BR><BR>[Stack]<UL><LI>Max Depth = 152 + Unknown Stack Size
<LI>Call Chain = __rt_entry_main &rArr; main &rArr; __2printf &rArr; _printf_char_file &rArr; _printf_char_common &rArr; __printf
</UL>
<BR>[Calls]<UL><LI><a href="#[2c]">&gt;&gt;</a>&nbsp;&nbsp;&nbsp;main
<LI><a href="#[2d]">&gt;&gt;</a>&nbsp;&nbsp;&nbsp;exit
</UL>

<P><STRONG><a name="[91]"></a>__rt_entry_postli_1</STRONG> (Thumb, 0 bytes, Stack size unknown bytes, __rtentry2.o(.ARM.Collect$$rtentry$$0000000C))

<P><STRONG><a name="[6e]"></a>__rt_exit</STRONG> (Thumb, 0 bytes, Stack size unknown bytes, rtexit.o(.ARM.Collect$$rtexit$$00000000))
<BR><BR>[Called By]<UL><LI><a href="#[2d]">&gt;&gt;</a>&nbsp;&nbsp;&nbsp;exit
</UL>

<P><STRONG><a name="[2e]"></a>__rt_exit_ls</STRONG> (Thumb, 0 bytes, Stack size unknown bytes, rtexit2.o(.ARM.Collect$$rtexit$$00000003))
<BR><BR>[Calls]<UL><LI><a href="#[2f]">&gt;&gt;</a>&nbsp;&nbsp;&nbsp;__rt_lib_shutdown
</UL>

<P><STRONG><a name="[92]"></a>__rt_exit_prels_1</STRONG> (Thumb, 0 bytes, Stack size unknown bytes, rtexit2.o(.ARM.Collect$$rtexit$$00000002))

<P><STRONG><a name="[30]"></a>__rt_exit_exit</STRONG> (Thumb, 0 bytes, Stack size unknown bytes, rtexit2.o(.ARM.Collect$$rtexit$$00000004))
<BR><BR>[Calls]<UL><LI><a href="#[31]">&gt;&gt;</a>&nbsp;&nbsp;&nbsp;_sys_exit
</UL>

<P><STRONG><a name="[13]"></a>GPAB_IRQHandler</STRONG> (Thumb, 110 bytes, Stack size 8 bytes, main.o(.text))
<BR><BR>[Stack]<UL><LI>Max Depth = 136 + Unknown Stack Size
<LI>Call Chain = GPAB_IRQHandler &rArr; __2printf &rArr; _printf_char_file &rArr; _printf_char_common &rArr; __printf
</UL>
<BR>[Calls]<UL><LI><a href="#[34]">&gt;&gt;</a>&nbsp;&nbsp;&nbsp;__2printf
<LI><a href="#[35]">&gt;&gt;</a>&nbsp;&nbsp;&nbsp;i2c_data_read
<LI><a href="#[33]">&gt;&gt;</a>&nbsp;&nbsp;&nbsp;i2c_clock_read
<LI><a href="#[32]">&gt;&gt;</a>&nbsp;&nbsp;&nbsp;DrvGPIO_ClearIntFlag
</UL>
<BR>[Address Reference Count : 1]<UL><LI> startup_n572_keil.o(RESET)
</UL>
<P><STRONG><a name="[36]"></a>clkInit</STRONG> (Thumb, 32 bytes, Stack size 8 bytes, main.o(.text))
<BR><BR>[Stack]<UL><LI>Max Depth = 8<LI>Call Chain = clkInit
</UL>
<BR>[Calls]<UL><LI><a href="#[37]">&gt;&gt;</a>&nbsp;&nbsp;&nbsp;DrvSYS_UnlockKeyReg
<LI><a href="#[38]">&gt;&gt;</a>&nbsp;&nbsp;&nbsp;SysClkConfigRC
</UL>
<BR>[Called By]<UL><LI><a href="#[2c]">&gt;&gt;</a>&nbsp;&nbsp;&nbsp;main
</UL>

<P><STRONG><a name="[39]"></a>gpioInit</STRONG> (Thumb, 88 bytes, Stack size 8 bytes, main.o(.text))
<BR><BR>[Stack]<UL><LI>Max Depth = 16<LI>Call Chain = gpioInit &rArr; DrvGPIO_SetRisingInt
</UL>
<BR>[Calls]<UL><LI><a href="#[3a]">&gt;&gt;</a>&nbsp;&nbsp;&nbsp;DrvGPIO_SetFallingInt
<LI><a href="#[3b]">&gt;&gt;</a>&nbsp;&nbsp;&nbsp;DrvGPIO_SetRisingInt
</UL>
<BR>[Called By]<UL><LI><a href="#[2c]">&gt;&gt;</a>&nbsp;&nbsp;&nbsp;main
</UL>

<P><STRONG><a name="[2c]"></a>main</STRONG> (Thumb, 102 bytes, Stack size 24 bytes, main.o(.text))
<BR><BR>[Stack]<UL><LI>Max Depth = 152 + Unknown Stack Size
<LI>Call Chain = main &rArr; __2printf &rArr; _printf_char_file &rArr; _printf_char_common &rArr; __printf
</UL>
<BR>[Calls]<UL><LI><a href="#[34]">&gt;&gt;</a>&nbsp;&nbsp;&nbsp;__2printf
<LI><a href="#[3c]">&gt;&gt;</a>&nbsp;&nbsp;&nbsp;i2c_init
<LI><a href="#[39]">&gt;&gt;</a>&nbsp;&nbsp;&nbsp;gpioInit
<LI><a href="#[36]">&gt;&gt;</a>&nbsp;&nbsp;&nbsp;clkInit
<LI><a href="#[3e]">&gt;&gt;</a>&nbsp;&nbsp;&nbsp;DrvGPIO_ClearOutputBit
<LI><a href="#[3d]">&gt;&gt;</a>&nbsp;&nbsp;&nbsp;DrvGPIO_SetOutputBit
</UL>
<BR>[Called By]<UL><LI><a href="#[2b]">&gt;&gt;</a>&nbsp;&nbsp;&nbsp;__rt_entry_main
</UL>

<P><STRONG><a name="[55]"></a>nonstatic_i2c_send_byte</STRONG> (Thumb, 18 bytes, Stack size 16 bytes, soft_i2c.o(.text), UNUSED)
<BR><BR>[Calls]<UL><LI><a href="#[54]">&gt;&gt;</a>&nbsp;&nbsp;&nbsp;i2c_send_byte
</UL>

<P><STRONG><a name="[3c]"></a>i2c_init</STRONG> (Thumb, 46 bytes, Stack size 40 bytes, soft_i2c.o(.text))
<BR><BR>[Stack]<UL><LI>Max Depth = 48<LI>Call Chain = i2c_init &rArr; i2c_data_high
</UL>
<BR>[Calls]<UL><LI><a href="#[4a]">&gt;&gt;</a>&nbsp;&nbsp;&nbsp;i2c_data_high
<LI><a href="#[46]">&gt;&gt;</a>&nbsp;&nbsp;&nbsp;i2c_clock_high
</UL>
<BR>[Called By]<UL><LI><a href="#[2c]">&gt;&gt;</a>&nbsp;&nbsp;&nbsp;main
</UL>

<P><STRONG><a name="[58]"></a>i2c_received_stop_condition</STRONG> (Thumb, 26 bytes, Stack size 8 bytes, soft_i2c.o(.text), UNUSED)
<BR><BR>[Calls]<UL><LI><a href="#[59]">&gt;&gt;</a>&nbsp;&nbsp;&nbsp;DrvGPIO_GetInputPinValue
</UL>

<P><STRONG><a name="[5a]"></a>i2c_send</STRONG> (Thumb, 78 bytes, Stack size 24 bytes, soft_i2c.o(.text), UNUSED)
<BR><BR>[Calls]<UL><LI><a href="#[54]">&gt;&gt;</a>&nbsp;&nbsp;&nbsp;i2c_send_byte
<LI><a href="#[4f]">&gt;&gt;</a>&nbsp;&nbsp;&nbsp;i2c_get_ack
<LI><a href="#[4c]">&gt;&gt;</a>&nbsp;&nbsp;&nbsp;i2c_stop
<LI><a href="#[49]">&gt;&gt;</a>&nbsp;&nbsp;&nbsp;i2c_start
</UL>

<P><STRONG><a name="[5b]"></a>i2c_send_packet</STRONG> (Thumb, 62 bytes, Stack size 24 bytes, soft_i2c.o(.text), UNUSED)
<BR><BR>[Calls]<UL><LI><a href="#[54]">&gt;&gt;</a>&nbsp;&nbsp;&nbsp;i2c_send_byte
<LI><a href="#[4f]">&gt;&gt;</a>&nbsp;&nbsp;&nbsp;i2c_get_ack
<LI><a href="#[4c]">&gt;&gt;</a>&nbsp;&nbsp;&nbsp;i2c_stop
<LI><a href="#[49]">&gt;&gt;</a>&nbsp;&nbsp;&nbsp;i2c_start
</UL>

<P><STRONG><a name="[5c]"></a>i2c_recv</STRONG> (Thumb, 104 bytes, Stack size 24 bytes, soft_i2c.o(.text), UNUSED)
<BR><BR>[Calls]<UL><LI><a href="#[56]">&gt;&gt;</a>&nbsp;&nbsp;&nbsp;i2c_get_byte
<LI><a href="#[54]">&gt;&gt;</a>&nbsp;&nbsp;&nbsp;i2c_send_byte
<LI><a href="#[52]">&gt;&gt;</a>&nbsp;&nbsp;&nbsp;i2c_send_nak
<LI><a href="#[50]">&gt;&gt;</a>&nbsp;&nbsp;&nbsp;i2c_send_ack
<LI><a href="#[4f]">&gt;&gt;</a>&nbsp;&nbsp;&nbsp;i2c_get_ack
<LI><a href="#[4c]">&gt;&gt;</a>&nbsp;&nbsp;&nbsp;i2c_stop
<LI><a href="#[49]">&gt;&gt;</a>&nbsp;&nbsp;&nbsp;i2c_start
</UL>

<P><STRONG><a name="[5d]"></a>slave_i2c_recv</STRONG> (Thumb, 102 bytes, Stack size 16 bytes, soft_i2c.o(.text), UNUSED)
<BR><BR>[Calls]<UL><LI><a href="#[4a]">&gt;&gt;</a>&nbsp;&nbsp;&nbsp;i2c_data_high
<LI><a href="#[46]">&gt;&gt;</a>&nbsp;&nbsp;&nbsp;i2c_clock_high
<LI><a href="#[57]">&gt;&gt;</a>&nbsp;&nbsp;&nbsp;slave_i2c_get_byte
<LI><a href="#[53]">&gt;&gt;</a>&nbsp;&nbsp;&nbsp;slave_i2c_send_nak
<LI><a href="#[51]">&gt;&gt;</a>&nbsp;&nbsp;&nbsp;slave_i2c_send_ack
<LI><a href="#[4c]">&gt;&gt;</a>&nbsp;&nbsp;&nbsp;i2c_stop
<LI><a href="#[42]">&gt;&gt;</a>&nbsp;&nbsp;&nbsp;wait_for_i2c_data_low
<LI><a href="#[40]">&gt;&gt;</a>&nbsp;&nbsp;&nbsp;wait_for_i2c_clock_low
</UL>

<P><STRONG><a name="[5e]"></a>slave_i2c_recv_packet</STRONG> (Thumb, 108 bytes, Stack size 24 bytes, soft_i2c.o(.text), UNUSED)
<BR><BR>[Calls]<UL><LI><a href="#[4a]">&gt;&gt;</a>&nbsp;&nbsp;&nbsp;i2c_data_high
<LI><a href="#[46]">&gt;&gt;</a>&nbsp;&nbsp;&nbsp;i2c_clock_high
<LI><a href="#[57]">&gt;&gt;</a>&nbsp;&nbsp;&nbsp;slave_i2c_get_byte
<LI><a href="#[53]">&gt;&gt;</a>&nbsp;&nbsp;&nbsp;slave_i2c_send_nak
<LI><a href="#[51]">&gt;&gt;</a>&nbsp;&nbsp;&nbsp;slave_i2c_send_ack
<LI><a href="#[4c]">&gt;&gt;</a>&nbsp;&nbsp;&nbsp;i2c_stop
<LI><a href="#[42]">&gt;&gt;</a>&nbsp;&nbsp;&nbsp;wait_for_i2c_data_low
<LI><a href="#[40]">&gt;&gt;</a>&nbsp;&nbsp;&nbsp;wait_for_i2c_clock_low
</UL>

<P><STRONG><a name="[5f]"></a>i2c_send_recv</STRONG> (Thumb, 198 bytes, Stack size 40 bytes, soft_i2c.o(.text), UNUSED)
<BR><BR>[Calls]<UL><LI><a href="#[56]">&gt;&gt;</a>&nbsp;&nbsp;&nbsp;i2c_get_byte
<LI><a href="#[54]">&gt;&gt;</a>&nbsp;&nbsp;&nbsp;i2c_send_byte
<LI><a href="#[52]">&gt;&gt;</a>&nbsp;&nbsp;&nbsp;i2c_send_nak
<LI><a href="#[50]">&gt;&gt;</a>&nbsp;&nbsp;&nbsp;i2c_send_ack
<LI><a href="#[4f]">&gt;&gt;</a>&nbsp;&nbsp;&nbsp;i2c_get_ack
<LI><a href="#[4c]">&gt;&gt;</a>&nbsp;&nbsp;&nbsp;i2c_stop
<LI><a href="#[49]">&gt;&gt;</a>&nbsp;&nbsp;&nbsp;i2c_start
</UL>

<P><STRONG><a name="[1d]"></a>Reset_Handler</STRONG> (Thumb, 4 bytes, Stack size 0 bytes, startup_n572_keil.o(.text))

<P><STRONG><a name="[6]"></a>NMI_Handler</STRONG> (Thumb, 2 bytes, Stack size 0 bytes, startup_n572_keil.o(.text))
<BR><BR>[Calls]<UL><LI><a href="#[6]">&gt;&gt;</a>&nbsp;&nbsp;&nbsp;NMI_Handler
</UL>
<BR>[Called By]<UL><LI><a href="#[6]">&gt;&gt;</a>&nbsp;&nbsp;&nbsp;NMI_Handler
</UL>
<BR>[Address Reference Count : 1]<UL><LI> startup_n572_keil.o(RESET)
</UL>
<P><STRONG><a name="[8]"></a>SVC_Handler</STRONG> (Thumb, 2 bytes, Stack size 0 bytes, startup_n572_keil.o(.text))
<BR><BR>[Calls]<UL><LI><a href="#[8]">&gt;&gt;</a>&nbsp;&nbsp;&nbsp;SVC_Handler
</UL>
<BR>[Called By]<UL><LI><a href="#[8]">&gt;&gt;</a>&nbsp;&nbsp;&nbsp;SVC_Handler
</UL>
<BR>[Address Reference Count : 1]<UL><LI> startup_n572_keil.o(RESET)
</UL>
<P><STRONG><a name="[9]"></a>PendSV_Handler</STRONG> (Thumb, 2 bytes, Stack size 0 bytes, startup_n572_keil.o(.text))
<BR><BR>[Calls]<UL><LI><a href="#[9]">&gt;&gt;</a>&nbsp;&nbsp;&nbsp;PendSV_Handler
</UL>
<BR>[Called By]<UL><LI><a href="#[9]">&gt;&gt;</a>&nbsp;&nbsp;&nbsp;PendSV_Handler
</UL>
<BR>[Address Reference Count : 1]<UL><LI> startup_n572_keil.o(RESET)
</UL>
<P><STRONG><a name="[a]"></a>SysTick_Handler</STRONG> (Thumb, 2 bytes, Stack size 0 bytes, startup_n572_keil.o(.text))
<BR><BR>[Calls]<UL><LI><a href="#[a]">&gt;&gt;</a>&nbsp;&nbsp;&nbsp;SysTick_Handler
</UL>
<BR>[Called By]<UL><LI><a href="#[a]">&gt;&gt;</a>&nbsp;&nbsp;&nbsp;SysTick_Handler
</UL>
<BR>[Address Reference Count : 1]<UL><LI> startup_n572_keil.o(RESET)
</UL>
<P><STRONG><a name="[d]"></a>ADC_IRQHandler</STRONG> (Thumb, 0 bytes, Stack size 0 bytes, startup_n572_keil.o(.text))
<BR><BR>[Calls]<UL><LI><a href="#[d]">&gt;&gt;</a>&nbsp;&nbsp;&nbsp;ADC_IRQHandler
</UL>
<BR>[Called By]<UL><LI><a href="#[d]">&gt;&gt;</a>&nbsp;&nbsp;&nbsp;ADC_IRQHandler
</UL>
<BR>[Address Reference Count : 1]<UL><LI> startup_n572_keil.o(RESET)
</UL>
<P><STRONG><a name="[c]"></a>APU_IRQHandler</STRONG> (Thumb, 0 bytes, Stack size 0 bytes, startup_n572_keil.o(.text))
<BR>[Address Reference Count : 1]<UL><LI> startup_n572_keil.o(RESET)
</UL>
<P><STRONG><a name="[e]"></a>EXINT_IRQHandler</STRONG> (Thumb, 0 bytes, Stack size 0 bytes, startup_n572_keil.o(.text))
<BR>[Address Reference Count : 1]<UL><LI> startup_n572_keil.o(RESET)
</UL>
<P><STRONG><a name="[15]"></a>PWM0_IRQHandler</STRONG> (Thumb, 0 bytes, Stack size 0 bytes, startup_n572_keil.o(.text))
<BR>[Address Reference Count : 1]<UL><LI> startup_n572_keil.o(RESET)
</UL>
<P><STRONG><a name="[19]"></a>PWRWU_IRQHandler</STRONG> (Thumb, 0 bytes, Stack size 0 bytes, startup_n572_keil.o(.text))
<BR>[Address Reference Count : 1]<UL><LI> startup_n572_keil.o(RESET)
</UL>
<P><STRONG><a name="[18]"></a>RTC_IRQHandler</STRONG> (Thumb, 0 bytes, Stack size 0 bytes, startup_n572_keil.o(.text))
<BR>[Address Reference Count : 1]<UL><LI> startup_n572_keil.o(RESET)
</UL>
<P><STRONG><a name="[14]"></a>SPI0_IRQHandler</STRONG> (Thumb, 0 bytes, Stack size 0 bytes, startup_n572_keil.o(.text))
<BR>[Address Reference Count : 1]<UL><LI> startup_n572_keil.o(RESET)
</UL>
<P><STRONG><a name="[16]"></a>SPI1_IRQHandler</STRONG> (Thumb, 0 bytes, Stack size 0 bytes, startup_n572_keil.o(.text))
<BR>[Address Reference Count : 1]<UL><LI> startup_n572_keil.o(RESET)
</UL>
<P><STRONG><a name="[10]"></a>TMR0_IRQHandler</STRONG> (Thumb, 0 bytes, Stack size 0 bytes, startup_n572_keil.o(.text))
<BR>[Address Reference Count : 1]<UL><LI> startup_n572_keil.o(RESET)
</UL>
<P><STRONG><a name="[11]"></a>TMR1_IRQHandler</STRONG> (Thumb, 0 bytes, Stack size 0 bytes, startup_n572_keil.o(.text))
<BR>[Address Reference Count : 1]<UL><LI> startup_n572_keil.o(RESET)
</UL>
<P><STRONG><a name="[12]"></a>TMR2_IRQHandler</STRONG> (Thumb, 0 bytes, Stack size 0 bytes, startup_n572_keil.o(.text))
<BR>[Address Reference Count : 1]<UL><LI> startup_n572_keil.o(RESET)
</UL>
<P><STRONG><a name="[17]"></a>TMRF_IRQHandler</STRONG> (Thumb, 0 bytes, Stack size 0 bytes, startup_n572_keil.o(.text))
<BR>[Address Reference Count : 1]<UL><LI> startup_n572_keil.o(RESET)
</UL>
<P><STRONG><a name="[f]"></a>USB_IRQHandler</STRONG> (Thumb, 0 bytes, Stack size 0 bytes, startup_n572_keil.o(.text))
<BR>[Address Reference Count : 1]<UL><LI> startup_n572_keil.o(RESET)
</UL>
<P><STRONG><a name="[b]"></a>WDT_IRQHandler</STRONG> (Thumb, 0 bytes, Stack size 0 bytes, startup_n572_keil.o(.text))
<BR>[Address Reference Count : 1]<UL><LI> startup_n572_keil.o(RESET)
</UL>
<P><STRONG><a name="[1f]"></a>__user_initial_stackheap</STRONG> (Thumb, 0 bytes, Stack size unknown bytes, startup_n572_keil.o(.text))
<BR><BR>[Called By]<UL><LI><a href="#[28]">&gt;&gt;</a>&nbsp;&nbsp;&nbsp;__user_setup_stackheap
</UL>

<P><STRONG><a name="[34]"></a>__2printf</STRONG> (Thumb, 22 bytes, Stack size 24 bytes, noretval__2printf.o(.text))
<BR><BR>[Stack]<UL><LI>Max Depth = 128 + Unknown Stack Size
<LI>Call Chain = __2printf &rArr; _printf_char_file &rArr; _printf_char_common &rArr; __printf
</UL>
<BR>[Calls]<UL><LI><a href="#[62]">&gt;&gt;</a>&nbsp;&nbsp;&nbsp;_printf_char_file
</UL>
<BR>[Called By]<UL><LI><a href="#[2c]">&gt;&gt;</a>&nbsp;&nbsp;&nbsp;main
<LI><a href="#[13]">&gt;&gt;</a>&nbsp;&nbsp;&nbsp;GPAB_IRQHandler
</UL>

<P><STRONG><a name="[63]"></a>__printf</STRONG> (Thumb, 108 bytes, Stack size 24 bytes, __printf.o(.text))
<BR><BR>[Stack]<UL><LI>Max Depth = 24 + Unknown Stack Size
<LI>Call Chain = __printf
</UL>
<BR>[Calls]<UL><LI><a href="#[64]">&gt;&gt;</a>&nbsp;&nbsp;&nbsp;_printf_percent
</UL>
<BR>[Called By]<UL><LI><a href="#[69]">&gt;&gt;</a>&nbsp;&nbsp;&nbsp;_printf_char_common
</UL>

<P><STRONG><a name="[26]"></a>_printf_int_hex</STRONG> (Thumb, 84 bytes, Stack size 16 bytes, _printf_hex_int.o(.text))
<BR><BR>[Stack]<UL><LI>Max Depth = 56<LI>Call Chain = _printf_int_hex &rArr; _printf_int_common
</UL>
<BR>[Calls]<UL><LI><a href="#[66]">&gt;&gt;</a>&nbsp;&nbsp;&nbsp;_printf_int_common
<LI><a href="#[65]">&gt;&gt;</a>&nbsp;&nbsp;&nbsp;_printf_truncate_unsigned (Weak Reference)
</UL>
<BR>[Called By]<UL><LI><a href="#[24]">&gt;&gt;</a>&nbsp;&nbsp;&nbsp;_printf_x
</UL>

<P><STRONG><a name="[93]"></a>_printf_longlong_hex</STRONG> (Thumb, 0 bytes, Stack size 16 bytes, _printf_hex_int.o(.text), UNUSED)

<P><STRONG><a name="[94]"></a>__use_two_region_memory</STRONG> (Thumb, 2 bytes, Stack size 0 bytes, heapauxi.o(.text), UNUSED)

<P><STRONG><a name="[95]"></a>__rt_heap_escrow$2region</STRONG> (Thumb, 2 bytes, Stack size 0 bytes, heapauxi.o(.text), UNUSED)

<P><STRONG><a name="[96]"></a>__rt_heap_expand$2region</STRONG> (Thumb, 2 bytes, Stack size 0 bytes, heapauxi.o(.text), UNUSED)

<P><STRONG><a name="[66]"></a>_printf_int_common</STRONG> (Thumb, 176 bytes, Stack size 40 bytes, _printf_intcommon.o(.text))
<BR><BR>[Stack]<UL><LI>Max Depth = 40<LI>Call Chain = _printf_int_common
</UL>
<BR>[Calls]<UL><LI><a href="#[67]">&gt;&gt;</a>&nbsp;&nbsp;&nbsp;_printf_pre_padding (Weak Reference)
<LI><a href="#[68]">&gt;&gt;</a>&nbsp;&nbsp;&nbsp;_printf_post_padding (Weak Reference)
</UL>
<BR>[Called By]<UL><LI><a href="#[26]">&gt;&gt;</a>&nbsp;&nbsp;&nbsp;_printf_int_hex
</UL>

<P><STRONG><a name="[62]"></a>_printf_char_file</STRONG> (Thumb, 34 bytes, Stack size 16 bytes, _printf_char_file.o(.text))
<BR><BR>[Stack]<UL><LI>Max Depth = 104 + Unknown Stack Size
<LI>Call Chain = _printf_char_file &rArr; _printf_char_common &rArr; __printf
</UL>
<BR>[Calls]<UL><LI><a href="#[69]">&gt;&gt;</a>&nbsp;&nbsp;&nbsp;_printf_char_common
</UL>
<BR>[Called By]<UL><LI><a href="#[34]">&gt;&gt;</a>&nbsp;&nbsp;&nbsp;__2printf
</UL>

<P><STRONG><a name="[6a]"></a>SemiHost_Init</STRONG> (Thumb, 12 bytes, Stack size 0 bytes, SemiHost_Startup_Keil.o(.text), UNUSED)
<BR><BR>[Calls]<UL><LI><a href="#[6b]">&gt;&gt;</a>&nbsp;&nbsp;&nbsp;SH_DoCommand
</UL>

<P><STRONG><a name="[6b]"></a>SH_DoCommand</STRONG> (Thumb, 18 bytes, Stack size 0 bytes, SemiHost_Startup_Keil.o(.text))
<BR><BR>[Called By]<UL><LI><a href="#[6f]">&gt;&gt;</a>&nbsp;&nbsp;&nbsp;SendChar
<LI><a href="#[6a]">&gt;&gt;</a>&nbsp;&nbsp;&nbsp;SemiHost_Init
</UL>

<P><STRONG><a name="[7]"></a>HardFault_Handler</STRONG> (Thumb, 28 bytes, Stack size 0 bytes, SemiHost_Startup_Keil.o(.text))
<BR>[Address Reference Count : 1]<UL><LI> startup_n572_keil.o(RESET)
</UL>
<P><STRONG><a name="[69]"></a>_printf_char_common</STRONG> (Thumb, 32 bytes, Stack size 64 bytes, _printf_char_common.o(.text))
<BR><BR>[Stack]<UL><LI>Max Depth = 88 + Unknown Stack Size
<LI>Call Chain = _printf_char_common &rArr; __printf
</UL>
<BR>[Calls]<UL><LI><a href="#[63]">&gt;&gt;</a>&nbsp;&nbsp;&nbsp;__printf
</UL>
<BR>[Called By]<UL><LI><a href="#[62]">&gt;&gt;</a>&nbsp;&nbsp;&nbsp;_printf_char_file
</UL>

<P><STRONG><a name="[28]"></a>__user_setup_stackheap</STRONG> (Thumb, 62 bytes, Stack size 8 bytes, sys_stackheap_outer.o(.text))
<BR><BR>[Stack]<UL><LI>Max Depth = 8 + Unknown Stack Size
<LI>Call Chain = __user_setup_stackheap
</UL>
<BR>[Calls]<UL><LI><a href="#[1f]">&gt;&gt;</a>&nbsp;&nbsp;&nbsp;__user_initial_stackheap
<LI><a href="#[6c]">&gt;&gt;</a>&nbsp;&nbsp;&nbsp;__user_perproc_libspace
</UL>
<BR>[Called By]<UL><LI><a href="#[27]">&gt;&gt;</a>&nbsp;&nbsp;&nbsp;__rt_entry_sh
</UL>

<P><STRONG><a name="[2d]"></a>exit</STRONG> (Thumb, 16 bytes, Stack size 8 bytes, exit.o(.text))
<BR><BR>[Stack]<UL><LI>Max Depth = 8 + Unknown Stack Size
<LI>Call Chain = exit
</UL>
<BR>[Calls]<UL><LI><a href="#[6e]">&gt;&gt;</a>&nbsp;&nbsp;&nbsp;__rt_exit
<LI><a href="#[6d]">&gt;&gt;</a>&nbsp;&nbsp;&nbsp;_call_atexit_fns (Weak Reference)
</UL>
<BR>[Called By]<UL><LI><a href="#[2b]">&gt;&gt;</a>&nbsp;&nbsp;&nbsp;__rt_entry_main
</UL>

<P><STRONG><a name="[97]"></a>__user_libspace</STRONG> (Thumb, 8 bytes, Stack size 0 bytes, libspace.o(.text), UNUSED)

<P><STRONG><a name="[6c]"></a>__user_perproc_libspace</STRONG> (Thumb, 0 bytes, Stack size 0 bytes, libspace.o(.text))
<BR><BR>[Called By]<UL><LI><a href="#[28]">&gt;&gt;</a>&nbsp;&nbsp;&nbsp;__user_setup_stackheap
</UL>

<P><STRONG><a name="[98]"></a>__user_perthread_libspace</STRONG> (Thumb, 0 bytes, Stack size 0 bytes, libspace.o(.text), UNUSED)

<P><STRONG><a name="[31]"></a>_sys_exit</STRONG> (Thumb, 8 bytes, Stack size 0 bytes, sys_exit.o(.text))
<BR><BR>[Called By]<UL><LI><a href="#[30]">&gt;&gt;</a>&nbsp;&nbsp;&nbsp;__rt_exit_exit
</UL>

<P><STRONG><a name="[99]"></a>__I$use$semihosting</STRONG> (Thumb, 0 bytes, Stack size 0 bytes, use_no_semi.o(.text), UNUSED)

<P><STRONG><a name="[9a]"></a>__use_no_semihosting_swi</STRONG> (Thumb, 2 bytes, Stack size 0 bytes, use_no_semi.o(.text), UNUSED)

<P><STRONG><a name="[9b]"></a>__semihosting_library_function</STRONG> (Thumb, 0 bytes, Stack size unknown bytes, indicate_semi.o(.text), UNUSED)

<P><STRONG><a name="[37]"></a>DrvSYS_UnlockKeyReg</STRONG> (Thumb, 16 bytes, Stack size 0 bytes, DRVSYS_drvsys.o(i.DrvSYS_UnlockKeyReg))
<BR><BR>[Called By]<UL><LI><a href="#[36]">&gt;&gt;</a>&nbsp;&nbsp;&nbsp;clkInit
</UL>

<P><STRONG><a name="[6f]"></a>SendChar</STRONG> (Thumb, 48 bytes, Stack size 8 bytes, semihost_retarget.o(i.SendChar))
<BR><BR>[Stack]<UL><LI>Max Depth = 8<LI>Call Chain = SendChar
</UL>
<BR>[Calls]<UL><LI><a href="#[6b]">&gt;&gt;</a>&nbsp;&nbsp;&nbsp;SH_DoCommand
</UL>
<BR>[Called By]<UL><LI><a href="#[1b]">&gt;&gt;</a>&nbsp;&nbsp;&nbsp;fputc
</UL>

<P><STRONG><a name="[1b]"></a>fputc</STRONG> (Thumb, 10 bytes, Stack size 8 bytes, semihost_retarget.o(i.fputc))
<BR><BR>[Stack]<UL><LI>Max Depth = 16<LI>Call Chain = fputc &rArr; SendChar
</UL>
<BR>[Calls]<UL><LI><a href="#[6f]">&gt;&gt;</a>&nbsp;&nbsp;&nbsp;SendChar
</UL>
<BR>[Address Reference Count : 1]<UL><LI> _printf_char_file.o(.text)
</UL>
<P><STRONG><a name="[33]"></a>i2c_clock_read</STRONG> (Thumb, 30 bytes, Stack size 8 bytes, soft_i2c.o(i.i2c_clock_read))
<BR><BR>[Stack]<UL><LI>Max Depth = 8<LI>Call Chain = i2c_clock_read
</UL>
<BR>[Calls]<UL><LI><a href="#[59]">&gt;&gt;</a>&nbsp;&nbsp;&nbsp;DrvGPIO_GetInputPinValue
</UL>
<BR>[Called By]<UL><LI><a href="#[43]">&gt;&gt;</a>&nbsp;&nbsp;&nbsp;i2c_stretch
<LI><a href="#[40]">&gt;&gt;</a>&nbsp;&nbsp;&nbsp;wait_for_i2c_clock_low
<LI><a href="#[3f]">&gt;&gt;</a>&nbsp;&nbsp;&nbsp;wait_for_i2c_clock_high
<LI><a href="#[13]">&gt;&gt;</a>&nbsp;&nbsp;&nbsp;GPAB_IRQHandler
</UL>

<P><STRONG><a name="[4a]"></a>i2c_data_high</STRONG> (Thumb, 16 bytes, Stack size 8 bytes, soft_i2c.o(i.i2c_data_high))
<BR><BR>[Stack]<UL><LI>Max Depth = 8<LI>Call Chain = i2c_data_high
</UL>
<BR>[Calls]<UL><LI><a href="#[60]">&gt;&gt;</a>&nbsp;&nbsp;&nbsp;DrvGPIO_SetOutputBit
</UL>
<BR>[Called By]<UL><LI><a href="#[5e]">&gt;&gt;</a>&nbsp;&nbsp;&nbsp;slave_i2c_recv_packet
<LI><a href="#[5d]">&gt;&gt;</a>&nbsp;&nbsp;&nbsp;slave_i2c_recv
<LI><a href="#[57]">&gt;&gt;</a>&nbsp;&nbsp;&nbsp;slave_i2c_get_byte
<LI><a href="#[54]">&gt;&gt;</a>&nbsp;&nbsp;&nbsp;i2c_send_byte
<LI><a href="#[53]">&gt;&gt;</a>&nbsp;&nbsp;&nbsp;slave_i2c_send_nak
<LI><a href="#[52]">&gt;&gt;</a>&nbsp;&nbsp;&nbsp;i2c_send_nak
<LI><a href="#[51]">&gt;&gt;</a>&nbsp;&nbsp;&nbsp;slave_i2c_send_ack
<LI><a href="#[4f]">&gt;&gt;</a>&nbsp;&nbsp;&nbsp;i2c_get_ack
<LI><a href="#[4e]">&gt;&gt;</a>&nbsp;&nbsp;&nbsp;slave_i2c_read_bit
<LI><a href="#[4d]">&gt;&gt;</a>&nbsp;&nbsp;&nbsp;i2c_read_bit
<LI><a href="#[4c]">&gt;&gt;</a>&nbsp;&nbsp;&nbsp;i2c_stop
<LI><a href="#[49]">&gt;&gt;</a>&nbsp;&nbsp;&nbsp;i2c_start
<LI><a href="#[3c]">&gt;&gt;</a>&nbsp;&nbsp;&nbsp;i2c_init
</UL>

<P><STRONG><a name="[4b]"></a>i2c_data_low</STRONG> (Thumb, 16 bytes, Stack size 8 bytes, soft_i2c.o(i.i2c_data_low), UNUSED)
<BR><BR>[Calls]<UL><LI><a href="#[61]">&gt;&gt;</a>&nbsp;&nbsp;&nbsp;DrvGPIO_ClearOutputBit
</UL>
<BR>[Called By]<UL><LI><a href="#[56]">&gt;&gt;</a>&nbsp;&nbsp;&nbsp;i2c_get_byte
<LI><a href="#[54]">&gt;&gt;</a>&nbsp;&nbsp;&nbsp;i2c_send_byte
<LI><a href="#[52]">&gt;&gt;</a>&nbsp;&nbsp;&nbsp;i2c_send_nak
<LI><a href="#[51]">&gt;&gt;</a>&nbsp;&nbsp;&nbsp;slave_i2c_send_ack
<LI><a href="#[50]">&gt;&gt;</a>&nbsp;&nbsp;&nbsp;i2c_send_ack
<LI><a href="#[4c]">&gt;&gt;</a>&nbsp;&nbsp;&nbsp;i2c_stop
<LI><a href="#[49]">&gt;&gt;</a>&nbsp;&nbsp;&nbsp;i2c_start
</UL>

<P><STRONG><a name="[35]"></a>i2c_data_read</STRONG> (Thumb, 30 bytes, Stack size 8 bytes, soft_i2c.o(i.i2c_data_read))
<BR><BR>[Stack]<UL><LI>Max Depth = 8<LI>Call Chain = i2c_data_read
</UL>
<BR>[Calls]<UL><LI><a href="#[59]">&gt;&gt;</a>&nbsp;&nbsp;&nbsp;DrvGPIO_GetInputPinValue
</UL>
<BR>[Called By]<UL><LI><a href="#[4f]">&gt;&gt;</a>&nbsp;&nbsp;&nbsp;i2c_get_ack
<LI><a href="#[4e]">&gt;&gt;</a>&nbsp;&nbsp;&nbsp;slave_i2c_read_bit
<LI><a href="#[4d]">&gt;&gt;</a>&nbsp;&nbsp;&nbsp;i2c_read_bit
<LI><a href="#[42]">&gt;&gt;</a>&nbsp;&nbsp;&nbsp;wait_for_i2c_data_low
<LI><a href="#[41]">&gt;&gt;</a>&nbsp;&nbsp;&nbsp;wait_for_i2c_data_high
<LI><a href="#[13]">&gt;&gt;</a>&nbsp;&nbsp;&nbsp;GPAB_IRQHandler
</UL>
<P>
<H3>
Local Symbols
</H3>
<P><STRONG><a name="[3b]"></a>DrvGPIO_SetRisingInt</STRONG> (Thumb, 32 bytes, Stack size 8 bytes, main.o(.text))
<BR><BR>[Stack]<UL><LI>Max Depth = 8<LI>Call Chain = DrvGPIO_SetRisingInt
</UL>
<BR>[Called By]<UL><LI><a href="#[39]">&gt;&gt;</a>&nbsp;&nbsp;&nbsp;gpioInit
</UL>

<P><STRONG><a name="[3a]"></a>DrvGPIO_SetFallingInt</STRONG> (Thumb, 26 bytes, Stack size 0 bytes, main.o(.text))
<BR><BR>[Called By]<UL><LI><a href="#[39]">&gt;&gt;</a>&nbsp;&nbsp;&nbsp;gpioInit
</UL>

<P><STRONG><a name="[3d]"></a>DrvGPIO_SetOutputBit</STRONG> (Thumb, 8 bytes, Stack size 0 bytes, main.o(.text))
<BR><BR>[Called By]<UL><LI><a href="#[2c]">&gt;&gt;</a>&nbsp;&nbsp;&nbsp;main
</UL>

<P><STRONG><a name="[3e]"></a>DrvGPIO_ClearOutputBit</STRONG> (Thumb, 8 bytes, Stack size 0 bytes, main.o(.text))
<BR><BR>[Called By]<UL><LI><a href="#[2c]">&gt;&gt;</a>&nbsp;&nbsp;&nbsp;main
</UL>

<P><STRONG><a name="[32]"></a>DrvGPIO_ClearIntFlag</STRONG> (Thumb, 4 bytes, Stack size 0 bytes, main.o(.text))
<BR><BR>[Called By]<UL><LI><a href="#[13]">&gt;&gt;</a>&nbsp;&nbsp;&nbsp;GPAB_IRQHandler
</UL>

<P><STRONG><a name="[38]"></a>SysClkConfigRC</STRONG> (Thumb, 116 bytes, Stack size 0 bytes, main.o(.text))
<BR><BR>[Called By]<UL><LI><a href="#[36]">&gt;&gt;</a>&nbsp;&nbsp;&nbsp;clkInit
</UL>

<P><STRONG><a name="[3f]"></a>wait_for_i2c_clock_high</STRONG> (Thumb, 40 bytes, Stack size 16 bytes, soft_i2c.o(.text), UNUSED)
<BR><BR>[Calls]<UL><LI><a href="#[33]">&gt;&gt;</a>&nbsp;&nbsp;&nbsp;i2c_clock_read
</UL>
<BR>[Called By]<UL><LI><a href="#[4e]">&gt;&gt;</a>&nbsp;&nbsp;&nbsp;slave_i2c_read_bit
<LI><a href="#[48]">&gt;&gt;</a>&nbsp;&nbsp;&nbsp;wait_for_i2c_clock
</UL>

<P><STRONG><a name="[40]"></a>wait_for_i2c_clock_low</STRONG> (Thumb, 40 bytes, Stack size 16 bytes, soft_i2c.o(.text), UNUSED)
<BR><BR>[Calls]<UL><LI><a href="#[33]">&gt;&gt;</a>&nbsp;&nbsp;&nbsp;i2c_clock_read
</UL>
<BR>[Called By]<UL><LI><a href="#[5e]">&gt;&gt;</a>&nbsp;&nbsp;&nbsp;slave_i2c_recv_packet
<LI><a href="#[5d]">&gt;&gt;</a>&nbsp;&nbsp;&nbsp;slave_i2c_recv
<LI><a href="#[4e]">&gt;&gt;</a>&nbsp;&nbsp;&nbsp;slave_i2c_read_bit
<LI><a href="#[48]">&gt;&gt;</a>&nbsp;&nbsp;&nbsp;wait_for_i2c_clock
</UL>

<P><STRONG><a name="[41]"></a>wait_for_i2c_data_high</STRONG> (Thumb, 40 bytes, Stack size 16 bytes, soft_i2c.o(.text), UNUSED)
<BR><BR>[Calls]<UL><LI><a href="#[35]">&gt;&gt;</a>&nbsp;&nbsp;&nbsp;i2c_data_read
</UL>

<P><STRONG><a name="[42]"></a>wait_for_i2c_data_low</STRONG> (Thumb, 40 bytes, Stack size 16 bytes, soft_i2c.o(.text), UNUSED)
<BR><BR>[Calls]<UL><LI><a href="#[35]">&gt;&gt;</a>&nbsp;&nbsp;&nbsp;i2c_data_read
</UL>
<BR>[Called By]<UL><LI><a href="#[5e]">&gt;&gt;</a>&nbsp;&nbsp;&nbsp;slave_i2c_recv_packet
<LI><a href="#[5d]">&gt;&gt;</a>&nbsp;&nbsp;&nbsp;slave_i2c_recv
</UL>

<P><STRONG><a name="[43]"></a>i2c_stretch</STRONG> (Thumb, 30 bytes, Stack size 16 bytes, soft_i2c.o(.text), UNUSED)
<BR><BR>[Calls]<UL><LI><a href="#[33]">&gt;&gt;</a>&nbsp;&nbsp;&nbsp;i2c_clock_read
</UL>
<BR>[Called By]<UL><LI><a href="#[4f]">&gt;&gt;</a>&nbsp;&nbsp;&nbsp;i2c_get_ack
<LI><a href="#[4d]">&gt;&gt;</a>&nbsp;&nbsp;&nbsp;i2c_read_bit
<LI><a href="#[4c]">&gt;&gt;</a>&nbsp;&nbsp;&nbsp;i2c_stop
<LI><a href="#[44]">&gt;&gt;</a>&nbsp;&nbsp;&nbsp;i2c_clock
</UL>

<P><STRONG><a name="[44]"></a>i2c_clock</STRONG> (Thumb, 42 bytes, Stack size 8 bytes, soft_i2c.o(.text), UNUSED)
<BR><BR>[Calls]<UL><LI><a href="#[47]">&gt;&gt;</a>&nbsp;&nbsp;&nbsp;i2c_clock_low
<LI><a href="#[46]">&gt;&gt;</a>&nbsp;&nbsp;&nbsp;i2c_clock_high
<LI><a href="#[45]">&gt;&gt;</a>&nbsp;&nbsp;&nbsp;i2c_delay
<LI><a href="#[43]">&gt;&gt;</a>&nbsp;&nbsp;&nbsp;i2c_stretch
</UL>
<BR>[Called By]<UL><LI><a href="#[54]">&gt;&gt;</a>&nbsp;&nbsp;&nbsp;i2c_send_byte
<LI><a href="#[52]">&gt;&gt;</a>&nbsp;&nbsp;&nbsp;i2c_send_nak
<LI><a href="#[50]">&gt;&gt;</a>&nbsp;&nbsp;&nbsp;i2c_send_ack
</UL>

<P><STRONG><a name="[48]"></a>wait_for_i2c_clock</STRONG> (Thumb, 36 bytes, Stack size 8 bytes, soft_i2c.o(.text), UNUSED)
<BR><BR>[Calls]<UL><LI><a href="#[45]">&gt;&gt;</a>&nbsp;&nbsp;&nbsp;i2c_delay
<LI><a href="#[40]">&gt;&gt;</a>&nbsp;&nbsp;&nbsp;wait_for_i2c_clock_low
<LI><a href="#[3f]">&gt;&gt;</a>&nbsp;&nbsp;&nbsp;wait_for_i2c_clock_high
</UL>
<BR>[Called By]<UL><LI><a href="#[53]">&gt;&gt;</a>&nbsp;&nbsp;&nbsp;slave_i2c_send_nak
<LI><a href="#[51]">&gt;&gt;</a>&nbsp;&nbsp;&nbsp;slave_i2c_send_ack
</UL>

<P><STRONG><a name="[49]"></a>i2c_start</STRONG> (Thumb, 48 bytes, Stack size 8 bytes, soft_i2c.o(.text), UNUSED)
<BR><BR>[Calls]<UL><LI><a href="#[4b]">&gt;&gt;</a>&nbsp;&nbsp;&nbsp;i2c_data_low
<LI><a href="#[4a]">&gt;&gt;</a>&nbsp;&nbsp;&nbsp;i2c_data_high
<LI><a href="#[47]">&gt;&gt;</a>&nbsp;&nbsp;&nbsp;i2c_clock_low
<LI><a href="#[46]">&gt;&gt;</a>&nbsp;&nbsp;&nbsp;i2c_clock_high
<LI><a href="#[45]">&gt;&gt;</a>&nbsp;&nbsp;&nbsp;i2c_delay
</UL>
<BR>[Called By]<UL><LI><a href="#[5f]">&gt;&gt;</a>&nbsp;&nbsp;&nbsp;i2c_send_recv
<LI><a href="#[5c]">&gt;&gt;</a>&nbsp;&nbsp;&nbsp;i2c_recv
<LI><a href="#[5b]">&gt;&gt;</a>&nbsp;&nbsp;&nbsp;i2c_send_packet
<LI><a href="#[5a]">&gt;&gt;</a>&nbsp;&nbsp;&nbsp;i2c_send
</UL>

<P><STRONG><a name="[4c]"></a>i2c_stop</STRONG> (Thumb, 36 bytes, Stack size 8 bytes, soft_i2c.o(.text), UNUSED)
<BR><BR>[Calls]<UL><LI><a href="#[4b]">&gt;&gt;</a>&nbsp;&nbsp;&nbsp;i2c_data_low
<LI><a href="#[4a]">&gt;&gt;</a>&nbsp;&nbsp;&nbsp;i2c_data_high
<LI><a href="#[46]">&gt;&gt;</a>&nbsp;&nbsp;&nbsp;i2c_clock_high
<LI><a href="#[45]">&gt;&gt;</a>&nbsp;&nbsp;&nbsp;i2c_delay
<LI><a href="#[43]">&gt;&gt;</a>&nbsp;&nbsp;&nbsp;i2c_stretch
</UL>
<BR>[Called By]<UL><LI><a href="#[5f]">&gt;&gt;</a>&nbsp;&nbsp;&nbsp;i2c_send_recv
<LI><a href="#[5e]">&gt;&gt;</a>&nbsp;&nbsp;&nbsp;slave_i2c_recv_packet
<LI><a href="#[5d]">&gt;&gt;</a>&nbsp;&nbsp;&nbsp;slave_i2c_recv
<LI><a href="#[5c]">&gt;&gt;</a>&nbsp;&nbsp;&nbsp;i2c_recv
<LI><a href="#[5b]">&gt;&gt;</a>&nbsp;&nbsp;&nbsp;i2c_send_packet
<LI><a href="#[5a]">&gt;&gt;</a>&nbsp;&nbsp;&nbsp;i2c_send
</UL>

<P><STRONG><a name="[4d]"></a>i2c_read_bit</STRONG> (Thumb, 64 bytes, Stack size 16 bytes, soft_i2c.o(.text), UNUSED)
<BR><BR>[Calls]<UL><LI><a href="#[4a]">&gt;&gt;</a>&nbsp;&nbsp;&nbsp;i2c_data_high
<LI><a href="#[47]">&gt;&gt;</a>&nbsp;&nbsp;&nbsp;i2c_clock_low
<LI><a href="#[46]">&gt;&gt;</a>&nbsp;&nbsp;&nbsp;i2c_clock_high
<LI><a href="#[45]">&gt;&gt;</a>&nbsp;&nbsp;&nbsp;i2c_delay
<LI><a href="#[43]">&gt;&gt;</a>&nbsp;&nbsp;&nbsp;i2c_stretch
<LI><a href="#[35]">&gt;&gt;</a>&nbsp;&nbsp;&nbsp;i2c_data_read
</UL>
<BR>[Called By]<UL><LI><a href="#[56]">&gt;&gt;</a>&nbsp;&nbsp;&nbsp;i2c_get_byte
</UL>

<P><STRONG><a name="[4e]"></a>slave_i2c_read_bit</STRONG> (Thumb, 52 bytes, Stack size 16 bytes, soft_i2c.o(.text), UNUSED)
<BR><BR>[Calls]<UL><LI><a href="#[4a]">&gt;&gt;</a>&nbsp;&nbsp;&nbsp;i2c_data_high
<LI><a href="#[45]">&gt;&gt;</a>&nbsp;&nbsp;&nbsp;i2c_delay
<LI><a href="#[40]">&gt;&gt;</a>&nbsp;&nbsp;&nbsp;wait_for_i2c_clock_low
<LI><a href="#[3f]">&gt;&gt;</a>&nbsp;&nbsp;&nbsp;wait_for_i2c_clock_high
<LI><a href="#[35]">&gt;&gt;</a>&nbsp;&nbsp;&nbsp;i2c_data_read
</UL>
<BR>[Called By]<UL><LI><a href="#[57]">&gt;&gt;</a>&nbsp;&nbsp;&nbsp;slave_i2c_get_byte
</UL>

<P><STRONG><a name="[4f]"></a>i2c_get_ack</STRONG> (Thumb, 68 bytes, Stack size 16 bytes, soft_i2c.o(.text), UNUSED)
<BR><BR>[Calls]<UL><LI><a href="#[4a]">&gt;&gt;</a>&nbsp;&nbsp;&nbsp;i2c_data_high
<LI><a href="#[47]">&gt;&gt;</a>&nbsp;&nbsp;&nbsp;i2c_clock_low
<LI><a href="#[46]">&gt;&gt;</a>&nbsp;&nbsp;&nbsp;i2c_clock_high
<LI><a href="#[45]">&gt;&gt;</a>&nbsp;&nbsp;&nbsp;i2c_delay
<LI><a href="#[43]">&gt;&gt;</a>&nbsp;&nbsp;&nbsp;i2c_stretch
<LI><a href="#[35]">&gt;&gt;</a>&nbsp;&nbsp;&nbsp;i2c_data_read
</UL>
<BR>[Called By]<UL><LI><a href="#[5f]">&gt;&gt;</a>&nbsp;&nbsp;&nbsp;i2c_send_recv
<LI><a href="#[5c]">&gt;&gt;</a>&nbsp;&nbsp;&nbsp;i2c_recv
<LI><a href="#[5b]">&gt;&gt;</a>&nbsp;&nbsp;&nbsp;i2c_send_packet
<LI><a href="#[5a]">&gt;&gt;</a>&nbsp;&nbsp;&nbsp;i2c_send
</UL>

<P><STRONG><a name="[50]"></a>i2c_send_ack</STRONG> (Thumb, 36 bytes, Stack size 8 bytes, soft_i2c.o(.text), UNUSED)
<BR><BR>[Calls]<UL><LI><a href="#[4b]">&gt;&gt;</a>&nbsp;&nbsp;&nbsp;i2c_data_low
<LI><a href="#[45]">&gt;&gt;</a>&nbsp;&nbsp;&nbsp;i2c_delay
<LI><a href="#[44]">&gt;&gt;</a>&nbsp;&nbsp;&nbsp;i2c_clock
</UL>
<BR>[Called By]<UL><LI><a href="#[5f]">&gt;&gt;</a>&nbsp;&nbsp;&nbsp;i2c_send_recv
<LI><a href="#[5c]">&gt;&gt;</a>&nbsp;&nbsp;&nbsp;i2c_recv
</UL>

<P><STRONG><a name="[51]"></a>slave_i2c_send_ack</STRONG> (Thumb, 36 bytes, Stack size 8 bytes, soft_i2c.o(.text), UNUSED)
<BR><BR>[Calls]<UL><LI><a href="#[4b]">&gt;&gt;</a>&nbsp;&nbsp;&nbsp;i2c_data_low
<LI><a href="#[4a]">&gt;&gt;</a>&nbsp;&nbsp;&nbsp;i2c_data_high
<LI><a href="#[45]">&gt;&gt;</a>&nbsp;&nbsp;&nbsp;i2c_delay
<LI><a href="#[48]">&gt;&gt;</a>&nbsp;&nbsp;&nbsp;wait_for_i2c_clock
</UL>
<BR>[Called By]<UL><LI><a href="#[5e]">&gt;&gt;</a>&nbsp;&nbsp;&nbsp;slave_i2c_recv_packet
<LI><a href="#[5d]">&gt;&gt;</a>&nbsp;&nbsp;&nbsp;slave_i2c_recv
</UL>

<P><STRONG><a name="[52]"></a>i2c_send_nak</STRONG> (Thumb, 36 bytes, Stack size 8 bytes, soft_i2c.o(.text), UNUSED)
<BR><BR>[Calls]<UL><LI><a href="#[4b]">&gt;&gt;</a>&nbsp;&nbsp;&nbsp;i2c_data_low
<LI><a href="#[4a]">&gt;&gt;</a>&nbsp;&nbsp;&nbsp;i2c_data_high
<LI><a href="#[45]">&gt;&gt;</a>&nbsp;&nbsp;&nbsp;i2c_delay
<LI><a href="#[44]">&gt;&gt;</a>&nbsp;&nbsp;&nbsp;i2c_clock
</UL>
<BR>[Called By]<UL><LI><a href="#[5f]">&gt;&gt;</a>&nbsp;&nbsp;&nbsp;i2c_send_recv
<LI><a href="#[5c]">&gt;&gt;</a>&nbsp;&nbsp;&nbsp;i2c_recv
</UL>

<P><STRONG><a name="[53]"></a>slave_i2c_send_nak</STRONG> (Thumb, 36 bytes, Stack size 8 bytes, soft_i2c.o(.text), UNUSED)
<BR><BR>[Calls]<UL><LI><a href="#[4a]">&gt;&gt;</a>&nbsp;&nbsp;&nbsp;i2c_data_high
<LI><a href="#[45]">&gt;&gt;</a>&nbsp;&nbsp;&nbsp;i2c_delay
<LI><a href="#[48]">&gt;&gt;</a>&nbsp;&nbsp;&nbsp;wait_for_i2c_clock
</UL>
<BR>[Called By]<UL><LI><a href="#[5e]">&gt;&gt;</a>&nbsp;&nbsp;&nbsp;slave_i2c_recv_packet
<LI><a href="#[5d]">&gt;&gt;</a>&nbsp;&nbsp;&nbsp;slave_i2c_recv
</UL>

<P><STRONG><a name="[54]"></a>i2c_send_byte</STRONG> (Thumb, 78 bytes, Stack size 16 bytes, soft_i2c.o(.text), UNUSED)
<BR><BR>[Calls]<UL><LI><a href="#[4b]">&gt;&gt;</a>&nbsp;&nbsp;&nbsp;i2c_data_low
<LI><a href="#[4a]">&gt;&gt;</a>&nbsp;&nbsp;&nbsp;i2c_data_high
<LI><a href="#[47]">&gt;&gt;</a>&nbsp;&nbsp;&nbsp;i2c_clock_low
<LI><a href="#[45]">&gt;&gt;</a>&nbsp;&nbsp;&nbsp;i2c_delay
<LI><a href="#[44]">&gt;&gt;</a>&nbsp;&nbsp;&nbsp;i2c_clock
</UL>
<BR>[Called By]<UL><LI><a href="#[5f]">&gt;&gt;</a>&nbsp;&nbsp;&nbsp;i2c_send_recv
<LI><a href="#[5c]">&gt;&gt;</a>&nbsp;&nbsp;&nbsp;i2c_recv
<LI><a href="#[5b]">&gt;&gt;</a>&nbsp;&nbsp;&nbsp;i2c_send_packet
<LI><a href="#[5a]">&gt;&gt;</a>&nbsp;&nbsp;&nbsp;i2c_send
<LI><a href="#[55]">&gt;&gt;</a>&nbsp;&nbsp;&nbsp;nonstatic_i2c_send_byte
</UL>

<P><STRONG><a name="[56]"></a>i2c_get_byte</STRONG> (Thumb, 52 bytes, Stack size 16 bytes, soft_i2c.o(.text), UNUSED)
<BR><BR>[Calls]<UL><LI><a href="#[4b]">&gt;&gt;</a>&nbsp;&nbsp;&nbsp;i2c_data_low
<LI><a href="#[47]">&gt;&gt;</a>&nbsp;&nbsp;&nbsp;i2c_clock_low
<LI><a href="#[45]">&gt;&gt;</a>&nbsp;&nbsp;&nbsp;i2c_delay
<LI><a href="#[4d]">&gt;&gt;</a>&nbsp;&nbsp;&nbsp;i2c_read_bit
</UL>
<BR>[Called By]<UL><LI><a href="#[5f]">&gt;&gt;</a>&nbsp;&nbsp;&nbsp;i2c_send_recv
<LI><a href="#[5c]">&gt;&gt;</a>&nbsp;&nbsp;&nbsp;i2c_recv
</UL>

<P><STRONG><a name="[57]"></a>slave_i2c_get_byte</STRONG> (Thumb, 52 bytes, Stack size 16 bytes, soft_i2c.o(.text), UNUSED)
<BR><BR>[Calls]<UL><LI><a href="#[4a]">&gt;&gt;</a>&nbsp;&nbsp;&nbsp;i2c_data_high
<LI><a href="#[46]">&gt;&gt;</a>&nbsp;&nbsp;&nbsp;i2c_clock_high
<LI><a href="#[45]">&gt;&gt;</a>&nbsp;&nbsp;&nbsp;i2c_delay
<LI><a href="#[4e]">&gt;&gt;</a>&nbsp;&nbsp;&nbsp;slave_i2c_read_bit
</UL>
<BR>[Called By]<UL><LI><a href="#[5e]">&gt;&gt;</a>&nbsp;&nbsp;&nbsp;slave_i2c_recv_packet
<LI><a href="#[5d]">&gt;&gt;</a>&nbsp;&nbsp;&nbsp;slave_i2c_recv
</UL>

<P><STRONG><a name="[59]"></a>DrvGPIO_GetInputPinValue</STRONG> (Thumb, 8 bytes, Stack size 0 bytes, soft_i2c.o(.text))
<BR><BR>[Called By]<UL><LI><a href="#[58]">&gt;&gt;</a>&nbsp;&nbsp;&nbsp;i2c_received_stop_condition
<LI><a href="#[35]">&gt;&gt;</a>&nbsp;&nbsp;&nbsp;i2c_data_read
<LI><a href="#[33]">&gt;&gt;</a>&nbsp;&nbsp;&nbsp;i2c_clock_read
</UL>

<P><STRONG><a name="[45]"></a>i2c_delay</STRONG> (Thumb, 12 bytes, Stack size 0 bytes, soft_i2c.o(.text), UNUSED)
<BR><BR>[Called By]<UL><LI><a href="#[57]">&gt;&gt;</a>&nbsp;&nbsp;&nbsp;slave_i2c_get_byte
<LI><a href="#[56]">&gt;&gt;</a>&nbsp;&nbsp;&nbsp;i2c_get_byte
<LI><a href="#[54]">&gt;&gt;</a>&nbsp;&nbsp;&nbsp;i2c_send_byte
<LI><a href="#[53]">&gt;&gt;</a>&nbsp;&nbsp;&nbsp;slave_i2c_send_nak
<LI><a href="#[52]">&gt;&gt;</a>&nbsp;&nbsp;&nbsp;i2c_send_nak
<LI><a href="#[51]">&gt;&gt;</a>&nbsp;&nbsp;&nbsp;slave_i2c_send_ack
<LI><a href="#[50]">&gt;&gt;</a>&nbsp;&nbsp;&nbsp;i2c_send_ack
<LI><a href="#[4f]">&gt;&gt;</a>&nbsp;&nbsp;&nbsp;i2c_get_ack
<LI><a href="#[4e]">&gt;&gt;</a>&nbsp;&nbsp;&nbsp;slave_i2c_read_bit
<LI><a href="#[4d]">&gt;&gt;</a>&nbsp;&nbsp;&nbsp;i2c_read_bit
<LI><a href="#[4c]">&gt;&gt;</a>&nbsp;&nbsp;&nbsp;i2c_stop
<LI><a href="#[49]">&gt;&gt;</a>&nbsp;&nbsp;&nbsp;i2c_start
<LI><a href="#[48]">&gt;&gt;</a>&nbsp;&nbsp;&nbsp;wait_for_i2c_clock
<LI><a href="#[44]">&gt;&gt;</a>&nbsp;&nbsp;&nbsp;i2c_clock
</UL>

<P><STRONG><a name="[46]"></a>i2c_clock_high</STRONG> (Thumb, 16 bytes, Stack size 8 bytes, soft_i2c.o(.text))
<BR><BR>[Stack]<UL><LI>Max Depth = 8<LI>Call Chain = i2c_clock_high
</UL>
<BR>[Calls]<UL><LI><a href="#[60]">&gt;&gt;</a>&nbsp;&nbsp;&nbsp;DrvGPIO_SetOutputBit
</UL>
<BR>[Called By]<UL><LI><a href="#[5e]">&gt;&gt;</a>&nbsp;&nbsp;&nbsp;slave_i2c_recv_packet
<LI><a href="#[5d]">&gt;&gt;</a>&nbsp;&nbsp;&nbsp;slave_i2c_recv
<LI><a href="#[57]">&gt;&gt;</a>&nbsp;&nbsp;&nbsp;slave_i2c_get_byte
<LI><a href="#[4f]">&gt;&gt;</a>&nbsp;&nbsp;&nbsp;i2c_get_ack
<LI><a href="#[4d]">&gt;&gt;</a>&nbsp;&nbsp;&nbsp;i2c_read_bit
<LI><a href="#[4c]">&gt;&gt;</a>&nbsp;&nbsp;&nbsp;i2c_stop
<LI><a href="#[49]">&gt;&gt;</a>&nbsp;&nbsp;&nbsp;i2c_start
<LI><a href="#[44]">&gt;&gt;</a>&nbsp;&nbsp;&nbsp;i2c_clock
<LI><a href="#[3c]">&gt;&gt;</a>&nbsp;&nbsp;&nbsp;i2c_init
</UL>

<P><STRONG><a name="[47]"></a>i2c_clock_low</STRONG> (Thumb, 16 bytes, Stack size 8 bytes, soft_i2c.o(.text), UNUSED)
<BR><BR>[Calls]<UL><LI><a href="#[61]">&gt;&gt;</a>&nbsp;&nbsp;&nbsp;DrvGPIO_ClearOutputBit
</UL>
<BR>[Called By]<UL><LI><a href="#[56]">&gt;&gt;</a>&nbsp;&nbsp;&nbsp;i2c_get_byte
<LI><a href="#[54]">&gt;&gt;</a>&nbsp;&nbsp;&nbsp;i2c_send_byte
<LI><a href="#[4f]">&gt;&gt;</a>&nbsp;&nbsp;&nbsp;i2c_get_ack
<LI><a href="#[4d]">&gt;&gt;</a>&nbsp;&nbsp;&nbsp;i2c_read_bit
<LI><a href="#[49]">&gt;&gt;</a>&nbsp;&nbsp;&nbsp;i2c_start
<LI><a href="#[44]">&gt;&gt;</a>&nbsp;&nbsp;&nbsp;i2c_clock
</UL>

<P><STRONG><a name="[60]"></a>DrvGPIO_SetOutputBit</STRONG> (Thumb, 8 bytes, Stack size 0 bytes, soft_i2c.o(.text))
<BR><BR>[Called By]<UL><LI><a href="#[4a]">&gt;&gt;</a>&nbsp;&nbsp;&nbsp;i2c_data_high
<LI><a href="#[46]">&gt;&gt;</a>&nbsp;&nbsp;&nbsp;i2c_clock_high
</UL>

<P><STRONG><a name="[61]"></a>DrvGPIO_ClearOutputBit</STRONG> (Thumb, 8 bytes, Stack size 0 bytes, soft_i2c.o(.text), UNUSED)
<BR><BR>[Called By]<UL><LI><a href="#[4b]">&gt;&gt;</a>&nbsp;&nbsp;&nbsp;i2c_data_low
<LI><a href="#[47]">&gt;&gt;</a>&nbsp;&nbsp;&nbsp;i2c_clock_low
</UL>

<P><STRONG><a name="[1c]"></a>_printf_input_char</STRONG> (Thumb, 10 bytes, Stack size 0 bytes, _printf_char_common.o(.text))
<BR>[Address Reference Count : 1]<UL><LI> _printf_char_common.o(.text)
</UL><P>
<H3>
Undefined Global Symbols
</H3>
<P><STRONG><a name="[6d]"></a>_call_atexit_fns</STRONG> (ARM, 0 bytes, Stack size 0 bytes, UNDEFINED)
<BR><BR>[Called By]<UL><LI><a href="#[2d]">&gt;&gt;</a>&nbsp;&nbsp;&nbsp;exit
</UL>

<P><STRONG><a name="[68]"></a>_printf_post_padding</STRONG> (ARM, 0 bytes, Stack size 0 bytes, UNDEFINED)
<BR><BR>[Called By]<UL><LI><a href="#[66]">&gt;&gt;</a>&nbsp;&nbsp;&nbsp;_printf_int_common
</UL>

<P><STRONG><a name="[67]"></a>_printf_pre_padding</STRONG> (ARM, 0 bytes, Stack size 0 bytes, UNDEFINED)
<BR><BR>[Called By]<UL><LI><a href="#[66]">&gt;&gt;</a>&nbsp;&nbsp;&nbsp;_printf_int_common
</UL>

<P><STRONG><a name="[65]"></a>_printf_truncate_unsigned</STRONG> (ARM, 0 bytes, Stack size 0 bytes, UNDEFINED)
<BR><BR>[Called By]<UL><LI><a href="#[26]">&gt;&gt;</a>&nbsp;&nbsp;&nbsp;_printf_int_hex
</UL>
<HR></body></html>
