<html>
<body>
<pre>
<h1>µVision Build Log</h1>
<h2>Tool Versions:</h2>
IDE-Version: µVision V5.18.0.0
Copyright (C) 2016 ARM Ltd and ARM Germany GmbH. All rights reserved.
License Information: Robert Garbanati, OLogic, LIC=3UUKP-M8D54-GP5ZR-KEG39-GW9Z0-JZ2N8
 
Tool Versions:
Toolchain:       MDK-ARM Professional  Version: 5.18
Toolchain Path:  C:\Keil_v5\ARM\ARMCC\Bin
C Compiler:      Armcc.exe V5.06 update 1 (build 61)
Assembler:       Armasm.exe V5.06 update 1 (build 61)
Linker/Locator:  ArmLink.exe V5.06 update 1 (build 61)
Library Manager: ArmAr.exe V5.06 update 1 (build 61)
Hex Converter:   FromElf.exe V5.06 update 1 (build 61)
CPU DLL:         SARMCM3.DLL V5.18
Dialog DLL:      DARMCM1.DLL V1.12.0.0
Target DLL:      Nu_Link.dll V1.30
Dialog DLL:      TARMCM1.DLL V1.9.0.0
 
<h2>Project:</h2>
C:\Users\Rob\Documents\OLogic\i2c progression\evb_tests\EVB_i2c_slave\RevB_Head_Keil.uvproj
Project File Date:  10/27/2016

<h2>Output:</h2>
*** Using Compiler 'V5.06 update 1 (build 61)', folder: 'C:\Keil_v5\ARM\ARMCC\Bin'
Build target 'F072_Debug'
compiling Main.c...
Main.c(30): warning:  #177-D: variable "count" was declared but never referenced
  	static int count = 0;
Main.c: 1 warning, 0 errors
linking...
.\F072\Debug\RevB_HeadD_Keil.axf: Warning: C3912W: Option 'device' is deprecated.
Program Size: Code=3462 RO-data=198 RW-data=8 ZI-data=2136  
After Build - User command #1: fromelf --i32combined --output F072\Debug\RevB_HeadD_Keil.hex F072\Debug\RevB_HeadD_Keil.axf
After Build - User command #2: ../Nuvoton/WindowsPlatform/Tool/Utility/hex2bin F072\Debug\RevB_HeadD_Keil.hex
hex2bin v1.0.2, Copyright (C) 2012 Jacques Pelletier
Lowest address = 00000000
Highest address = 00000E53
".\F072\Debug\RevB_HeadD_Keil.axf" - 0 Error(s), 2 Warning(s).
Build Time Elapsed:  00:00:00
</pre>
</body>
</html>
