<html>
<body>
<pre>
<h1>µVision Build Log</h1>
<h2>Project:</h2>
C:\Users\Mike\Documents\OLogic\Nuvoton\CMSIS-RTOS\CMSIS\Boards\Keil\MCB1700\RTX_Blinky\ARM\Blinky.uvproj
Project File Date:  02/24/2012

<h2>Output:</h2>
Build target 'LPC1768 Flash'
assembling startup_LPC17xx.s...
compiling system_LPC17xx.c...
compiling RTX_Conf_CM.c...
compiling GLCD_SPI_LPC1700.c...
compiling LED.c...
compiling Blinky.c...
linking...
Program Size: Code=9592 RO-data=6704 RW-data=108 ZI-data=3060  
".\Flash\Blinky.axf" - 0 Error(s), 0 Warning(s).
Rebuild target 'Simulator'
assembling startup_LPC17xx.s...
compiling system_LPC17xx.c...
compiling RTX_Conf_CM.c...
compiling GLCD_SPI_LPC1700.c...
compiling LED.c...
compiling Blinky.c...
linking...
Program Size: Code=9592 RO-data=6704 RW-data=108 ZI-data=3060  
".\Flash\Blinky.axf" - 0 Error(s), 0 Warning(s).
