Component: ARM Compiler 5.06 update 1 (build 61) Tool: armlink [4d35a8]

==============================================================================

Small function inlining results

Inlined function ferror from semihost_retarget.o at offset 0x10 in _printf_char_file.o(.text).
Inlined Instruction: MOVS     r0,#0, MVNS     r0,r0
Inlined function _platform_pre_stackheap_init from boardinit1.o at offset 0x0 in __rtentry2.o(.ARM.Collect$$rtentry$$00000001).
Inlined Instruction: BX       lr
Inlined function _fp_init from fpinit.o at offset 0x0 in libinit2.o(.ARM.Collect$$libinit$$00000001).
Inlined Instruction: BX       lr
Inlined function _platform_pre_lib_shutdown from boardshut.o at offset 0x0 in rtexit2.o(.ARM.Collect$$rtexit$$00000001).
Inlined Instruction: BX       lr
Inlined function __ARM_get_argv from no_argv.o at offset 0x2 in argv_veneer.o(.text).
Inlined Instruction: BX       lr
Inlined total of 5 calls.

==============================================================================

Section Cross References

    main.o(.text) refers to noretval__2printf.o(.text) for __2printf
    main.o(.text) refers to DRVSYS_drvsys.o(i.DrvSYS_UnlockKeyReg) for DrvSYS_UnlockKeyReg
    main.o(.text) refers to sfr.o(.ARM.__AT_0x50004040) for GPIOB
    main.o(.text) refers to sfr.o(.ARM.__AT_0x50000000) for SYS
    main.o(.text) refers to sfr.o(.ARM.__AT_0x50000200) for CLK
    soft_i2c.o(.text) refers to soft_i2c.o(i.i2c_data_high) for i2c_data_high
    soft_i2c.o(.text) refers to soft_i2c.o(i.i2c_data_low) for i2c_data_low
    startup_n572_keil.o(STACK) refers (Special) to heapauxi.o(.text) for __use_two_region_memory
    startup_n572_keil.o(HEAP) refers (Special) to heapauxi.o(.text) for __use_two_region_memory
    startup_n572_keil.o(RESET) refers (Special) to heapauxi.o(.text) for __use_two_region_memory
    startup_n572_keil.o(RESET) refers to startup_n572_keil.o(STACK) for __initial_sp
    startup_n572_keil.o(RESET) refers to startup_n572_keil.o(.text) for Reset_Handler
    startup_n572_keil.o(RESET) refers to SemiHost_Startup_Keil.o(.text) for HardFault_Handler
    startup_n572_keil.o(RESET) refers to main.o(.text) for GPAB_IRQHandler
    startup_n572_keil.o(.text) refers (Special) to heapauxi.o(.text) for __use_two_region_memory
    startup_n572_keil.o(.text) refers to __main.o(!!!main) for __main
    startup_n572_keil.o(.text) refers to startup_n572_keil.o(HEAP) for Heap_Mem
    startup_n572_keil.o(.text) refers to startup_n572_keil.o(STACK) for Stack_Mem
    DRVSYS_drvsys.o(i.DrvSYS_UnlockKeyReg) refers to sfr.o(.ARM.__AT_0x50000000) for SYS
    __2printf.o(.text) refers to _printf_char_file.o(.text) for _printf_char_file
    __2printf.o(.text) refers to semihost_retarget.o(.data) for __stdout
    noretval__2printf.o(.text) refers to _printf_char_file.o(.text) for _printf_char_file
    noretval__2printf.o(.text) refers to semihost_retarget.o(.data) for __stdout
    __main.o(!!!main) refers to __rtentry.o(.ARM.Collect$$rtentry$$00000000) for __rt_entry
    semihost_retarget.o(i.GetChar) refers to SemiHost_Startup_Keil.o(.text) for SH_DoCommand
    semihost_retarget.o(i.SendChar) refers to SemiHost_Startup_Keil.o(.text) for SH_DoCommand
    semihost_retarget.o(i.SendChar) refers to semihost_retarget.o(.bss) for .bss
    semihost_retarget.o(i.SendChar) refers to semihost_retarget.o(.data) for .data
    semihost_retarget.o(i._ttywrch) refers to semihost_retarget.o(i.SendChar) for SendChar
    semihost_retarget.o(i.fgetc) refers to semihost_retarget.o(i.GetChar) for GetChar
    semihost_retarget.o(i.fputc) refers to semihost_retarget.o(i.SendChar) for SendChar
    __rtentry.o(.ARM.Collect$$rtentry$$00000000) refers (Special) to __rtentry2.o(.ARM.Collect$$rtentry$$0000000A) for __rt_entry_li
    __rtentry.o(.ARM.Collect$$rtentry$$00000000) refers (Special) to __rtentry2.o(.ARM.Collect$$rtentry$$0000000D) for __rt_entry_main
    __rtentry.o(.ARM.Collect$$rtentry$$00000000) refers (Special) to __rtentry2.o(.ARM.Collect$$rtentry$$0000000C) for __rt_entry_postli_1
    __rtentry.o(.ARM.Collect$$rtentry$$00000000) refers (Special) to __rtentry2.o(.ARM.Collect$$rtentry$$00000009) for __rt_entry_postsh_1
    __rtentry.o(.ARM.Collect$$rtentry$$00000000) refers (Special) to __rtentry2.o(.ARM.Collect$$rtentry$$00000002) for __rt_entry_presh_1
    __rtentry.o(.ARM.Collect$$rtentry$$00000000) refers (Special) to __rtentry4.o(.ARM.Collect$$rtentry$$00000004) for __rt_entry_sh
    _printf_char_file.o(.text) refers to _printf_char_common.o(.text) for _printf_char_common
    _printf_char_file.o(.text) refers to semihost_retarget.o(i.fputc) for fputc
    __rtentry2.o(.ARM.Collect$$rtentry$$00000008) refers to boardinit2.o(.text) for _platform_post_stackheap_init
    __rtentry2.o(.ARM.Collect$$rtentry$$0000000A) refers to libinit.o(.ARM.Collect$$libinit$$00000000) for __rt_lib_init
    __rtentry2.o(.ARM.Collect$$rtentry$$0000000B) refers to boardinit3.o(.text) for _platform_post_lib_init
    __rtentry2.o(.ARM.Collect$$rtentry$$0000000D) refers to main.o(.text) for main
    __rtentry2.o(.ARM.Collect$$rtentry$$0000000D) refers to exit.o(.text) for exit
    __rtentry2.o(.ARM.exidx) refers to __rtentry2.o(.ARM.Collect$$rtentry$$00000001) for .ARM.Collect$$rtentry$$00000001
    __rtentry2.o(.ARM.exidx) refers to __rtentry2.o(.ARM.Collect$$rtentry$$00000008) for .ARM.Collect$$rtentry$$00000008
    __rtentry2.o(.ARM.exidx) refers to __rtentry2.o(.ARM.Collect$$rtentry$$0000000A) for .ARM.Collect$$rtentry$$0000000A
    __rtentry2.o(.ARM.exidx) refers to __rtentry2.o(.ARM.Collect$$rtentry$$0000000B) for .ARM.Collect$$rtentry$$0000000B
    __rtentry2.o(.ARM.exidx) refers to __rtentry2.o(.ARM.Collect$$rtentry$$0000000D) for .ARM.Collect$$rtentry$$0000000D
    __rtentry4.o(.ARM.Collect$$rtentry$$00000004) refers to sys_stackheap_outer.o(.text) for __user_setup_stackheap
    __rtentry4.o(.ARM.exidx) refers to __rtentry4.o(.ARM.Collect$$rtentry$$00000004) for .ARM.Collect$$rtentry$$00000004
    _printf_char_common.o(.text) refers to __printf_nopercent.o(.text) for __printf
    sys_stackheap_outer.o(.text) refers to libspace.o(.text) for __user_perproc_libspace
    sys_stackheap_outer.o(.text) refers to startup_n572_keil.o(.text) for __user_initial_stackheap
    sys_stackheap_outer.o(__vectab_stack_and_reset_area) refers to tempstk.o(.text) for __temporary_stack_top
    sys_stackheap_outer.o(__vectab_stack_and_reset_area) refers to __main.o(!!!main) for __main
    exit.o(.text) refers to rtexit.o(.ARM.Collect$$rtexit$$00000000) for __rt_exit
    libinit.o(.ARM.Collect$$libinit$$00000000) refers (Special) to libinit2.o(.ARM.Collect$$libinit$$0000002E) for __rt_lib_init_alloca_1
    libinit.o(.ARM.Collect$$libinit$$00000000) refers (Special) to libinit2.o(.ARM.Collect$$libinit$$0000002C) for __rt_lib_init_argv_1
    libinit.o(.ARM.Collect$$libinit$$00000000) refers (Special) to libinit2.o(.ARM.Collect$$libinit$$0000001B) for __rt_lib_init_atexit_1
    libinit.o(.ARM.Collect$$libinit$$00000000) refers (Special) to libinit2.o(.ARM.Collect$$libinit$$00000021) for __rt_lib_init_clock_1
    libinit.o(.ARM.Collect$$libinit$$00000000) refers (Special) to libinit2.o(.ARM.Collect$$libinit$$00000032) for __rt_lib_init_cpp_1
    libinit.o(.ARM.Collect$$libinit$$00000000) refers (Special) to libinit2.o(.ARM.Collect$$libinit$$00000030) for __rt_lib_init_exceptions_1
    libinit.o(.ARM.Collect$$libinit$$00000000) refers (Special) to libinit2.o(.ARM.Collect$$libinit$$00000002) for __rt_lib_init_fp_1
    libinit.o(.ARM.Collect$$libinit$$00000000) refers (Special) to libinit2.o(.ARM.Collect$$libinit$$0000001F) for __rt_lib_init_fp_trap_1
    libinit.o(.ARM.Collect$$libinit$$00000000) refers (Special) to libinit2.o(.ARM.Collect$$libinit$$00000023) for __rt_lib_init_getenv_1
    libinit.o(.ARM.Collect$$libinit$$00000000) refers (Special) to libinit2.o(.ARM.Collect$$libinit$$0000000A) for __rt_lib_init_heap_1
    libinit.o(.ARM.Collect$$libinit$$00000000) refers (Special) to libinit2.o(.ARM.Collect$$libinit$$00000011) for __rt_lib_init_lc_collate_1
    libinit.o(.ARM.Collect$$libinit$$00000000) refers (Special) to libinit2.o(.ARM.Collect$$libinit$$00000013) for __rt_lib_init_lc_ctype_1
    libinit.o(.ARM.Collect$$libinit$$00000000) refers (Special) to libinit2.o(.ARM.Collect$$libinit$$00000015) for __rt_lib_init_lc_monetary_1
    libinit.o(.ARM.Collect$$libinit$$00000000) refers (Special) to libinit2.o(.ARM.Collect$$libinit$$00000017) for __rt_lib_init_lc_numeric_1
    libinit.o(.ARM.Collect$$libinit$$00000000) refers (Special) to libinit2.o(.ARM.Collect$$libinit$$00000019) for __rt_lib_init_lc_time_1
    libinit.o(.ARM.Collect$$libinit$$00000000) refers (Special) to libinit2.o(.ARM.Collect$$libinit$$00000004) for __rt_lib_init_preinit_1
    libinit.o(.ARM.Collect$$libinit$$00000000) refers (Special) to libinit2.o(.ARM.Collect$$libinit$$0000000E) for __rt_lib_init_rand_1
    libinit.o(.ARM.Collect$$libinit$$00000000) refers (Special) to libinit2.o(.ARM.Collect$$libinit$$00000033) for __rt_lib_init_return
    libinit.o(.ARM.Collect$$libinit$$00000000) refers (Special) to libinit2.o(.ARM.Collect$$libinit$$0000001D) for __rt_lib_init_signal_1
    libinit.o(.ARM.Collect$$libinit$$00000000) refers (Special) to libinit2.o(.ARM.Collect$$libinit$$00000025) for __rt_lib_init_stdio_1
    libinit.o(.ARM.Collect$$libinit$$00000000) refers (Special) to libinit2.o(.ARM.Collect$$libinit$$0000000C) for __rt_lib_init_user_alloc_1
    libspace.o(.text) refers to libspace.o(.bss) for __libspace_start
    rtexit.o(.ARM.Collect$$rtexit$$00000000) refers (Special) to rtexit2.o(.ARM.Collect$$rtexit$$00000004) for __rt_exit_exit
    rtexit.o(.ARM.Collect$$rtexit$$00000000) refers (Special) to rtexit2.o(.ARM.Collect$$rtexit$$00000003) for __rt_exit_ls
    rtexit.o(.ARM.Collect$$rtexit$$00000000) refers (Special) to rtexit2.o(.ARM.Collect$$rtexit$$00000002) for __rt_exit_prels_1
    rtexit.o(.ARM.exidx) refers (Special) to rtexit2.o(.ARM.Collect$$rtexit$$00000004) for __rt_exit_exit
    rtexit.o(.ARM.exidx) refers (Special) to rtexit2.o(.ARM.Collect$$rtexit$$00000003) for __rt_exit_ls
    rtexit.o(.ARM.exidx) refers (Special) to rtexit2.o(.ARM.Collect$$rtexit$$00000002) for __rt_exit_prels_1
    rtexit.o(.ARM.exidx) refers to rtexit.o(.ARM.Collect$$rtexit$$00000000) for .ARM.Collect$$rtexit$$00000000
    libinit2.o(.ARM.Collect$$libinit$$00000010) refers to libinit2.o(.ARM.Collect$$libinit$$0000000F) for .ARM.Collect$$libinit$$0000000F
    libinit2.o(.ARM.Collect$$libinit$$00000012) refers to libinit2.o(.ARM.Collect$$libinit$$0000000F) for .ARM.Collect$$libinit$$0000000F
    libinit2.o(.ARM.Collect$$libinit$$00000014) refers to libinit2.o(.ARM.Collect$$libinit$$0000000F) for .ARM.Collect$$libinit$$0000000F
    libinit2.o(.ARM.Collect$$libinit$$00000016) refers to libinit2.o(.ARM.Collect$$libinit$$0000000F) for .ARM.Collect$$libinit$$0000000F
    libinit2.o(.ARM.Collect$$libinit$$00000018) refers to libinit2.o(.ARM.Collect$$libinit$$0000000F) for .ARM.Collect$$libinit$$0000000F
    libinit2.o(.ARM.Collect$$libinit$$00000026) refers to argv_veneer.o(.text) for __ARM_argv_veneer
    libinit2.o(.ARM.Collect$$libinit$$00000027) refers to argv_veneer.o(.text) for __ARM_argv_veneer
    rtexit2.o(.ARM.Collect$$rtexit$$00000003) refers to libshutdown.o(.ARM.Collect$$libshutdown$$00000000) for __rt_lib_shutdown
    rtexit2.o(.ARM.Collect$$rtexit$$00000004) refers to sys_exit.o(.text) for _sys_exit
    rtexit2.o(.ARM.exidx) refers to rtexit2.o(.ARM.Collect$$rtexit$$00000001) for .ARM.Collect$$rtexit$$00000001
    rtexit2.o(.ARM.exidx) refers to rtexit2.o(.ARM.Collect$$rtexit$$00000003) for .ARM.Collect$$rtexit$$00000003
    rtexit2.o(.ARM.exidx) refers to rtexit2.o(.ARM.Collect$$rtexit$$00000004) for .ARM.Collect$$rtexit$$00000004
    sys_exit.o(.text) refers (Special) to use_no_semi.o(.text) for __I$use$semihosting
    sys_exit.o(.text) refers (Special) to indicate_semi.o(.text) for __semihosting_library_function
    _get_argv_nomalloc.o(.text) refers (Special) to hrguard.o(.text) for __heap_region$guard
    _get_argv_nomalloc.o(.text) refers to defsig_rtmem_outer.o(.text) for __rt_SIGRTMEM
    _get_argv_nomalloc.o(.text) refers to sys_command.o(.text) for _sys_command_string
    libshutdown.o(.ARM.Collect$$libshutdown$$00000000) refers (Special) to libshutdown2.o(.ARM.Collect$$libshutdown$$00000002) for __rt_lib_shutdown_cpp_1
    libshutdown.o(.ARM.Collect$$libshutdown$$00000000) refers (Special) to libshutdown2.o(.ARM.Collect$$libshutdown$$00000007) for __rt_lib_shutdown_fp_trap_1
    libshutdown.o(.ARM.Collect$$libshutdown$$00000000) refers (Special) to libshutdown2.o(.ARM.Collect$$libshutdown$$0000000F) for __rt_lib_shutdown_heap_1
    libshutdown.o(.ARM.Collect$$libshutdown$$00000000) refers (Special) to libshutdown2.o(.ARM.Collect$$libshutdown$$00000010) for __rt_lib_shutdown_return
    libshutdown.o(.ARM.Collect$$libshutdown$$00000000) refers (Special) to libshutdown2.o(.ARM.Collect$$libshutdown$$0000000A) for __rt_lib_shutdown_signal_1
    libshutdown.o(.ARM.Collect$$libshutdown$$00000000) refers (Special) to libshutdown2.o(.ARM.Collect$$libshutdown$$00000004) for __rt_lib_shutdown_stdio_1
    libshutdown.o(.ARM.Collect$$libshutdown$$00000000) refers (Special) to libshutdown2.o(.ARM.Collect$$libshutdown$$0000000C) for __rt_lib_shutdown_user_alloc_1
    sys_command.o(.text) refers (Special) to use_no_semi.o(.text) for __I$use$semihosting
    sys_command.o(.text) refers (Special) to indicate_semi.o(.text) for __semihosting_library_function
    defsig_rtmem_outer.o(.text) refers to defsig_rtmem_inner.o(.text) for __rt_SIGRTMEM_inner
    defsig_rtmem_outer.o(.text) refers to defsig_exit.o(.text) for __sig_exit
    defsig_rtmem_formal.o(.text) refers to rt_raise.o(.text) for __rt_raise
    rt_raise.o(.text) refers to __raise.o(.text) for __raise
    rt_raise.o(.text) refers to sys_exit.o(.text) for _sys_exit
    defsig_exit.o(.text) refers to sys_exit.o(.text) for _sys_exit
    defsig_rtmem_inner.o(.text) refers to defsig_general.o(.text) for __default_signal_display
    __raise.o(.text) refers to defsig.o(CL$$defsig) for __default_signal_handler
    defsig_general.o(.text) refers to semihost_retarget.o(i._ttywrch) for _ttywrch
    defsig.o(CL$$defsig) refers to defsig_rtmem_inner.o(.text) for __rt_SIGRTMEM_inner
    defsig_abrt_inner.o(.text) refers to defsig_general.o(.text) for __default_signal_display
    defsig_fpe_inner.o(.text) refers to defsig_general.o(.text) for __default_signal_display
    defsig_rtred_inner.o(.text) refers to defsig_general.o(.text) for __default_signal_display
    defsig_stak_inner.o(.text) refers to defsig_general.o(.text) for __default_signal_display
    defsig_pvfn_inner.o(.text) refers to defsig_general.o(.text) for __default_signal_display
    defsig_cppl_inner.o(.text) refers to defsig_general.o(.text) for __default_signal_display
    defsig_segv_inner.o(.text) refers to defsig_general.o(.text) for __default_signal_display
    defsig_other.o(.text) refers to defsig_general.o(.text) for __default_signal_display
    soft_i2c.o(i.i2c_data_high) refers to soft_i2c.o(.text) for DrvGPIO_SetOutputBit
    soft_i2c.o(i.i2c_data_low) refers to soft_i2c.o(.text) for DrvGPIO_ClearOutputBit


==============================================================================

Removing Unused input sections from the image.

    Removing main.o(.data), (16 bytes).
    Removing soft_i2c.o(.text), (1738 bytes).
    Removing core_cm0.o(.emb_text), (32 bytes).
    Removing DRVSYS_drvsys.o(i.DrvSYS_GetVersion), (8 bytes).
    Removing semihost_retarget.o(i.GetChar), (46 bytes).
    Removing semihost_retarget.o(i.SemiHost_GetVersion), (8 bytes).
    Removing semihost_retarget.o(i._ttywrch), (8 bytes).
    Removing semihost_retarget.o(i.ferror), (6 bytes).
    Removing semihost_retarget.o(i.fgetc), (8 bytes).
    Removing semihost_retarget.o(.data), (4 bytes).
    Removing soft_i2c.o(i.i2c_data_high), (16 bytes).
    Removing soft_i2c.o(i.i2c_data_low), (16 bytes).

12 unused section(s) (total 1906 bytes) removed from the image.

==============================================================================

Image Symbol Table

    Local Symbols

    Symbol Name                              Value     Ov Type        Size  Object(Section)

    RESET                                    0x00000000   Section      124  startup_n572_keil.o(RESET)
    ../clib/angel/boardlib.s                 0x00000000   Number         0  boardshut.o ABSOLUTE
    ../clib/angel/boardlib.s                 0x00000000   Number         0  boardinit1.o ABSOLUTE
    ../clib/angel/boardlib.s                 0x00000000   Number         0  boardinit3.o ABSOLUTE
    ../clib/angel/boardlib.s                 0x00000000   Number         0  boardinit2.o ABSOLUTE
    ../clib/angel/handlers.s                 0x00000000   Number         0  __scatter_copy.o ABSOLUTE
    ../clib/angel/handlers.s                 0x00000000   Number         0  __scatter_zi.o ABSOLUTE
    ../clib/angel/kernel.s                   0x00000000   Number         0  __rtentry4.o ABSOLUTE
    ../clib/angel/kernel.s                   0x00000000   Number         0  __rtentry.o ABSOLUTE
    ../clib/angel/kernel.s                   0x00000000   Number         0  rtexit2.o ABSOLUTE
    ../clib/angel/kernel.s                   0x00000000   Number         0  rtexit.o ABSOLUTE
    ../clib/angel/kernel.s                   0x00000000   Number         0  __rtentry2.o ABSOLUTE
    ../clib/angel/rt.s                       0x00000000   Number         0  rt_raise.o ABSOLUTE
    ../clib/angel/scatterp.s                 0x00000000   Number         0  __scatter.o ABSOLUTE
    ../clib/angel/startup.s                  0x00000000   Number         0  __main.o ABSOLUTE
    ../clib/angel/sys.s                      0x00000000   Number         0  indicate_semi.o ABSOLUTE
    ../clib/angel/sys.s                      0x00000000   Number         0  use_no_semi.o ABSOLUTE
    ../clib/angel/sys.s                      0x00000000   Number         0  sys_stackheap_outer.o ABSOLUTE
    ../clib/angel/sys.s                      0x00000000   Number         0  tempstk.o ABSOLUTE
    ../clib/angel/sys.s                      0x00000000   Number         0  libspace.o ABSOLUTE
    ../clib/angel/sysapp.c                   0x00000000   Number         0  sys_command.o ABSOLUTE
    ../clib/angel/sysapp.c                   0x00000000   Number         0  sys_exit.o ABSOLUTE
    ../clib/armsys.c                         0x00000000   Number         0  no_argv.o ABSOLUTE
    ../clib/armsys.c                         0x00000000   Number         0  argv_veneer.o ABSOLUTE
    ../clib/armsys.c                         0x00000000   Number         0  _get_argv_nomalloc.o ABSOLUTE
    ../clib/heapalloc.c                      0x00000000   Number         0  hrguard.o ABSOLUTE
    ../clib/heapaux.c                        0x00000000   Number         0  heapauxi.o ABSOLUTE
    ../clib/libinit.s                        0x00000000   Number         0  libinit2.o ABSOLUTE
    ../clib/libinit.s                        0x00000000   Number         0  libinit.o ABSOLUTE
    ../clib/libinit.s                        0x00000000   Number         0  libshutdown2.o ABSOLUTE
    ../clib/libinit.s                        0x00000000   Number         0  libshutdown.o ABSOLUTE
    ../clib/printf.c                         0x00000000   Number         0  _printf_char_file.o ABSOLUTE
    ../clib/printf.c                         0x00000000   Number         0  __printf_nopercent.o ABSOLUTE
    ../clib/printf.c                         0x00000000   Number         0  noretval__2printf.o ABSOLUTE
    ../clib/printf.c                         0x00000000   Number         0  __2printf.o ABSOLUTE
    ../clib/printf.c                         0x00000000   Number         0  _printf_char_common.o ABSOLUTE
    ../clib/signal.c                         0x00000000   Number         0  defsig_rtred_inner.o ABSOLUTE
    ../clib/signal.c                         0x00000000   Number         0  defsig_other.o ABSOLUTE
    ../clib/signal.c                         0x00000000   Number         0  defsig_segv_inner.o ABSOLUTE
    ../clib/signal.c                         0x00000000   Number         0  defsig_cppl_inner.o ABSOLUTE
    ../clib/signal.c                         0x00000000   Number         0  defsig_pvfn_inner.o ABSOLUTE
    ../clib/signal.c                         0x00000000   Number         0  defsig_stak_inner.o ABSOLUTE
    ../clib/signal.c                         0x00000000   Number         0  defsig_fpe_inner.o ABSOLUTE
    ../clib/signal.c                         0x00000000   Number         0  defsig_abrt_inner.o ABSOLUTE
    ../clib/signal.c                         0x00000000   Number         0  defsig_general.o ABSOLUTE
    ../clib/signal.c                         0x00000000   Number         0  defsig_rtmem_inner.o ABSOLUTE
    ../clib/signal.c                         0x00000000   Number         0  defsig_exit.o ABSOLUTE
    ../clib/signal.c                         0x00000000   Number         0  defsig_rtmem_formal.o ABSOLUTE
    ../clib/signal.c                         0x00000000   Number         0  __raise.o ABSOLUTE
    ../clib/signal.c                         0x00000000   Number         0  defsig_rtmem_outer.o ABSOLUTE
    ../clib/signal.s                         0x00000000   Number         0  defsig.o ABSOLUTE
    ../clib/stdlib.c                         0x00000000   Number         0  exit.o ABSOLUTE
    ../fplib/cfplib/fpinit.c                 0x00000000   Number         0  fpinit.o ABSOLUTE
    ..\Nuvoton\CMSIS\CM0\core_cm0.c          0x00000000   Number         0  core_cm0.o ABSOLUTE
    ..\Nuvoton\CMSIS\CM0\startup\arm\startup_N572_Keil.s 0x00000000   Number         0  startup_n572_keil.o ABSOLUTE
    ..\Nuvoton\HW\Include\SFR.c              0x00000000   Number         0  sfr.o ABSOLUTE
    ..\\Nuvoton\\CMSIS\\CM0\\core_cm0.c      0x00000000   Number         0  core_cm0.o ABSOLUTE
    DrvSYS.c                                 0x00000000   Number         0  DRVSYS_drvsys.o ABSOLUTE
    Main.c                                   0x00000000   Number         0  main.o ABSOLUTE
    SemiHost_Retarget.c                      0x00000000   Number         0  semihost_retarget.o ABSOLUTE
    SemiHost_Startup_Keil.s                  0x00000000   Number         0  SemiHost_Startup_Keil.o ABSOLUTE
    soft_i2c.c                               0x00000000   Number         0  soft_i2c.o ABSOLUTE
    !!!main                                  0x0000007c   Section        8  __main.o(!!!main)
    !!!scatter                               0x00000084   Section       60  __scatter.o(!!!scatter)
    !!handler_copy                           0x000000c0   Section       26  __scatter_copy.o(!!handler_copy)
    !!handler_zi                             0x000000dc   Section       28  __scatter_zi.o(!!handler_zi)
    .ARM.Collect$$libinit$$00000000          0x000000f8   Section        2  libinit.o(.ARM.Collect$$libinit$$00000000)
    .ARM.Collect$$libinit$$00000002          0x000000fa   Section        0  libinit2.o(.ARM.Collect$$libinit$$00000002)
    .ARM.Collect$$libinit$$00000004          0x000000fa   Section        0  libinit2.o(.ARM.Collect$$libinit$$00000004)
    .ARM.Collect$$libinit$$0000000A          0x000000fa   Section        0  libinit2.o(.ARM.Collect$$libinit$$0000000A)
    .ARM.Collect$$libinit$$0000000C          0x000000fa   Section        0  libinit2.o(.ARM.Collect$$libinit$$0000000C)
    .ARM.Collect$$libinit$$0000000E          0x000000fa   Section        0  libinit2.o(.ARM.Collect$$libinit$$0000000E)
    .ARM.Collect$$libinit$$00000011          0x000000fa   Section        0  libinit2.o(.ARM.Collect$$libinit$$00000011)
    .ARM.Collect$$libinit$$00000013          0x000000fa   Section        0  libinit2.o(.ARM.Collect$$libinit$$00000013)
    .ARM.Collect$$libinit$$00000015          0x000000fa   Section        0  libinit2.o(.ARM.Collect$$libinit$$00000015)
    .ARM.Collect$$libinit$$00000017          0x000000fa   Section        0  libinit2.o(.ARM.Collect$$libinit$$00000017)
    .ARM.Collect$$libinit$$00000019          0x000000fa   Section        0  libinit2.o(.ARM.Collect$$libinit$$00000019)
    .ARM.Collect$$libinit$$0000001B          0x000000fa   Section        0  libinit2.o(.ARM.Collect$$libinit$$0000001B)
    .ARM.Collect$$libinit$$0000001D          0x000000fa   Section        0  libinit2.o(.ARM.Collect$$libinit$$0000001D)
    .ARM.Collect$$libinit$$0000001F          0x000000fa   Section        0  libinit2.o(.ARM.Collect$$libinit$$0000001F)
    .ARM.Collect$$libinit$$00000021          0x000000fa   Section        0  libinit2.o(.ARM.Collect$$libinit$$00000021)
    .ARM.Collect$$libinit$$00000023          0x000000fa   Section        0  libinit2.o(.ARM.Collect$$libinit$$00000023)
    .ARM.Collect$$libinit$$00000025          0x000000fa   Section        0  libinit2.o(.ARM.Collect$$libinit$$00000025)
    .ARM.Collect$$libinit$$0000002C          0x000000fa   Section        0  libinit2.o(.ARM.Collect$$libinit$$0000002C)
    .ARM.Collect$$libinit$$0000002E          0x000000fa   Section        0  libinit2.o(.ARM.Collect$$libinit$$0000002E)
    .ARM.Collect$$libinit$$00000030          0x000000fa   Section        0  libinit2.o(.ARM.Collect$$libinit$$00000030)
    .ARM.Collect$$libinit$$00000032          0x000000fa   Section        0  libinit2.o(.ARM.Collect$$libinit$$00000032)
    .ARM.Collect$$libinit$$00000033          0x000000fa   Section        2  libinit2.o(.ARM.Collect$$libinit$$00000033)
    .ARM.Collect$$libshutdown$$00000000      0x000000fc   Section        2  libshutdown.o(.ARM.Collect$$libshutdown$$00000000)
    .ARM.Collect$$libshutdown$$00000002      0x000000fe   Section        0  libshutdown2.o(.ARM.Collect$$libshutdown$$00000002)
    .ARM.Collect$$libshutdown$$00000004      0x000000fe   Section        0  libshutdown2.o(.ARM.Collect$$libshutdown$$00000004)
    .ARM.Collect$$libshutdown$$00000007      0x000000fe   Section        0  libshutdown2.o(.ARM.Collect$$libshutdown$$00000007)
    .ARM.Collect$$libshutdown$$0000000A      0x000000fe   Section        0  libshutdown2.o(.ARM.Collect$$libshutdown$$0000000A)
    .ARM.Collect$$libshutdown$$0000000C      0x000000fe   Section        0  libshutdown2.o(.ARM.Collect$$libshutdown$$0000000C)
    .ARM.Collect$$libshutdown$$0000000F      0x000000fe   Section        0  libshutdown2.o(.ARM.Collect$$libshutdown$$0000000F)
    .ARM.Collect$$libshutdown$$00000010      0x000000fe   Section        2  libshutdown2.o(.ARM.Collect$$libshutdown$$00000010)
    .ARM.Collect$$rtentry$$00000000          0x00000100   Section        0  __rtentry.o(.ARM.Collect$$rtentry$$00000000)
    .ARM.Collect$$rtentry$$00000002          0x00000100   Section        0  __rtentry2.o(.ARM.Collect$$rtentry$$00000002)
    .ARM.Collect$$rtentry$$00000004          0x00000100   Section        6  __rtentry4.o(.ARM.Collect$$rtentry$$00000004)
    .ARM.Collect$$rtentry$$00000009          0x00000106   Section        0  __rtentry2.o(.ARM.Collect$$rtentry$$00000009)
    .ARM.Collect$$rtentry$$0000000A          0x00000106   Section        4  __rtentry2.o(.ARM.Collect$$rtentry$$0000000A)
    .ARM.Collect$$rtentry$$0000000C          0x0000010a   Section        0  __rtentry2.o(.ARM.Collect$$rtentry$$0000000C)
    .ARM.Collect$$rtentry$$0000000D          0x0000010a   Section        8  __rtentry2.o(.ARM.Collect$$rtentry$$0000000D)
    .ARM.Collect$$rtexit$$00000000           0x00000112   Section        2  rtexit.o(.ARM.Collect$$rtexit$$00000000)
    .ARM.Collect$$rtexit$$00000002           0x00000114   Section        0  rtexit2.o(.ARM.Collect$$rtexit$$00000002)
    .ARM.Collect$$rtexit$$00000003           0x00000114   Section        4  rtexit2.o(.ARM.Collect$$rtexit$$00000003)
    .ARM.Collect$$rtexit$$00000004           0x00000118   Section        6  rtexit2.o(.ARM.Collect$$rtexit$$00000004)
    .text                                    0x00000120   Section        0  main.o(.text)
    DrvGPIO_SetFallingInt                    0x00000121   Thumb Code    26  main.o(.text)
    DrvGPIO_SetOutputBit                     0x0000022b   Thumb Code     8  main.o(.text)
    DrvGPIO_ClearOutputBit                   0x00000233   Thumb Code     8  main.o(.text)
    DrvGPIO_ClearIntFlag                     0x0000023b   Thumb Code     4  main.o(.text)
    SysClkConfigRC                           0x0000023f   Thumb Code   116  main.o(.text)
    .text                                    0x000002e8   Section       44  startup_n572_keil.o(.text)
    .text                                    0x00000314   Section        0  noretval__2printf.o(.text)
    .text                                    0x00000330   Section        0  heapauxi.o(.text)
    .text                                    0x00000338   Section        0  _printf_char_file.o(.text)
    .text                                    0x00000360   Section       68  SemiHost_Startup_Keil.o(.text)
    .text                                    0x000003a4   Section        0  _printf_char_common.o(.text)
    _printf_input_char                       0x000003a5   Thumb Code    10  _printf_char_common.o(.text)
    .text                                    0x000003d4   Section       62  sys_stackheap_outer.o(.text)
    .text                                    0x00000412   Section        0  __printf_nopercent.o(.text)
    .text                                    0x00000436   Section        0  exit.o(.text)
    .text                                    0x00000448   Section        8  libspace.o(.text)
    .text                                    0x00000450   Section        0  sys_exit.o(.text)
    .text                                    0x0000045c   Section        2  use_no_semi.o(.text)
    .text                                    0x0000045e   Section        0  indicate_semi.o(.text)
    i.DrvSYS_UnlockKeyReg                    0x00000460   Section        0  DRVSYS_drvsys.o(i.DrvSYS_UnlockKeyReg)
    i.SendChar                               0x00000474   Section        0  semihost_retarget.o(i.SendChar)
    i.fputc                                  0x000004ac   Section        0  semihost_retarget.o(i.fputc)
    STACK                                    0x20000000   Section     1024  startup_n572_keil.o(STACK)
    Stack_Mem                                0x20000000   Data        1024  startup_n572_keil.o(STACK)
    .data                                    0x20000400   Section        1  semihost_retarget.o(.data)
    __initial_sp                             0x20000400   Data           0  startup_n572_keil.o(STACK)
    s_u8SemiBufLen                           0x20000400   Data           1  semihost_retarget.o(.data)
    .data                                    0x20000404   Section        4  semihost_retarget.o(.data)
    .bss                                     0x20000408   Section       16  semihost_retarget.o(.bss)
    s_au8SemiBuf                             0x20000408   Data          16  semihost_retarget.o(.bss)
    .bss                                     0x20000418   Section       96  libspace.o(.bss)
    HEAP                                     0x20000478   Section        0  startup_n572_keil.o(HEAP)
    Heap_Mem                                 0x20000478   Data           0  startup_n572_keil.o(HEAP)
    .ARM.__AT_0x40004000                     0x40004000   Section        4  sfr.o(.ARM.__AT_0x40004000)
    .ARM.__AT_0x40008000                     0x40008000   Section        4  sfr.o(.ARM.__AT_0x40008000)
    .ARM.__AT_0x40010000                     0x40010000   Section       16  sfr.o(.ARM.__AT_0x40010000)
    .ARM.__AT_0x40010020                     0x40010020   Section       16  sfr.o(.ARM.__AT_0x40010020)
    .ARM.__AT_0x40010030                     0x40010030   Section        4  sfr.o(.ARM.__AT_0x40010030)
    .ARM.__AT_0x40010034                     0x40010034   Section        4  sfr.o(.ARM.__AT_0x40010034)
    .ARM.__AT_0x40010040                     0x40010040   Section       16  sfr.o(.ARM.__AT_0x40010040)
    .ARM.__AT_0x40030000                     0x40030000   Section       52  sfr.o(.ARM.__AT_0x40030000)
    .ARM.__AT_0x40034000                     0x40034000   Section       52  sfr.o(.ARM.__AT_0x40034000)
    .ARM.__AT_0x40040000                     0x40040000   Section      128  sfr.o(.ARM.__AT_0x40040000)
    .ARM.__AT_0x400E0000                     0x400e0000   Section       68  sfr.o(.ARM.__AT_0x400E0000)
    .ARM.__AT_0x50000000                     0x50000000   Section      308  sfr.o(.ARM.__AT_0x50000000)
    .ARM.__AT_0x50000200                     0x50000200   Section       36  sfr.o(.ARM.__AT_0x50000200)
    .ARM.__AT_0x50000300                     0x50000300   Section      136  sfr.o(.ARM.__AT_0x50000300)
    .ARM.__AT_0x50004000                     0x50004000   Section       36  sfr.o(.ARM.__AT_0x50004000)
    .ARM.__AT_0x50004040                     0x50004040   Section       36  sfr.o(.ARM.__AT_0x50004040)
    .ARM.__AT_0x50008000                     0x50008000   Section       48  sfr.o(.ARM.__AT_0x50008000)
    .ARM.__AT_0x5000C000                     0x5000c000   Section       20  sfr.o(.ARM.__AT_0x5000C000)

    Global Symbols

    Symbol Name                              Value     Ov Type        Size  Object(Section)

    BuildAttributes$$THM_ISAv3M$S$PE$A:L22$X:L11$S22$IEEE1$IW$USESV6$~STKCKD$USESV7$~SHL$OSPACE$ROPI$EBA8$UX$STANDARDLIB$REQ8$PRES8$EABIv2 0x00000000   Number         0  anon$$obj.o ABSOLUTE
    __ARM_use_no_argv                        0x00000000   Number         0  main.o ABSOLUTE
    __Vectors                                0x00000000   Data           4  startup_n572_keil.o(RESET)
    __ARM_exceptions_init                     - Undefined Weak Reference
    __alloca_initialize                       - Undefined Weak Reference
    __arm_preinit_                            - Undefined Weak Reference
    __cpp_initialize__aeabi_                  - Undefined Weak Reference
    __cxa_finalize                            - Undefined Weak Reference
    __rt_locale                               - Undefined Weak Reference
    __sigvec_lookup                           - Undefined Weak Reference
    _atexit_init                              - Undefined Weak Reference
    _call_atexit_fns                          - Undefined Weak Reference
    _clock_init                               - Undefined Weak Reference
    _fp_trap_init                             - Undefined Weak Reference
    _fp_trap_shutdown                         - Undefined Weak Reference
    _get_lc_collate                           - Undefined Weak Reference
    _get_lc_ctype                             - Undefined Weak Reference
    _get_lc_monetary                          - Undefined Weak Reference
    _get_lc_numeric                           - Undefined Weak Reference
    _get_lc_time                              - Undefined Weak Reference
    _getenv_init                              - Undefined Weak Reference
    _handle_redirection                       - Undefined Weak Reference
    _init_alloc                               - Undefined Weak Reference
    _init_user_alloc                          - Undefined Weak Reference
    _initio                                   - Undefined Weak Reference
    _rand_init                                - Undefined Weak Reference
    _signal_finish                            - Undefined Weak Reference
    _signal_init                              - Undefined Weak Reference
    _terminate_alloc                          - Undefined Weak Reference
    _terminate_user_alloc                     - Undefined Weak Reference
    _terminateio                              - Undefined Weak Reference
    __main                                   0x0000007d   Thumb Code     8  __main.o(!!!main)
    __scatterload                            0x00000085   Thumb Code     0  __scatter.o(!!!scatter)
    __scatterload_rt2                        0x00000085   Thumb Code    52  __scatter.o(!!!scatter)
    __scatterload_rt2_thumb_only             0x00000085   Thumb Code     0  __scatter.o(!!!scatter)
    __scatterload_null                       0x00000095   Thumb Code     0  __scatter.o(!!!scatter)
    __scatterload_copy                       0x000000c1   Thumb Code    26  __scatter_copy.o(!!handler_copy)
    __scatterload_zeroinit                   0x000000dd   Thumb Code    28  __scatter_zi.o(!!handler_zi)
    __rt_lib_init                            0x000000f9   Thumb Code     0  libinit.o(.ARM.Collect$$libinit$$00000000)
    __rt_lib_init_alloca_1                   0x000000fb   Thumb Code     0  libinit2.o(.ARM.Collect$$libinit$$0000002E)
    __rt_lib_init_argv_1                     0x000000fb   Thumb Code     0  libinit2.o(.ARM.Collect$$libinit$$0000002C)
    __rt_lib_init_atexit_1                   0x000000fb   Thumb Code     0  libinit2.o(.ARM.Collect$$libinit$$0000001B)
    __rt_lib_init_clock_1                    0x000000fb   Thumb Code     0  libinit2.o(.ARM.Collect$$libinit$$00000021)
    __rt_lib_init_cpp_1                      0x000000fb   Thumb Code     0  libinit2.o(.ARM.Collect$$libinit$$00000032)
    __rt_lib_init_exceptions_1               0x000000fb   Thumb Code     0  libinit2.o(.ARM.Collect$$libinit$$00000030)
    __rt_lib_init_fp_1                       0x000000fb   Thumb Code     0  libinit2.o(.ARM.Collect$$libinit$$00000002)
    __rt_lib_init_fp_trap_1                  0x000000fb   Thumb Code     0  libinit2.o(.ARM.Collect$$libinit$$0000001F)
    __rt_lib_init_getenv_1                   0x000000fb   Thumb Code     0  libinit2.o(.ARM.Collect$$libinit$$00000023)
    __rt_lib_init_heap_1                     0x000000fb   Thumb Code     0  libinit2.o(.ARM.Collect$$libinit$$0000000A)
    __rt_lib_init_lc_collate_1               0x000000fb   Thumb Code     0  libinit2.o(.ARM.Collect$$libinit$$00000011)
    __rt_lib_init_lc_ctype_1                 0x000000fb   Thumb Code     0  libinit2.o(.ARM.Collect$$libinit$$00000013)
    __rt_lib_init_lc_monetary_1              0x000000fb   Thumb Code     0  libinit2.o(.ARM.Collect$$libinit$$00000015)
    __rt_lib_init_lc_numeric_1               0x000000fb   Thumb Code     0  libinit2.o(.ARM.Collect$$libinit$$00000017)
    __rt_lib_init_lc_time_1                  0x000000fb   Thumb Code     0  libinit2.o(.ARM.Collect$$libinit$$00000019)
    __rt_lib_init_preinit_1                  0x000000fb   Thumb Code     0  libinit2.o(.ARM.Collect$$libinit$$00000004)
    __rt_lib_init_rand_1                     0x000000fb   Thumb Code     0  libinit2.o(.ARM.Collect$$libinit$$0000000E)
    __rt_lib_init_return                     0x000000fb   Thumb Code     0  libinit2.o(.ARM.Collect$$libinit$$00000033)
    __rt_lib_init_signal_1                   0x000000fb   Thumb Code     0  libinit2.o(.ARM.Collect$$libinit$$0000001D)
    __rt_lib_init_stdio_1                    0x000000fb   Thumb Code     0  libinit2.o(.ARM.Collect$$libinit$$00000025)
    __rt_lib_init_user_alloc_1               0x000000fb   Thumb Code     0  libinit2.o(.ARM.Collect$$libinit$$0000000C)
    __rt_lib_shutdown                        0x000000fd   Thumb Code     0  libshutdown.o(.ARM.Collect$$libshutdown$$00000000)
    __rt_lib_shutdown_cpp_1                  0x000000ff   Thumb Code     0  libshutdown2.o(.ARM.Collect$$libshutdown$$00000002)
    __rt_lib_shutdown_fp_trap_1              0x000000ff   Thumb Code     0  libshutdown2.o(.ARM.Collect$$libshutdown$$00000007)
    __rt_lib_shutdown_heap_1                 0x000000ff   Thumb Code     0  libshutdown2.o(.ARM.Collect$$libshutdown$$0000000F)
    __rt_lib_shutdown_return                 0x000000ff   Thumb Code     0  libshutdown2.o(.ARM.Collect$$libshutdown$$00000010)
    __rt_lib_shutdown_signal_1               0x000000ff   Thumb Code     0  libshutdown2.o(.ARM.Collect$$libshutdown$$0000000A)
    __rt_lib_shutdown_stdio_1                0x000000ff   Thumb Code     0  libshutdown2.o(.ARM.Collect$$libshutdown$$00000004)
    __rt_lib_shutdown_user_alloc_1           0x000000ff   Thumb Code     0  libshutdown2.o(.ARM.Collect$$libshutdown$$0000000C)
    __rt_entry                               0x00000101   Thumb Code     0  __rtentry.o(.ARM.Collect$$rtentry$$00000000)
    __rt_entry_presh_1                       0x00000101   Thumb Code     0  __rtentry2.o(.ARM.Collect$$rtentry$$00000002)
    __rt_entry_sh                            0x00000101   Thumb Code     0  __rtentry4.o(.ARM.Collect$$rtentry$$00000004)
    __rt_entry_li                            0x00000107   Thumb Code     0  __rtentry2.o(.ARM.Collect$$rtentry$$0000000A)
    __rt_entry_postsh_1                      0x00000107   Thumb Code     0  __rtentry2.o(.ARM.Collect$$rtentry$$00000009)
    __rt_entry_main                          0x0000010b   Thumb Code     0  __rtentry2.o(.ARM.Collect$$rtentry$$0000000D)
    __rt_entry_postli_1                      0x0000010b   Thumb Code     0  __rtentry2.o(.ARM.Collect$$rtentry$$0000000C)
    __rt_exit                                0x00000113   Thumb Code     0  rtexit.o(.ARM.Collect$$rtexit$$00000000)
    __rt_exit_ls                             0x00000115   Thumb Code     0  rtexit2.o(.ARM.Collect$$rtexit$$00000003)
    __rt_exit_prels_1                        0x00000115   Thumb Code     0  rtexit2.o(.ARM.Collect$$rtexit$$00000002)
    __rt_exit_exit                           0x00000119   Thumb Code     0  rtexit2.o(.ARM.Collect$$rtexit$$00000004)
    GPAB_IRQHandler                          0x0000013b   Thumb Code    50  main.o(.text)
    clkInit                                  0x0000016d   Thumb Code    32  main.o(.text)
    gpioInit                                 0x0000018d   Thumb Code   144  main.o(.text)
    main                                     0x0000021d   Thumb Code    14  main.o(.text)
    Reset_Handler                            0x000002e9   Thumb Code     4  startup_n572_keil.o(.text)
    NMI_Handler                              0x000002ed   Thumb Code     2  startup_n572_keil.o(.text)
    SVC_Handler                              0x000002f1   Thumb Code     2  startup_n572_keil.o(.text)
    PendSV_Handler                           0x000002f3   Thumb Code     2  startup_n572_keil.o(.text)
    SysTick_Handler                          0x000002f5   Thumb Code     2  startup_n572_keil.o(.text)
    ADC_IRQHandler                           0x000002f7   Thumb Code     0  startup_n572_keil.o(.text)
    APU_IRQHandler                           0x000002f7   Thumb Code     0  startup_n572_keil.o(.text)
    EXINT_IRQHandler                         0x000002f7   Thumb Code     0  startup_n572_keil.o(.text)
    PWM0_IRQHandler                          0x000002f7   Thumb Code     0  startup_n572_keil.o(.text)
    PWRWU_IRQHandler                         0x000002f7   Thumb Code     0  startup_n572_keil.o(.text)
    RTC_IRQHandler                           0x000002f7   Thumb Code     0  startup_n572_keil.o(.text)
    SPI0_IRQHandler                          0x000002f7   Thumb Code     0  startup_n572_keil.o(.text)
    SPI1_IRQHandler                          0x000002f7   Thumb Code     0  startup_n572_keil.o(.text)
    TMR0_IRQHandler                          0x000002f7   Thumb Code     0  startup_n572_keil.o(.text)
    TMR1_IRQHandler                          0x000002f7   Thumb Code     0  startup_n572_keil.o(.text)
    TMR2_IRQHandler                          0x000002f7   Thumb Code     0  startup_n572_keil.o(.text)
    TMRF_IRQHandler                          0x000002f7   Thumb Code     0  startup_n572_keil.o(.text)
    USB_IRQHandler                           0x000002f7   Thumb Code     0  startup_n572_keil.o(.text)
    WDT_IRQHandler                           0x000002f7   Thumb Code     0  startup_n572_keil.o(.text)
    __user_initial_stackheap                 0x000002f9   Thumb Code     0  startup_n572_keil.o(.text)
    __2printf                                0x00000315   Thumb Code    22  noretval__2printf.o(.text)
    __use_two_region_memory                  0x00000331   Thumb Code     2  heapauxi.o(.text)
    __rt_heap_escrow$2region                 0x00000333   Thumb Code     2  heapauxi.o(.text)
    __rt_heap_expand$2region                 0x00000335   Thumb Code     2  heapauxi.o(.text)
    _printf_char_file                        0x00000339   Thumb Code    34  _printf_char_file.o(.text)
    SemiHost_Init                            0x00000361   Thumb Code    12  SemiHost_Startup_Keil.o(.text)
    SH_DoCommand                             0x0000036d   Thumb Code    18  SemiHost_Startup_Keil.o(.text)
    HardFault_Handler                        0x0000037f   Thumb Code    28  SemiHost_Startup_Keil.o(.text)
    _printf_char_common                      0x000003af   Thumb Code    32  _printf_char_common.o(.text)
    __user_setup_stackheap                   0x000003d5   Thumb Code    62  sys_stackheap_outer.o(.text)
    __printf                                 0x00000413   Thumb Code    36  __printf_nopercent.o(.text)
    exit                                     0x00000437   Thumb Code    16  exit.o(.text)
    __user_libspace                          0x00000449   Thumb Code     8  libspace.o(.text)
    __user_perproc_libspace                  0x00000449   Thumb Code     0  libspace.o(.text)
    __user_perthread_libspace                0x00000449   Thumb Code     0  libspace.o(.text)
    _sys_exit                                0x00000451   Thumb Code     8  sys_exit.o(.text)
    __I$use$semihosting                      0x0000045d   Thumb Code     0  use_no_semi.o(.text)
    __use_no_semihosting_swi                 0x0000045d   Thumb Code     2  use_no_semi.o(.text)
    __semihosting_library_function           0x0000045f   Thumb Code     0  indicate_semi.o(.text)
    DrvSYS_UnlockKeyReg                      0x00000461   Thumb Code    16  DRVSYS_drvsys.o(i.DrvSYS_UnlockKeyReg)
    SendChar                                 0x00000475   Thumb Code    48  semihost_retarget.o(i.SendChar)
    fputc                                    0x000004ad   Thumb Code    10  semihost_retarget.o(i.fputc)
    Region$$Table$$Base                      0x000004b8   Number         0  anon$$obj.o(Region$$Table)
    Region$$Table$$Limit                     0x000004d8   Number         0  anon$$obj.o(Region$$Table)
    __stdout                                 0x20000404   Data           4  semihost_retarget.o(.data)
    __libspace_start                         0x20000418   Data          96  libspace.o(.bss)
    __temporary_stack_top$libspace           0x20000478   Data           0  libspace.o(.bss)
    WDT                                      0x40004000   Data           4  sfr.o(.ARM.__AT_0x40004000)
    RTC                                      0x40008000   Data           4  sfr.o(.ARM.__AT_0x40008000)
    TMR0                                     0x40010000   Data          16  sfr.o(.ARM.__AT_0x40010000)
    TMR1                                     0x40010020   Data          16  sfr.o(.ARM.__AT_0x40010020)
    TMRF                                     0x40010030   Data           4  sfr.o(.ARM.__AT_0x40010030)
    TMRIR                                    0x40010034   Data           4  sfr.o(.ARM.__AT_0x40010034)
    TMR2                                     0x40010040   Data          16  sfr.o(.ARM.__AT_0x40010040)
    SPI0                                     0x40030000   Data          52  sfr.o(.ARM.__AT_0x40030000)
    SPI1                                     0x40034000   Data          52  sfr.o(.ARM.__AT_0x40034000)
    PWM                                      0x40040000   Data         128  sfr.o(.ARM.__AT_0x40040000)
    ADC                                      0x400e0000   Data          68  sfr.o(.ARM.__AT_0x400E0000)
    SYS                                      0x50000000   Data         308  sfr.o(.ARM.__AT_0x50000000)
    CLK                                      0x50000200   Data          36  sfr.o(.ARM.__AT_0x50000200)
    SYSINT                                   0x50000300   Data         136  sfr.o(.ARM.__AT_0x50000300)
    GPIOA                                    0x50004000   Data          36  sfr.o(.ARM.__AT_0x50004000)
    GPIOB                                    0x50004040   Data          36  sfr.o(.ARM.__AT_0x50004040)
    APU                                      0x50008000   Data          48  sfr.o(.ARM.__AT_0x50008000)
    FMC                                      0x5000c000   Data          20  sfr.o(.ARM.__AT_0x5000C000)



==============================================================================

Memory Map of the image

  Image Entry point : 0x000002e9

  Load Region _ROM (Base: 0x00000000, Size: 0x000004e0, Max: 0x00012000, ABSOLUTE)

    Execution Region _RESET (Base: 0x00000000, Size: 0x0000007c, Max: 0xffffffff, ABSOLUTE)

    Base Addr    Size         Type   Attr      Idx    E Section Name        Object

    0x00000000   0x0000007c   Data   RO          259    RESET               startup_n572_keil.o


    Execution Region _CODE (Base: 0x0000007c, Size: 0x0000045c, Max: 0xffffffff, ABSOLUTE)

    Base Addr    Size         Type   Attr      Idx    E Section Name        Object

    0x0000007c   0x00000008   Code   RO          365  * !!!main             c_p.l(__main.o)
    0x00000084   0x0000003c   Code   RO          657    !!!scatter          c_p.l(__scatter.o)
    0x000000c0   0x0000001a   Code   RO          659    !!handler_copy      c_p.l(__scatter_copy.o)
    0x000000da   0x00000002   PAD
    0x000000dc   0x0000001c   Code   RO          661    !!handler_zi        c_p.l(__scatter_zi.o)
    0x000000f8   0x00000002   Code   RO          528    .ARM.Collect$$libinit$$00000000  c_p.l(libinit.o)
    0x000000fa   0x00000000   Code   RO          536    .ARM.Collect$$libinit$$00000002  c_p.l(libinit2.o)
    0x000000fa   0x00000000   Code   RO          538    .ARM.Collect$$libinit$$00000004  c_p.l(libinit2.o)
    0x000000fa   0x00000000   Code   RO          541    .ARM.Collect$$libinit$$0000000A  c_p.l(libinit2.o)
    0x000000fa   0x00000000   Code   RO          543    .ARM.Collect$$libinit$$0000000C  c_p.l(libinit2.o)
    0x000000fa   0x00000000   Code   RO          545    .ARM.Collect$$libinit$$0000000E  c_p.l(libinit2.o)
    0x000000fa   0x00000000   Code   RO          548    .ARM.Collect$$libinit$$00000011  c_p.l(libinit2.o)
    0x000000fa   0x00000000   Code   RO          550    .ARM.Collect$$libinit$$00000013  c_p.l(libinit2.o)
    0x000000fa   0x00000000   Code   RO          552    .ARM.Collect$$libinit$$00000015  c_p.l(libinit2.o)
    0x000000fa   0x00000000   Code   RO          554    .ARM.Collect$$libinit$$00000017  c_p.l(libinit2.o)
    0x000000fa   0x00000000   Code   RO          556    .ARM.Collect$$libinit$$00000019  c_p.l(libinit2.o)
    0x000000fa   0x00000000   Code   RO          558    .ARM.Collect$$libinit$$0000001B  c_p.l(libinit2.o)
    0x000000fa   0x00000000   Code   RO          560    .ARM.Collect$$libinit$$0000001D  c_p.l(libinit2.o)
    0x000000fa   0x00000000   Code   RO          562    .ARM.Collect$$libinit$$0000001F  c_p.l(libinit2.o)
    0x000000fa   0x00000000   Code   RO          564    .ARM.Collect$$libinit$$00000021  c_p.l(libinit2.o)
    0x000000fa   0x00000000   Code   RO          566    .ARM.Collect$$libinit$$00000023  c_p.l(libinit2.o)
    0x000000fa   0x00000000   Code   RO          568    .ARM.Collect$$libinit$$00000025  c_p.l(libinit2.o)
    0x000000fa   0x00000000   Code   RO          572    .ARM.Collect$$libinit$$0000002C  c_p.l(libinit2.o)
    0x000000fa   0x00000000   Code   RO          574    .ARM.Collect$$libinit$$0000002E  c_p.l(libinit2.o)
    0x000000fa   0x00000000   Code   RO          576    .ARM.Collect$$libinit$$00000030  c_p.l(libinit2.o)
    0x000000fa   0x00000000   Code   RO          578    .ARM.Collect$$libinit$$00000032  c_p.l(libinit2.o)
    0x000000fa   0x00000002   Code   RO          579    .ARM.Collect$$libinit$$00000033  c_p.l(libinit2.o)
    0x000000fc   0x00000002   Code   RO          599    .ARM.Collect$$libshutdown$$00000000  c_p.l(libshutdown.o)
    0x000000fe   0x00000000   Code   RO          612    .ARM.Collect$$libshutdown$$00000002  c_p.l(libshutdown2.o)
    0x000000fe   0x00000000   Code   RO          614    .ARM.Collect$$libshutdown$$00000004  c_p.l(libshutdown2.o)
    0x000000fe   0x00000000   Code   RO          617    .ARM.Collect$$libshutdown$$00000007  c_p.l(libshutdown2.o)
    0x000000fe   0x00000000   Code   RO          620    .ARM.Collect$$libshutdown$$0000000A  c_p.l(libshutdown2.o)
    0x000000fe   0x00000000   Code   RO          622    .ARM.Collect$$libshutdown$$0000000C  c_p.l(libshutdown2.o)
    0x000000fe   0x00000000   Code   RO          625    .ARM.Collect$$libshutdown$$0000000F  c_p.l(libshutdown2.o)
    0x000000fe   0x00000002   Code   RO          626    .ARM.Collect$$libshutdown$$00000010  c_p.l(libshutdown2.o)
    0x00000100   0x00000000   Code   RO          492    .ARM.Collect$$rtentry$$00000000  c_p.l(__rtentry.o)
    0x00000100   0x00000000   Code   RO          500    .ARM.Collect$$rtentry$$00000002  c_p.l(__rtentry2.o)
    0x00000100   0x00000006   Code   RO          512    .ARM.Collect$$rtentry$$00000004  c_p.l(__rtentry4.o)
    0x00000106   0x00000000   Code   RO          502    .ARM.Collect$$rtentry$$00000009  c_p.l(__rtentry2.o)
    0x00000106   0x00000004   Code   RO          503    .ARM.Collect$$rtentry$$0000000A  c_p.l(__rtentry2.o)
    0x0000010a   0x00000000   Code   RO          505    .ARM.Collect$$rtentry$$0000000C  c_p.l(__rtentry2.o)
    0x0000010a   0x00000008   Code   RO          506    .ARM.Collect$$rtentry$$0000000D  c_p.l(__rtentry2.o)
    0x00000112   0x00000002   Code   RO          533    .ARM.Collect$$rtexit$$00000000  c_p.l(rtexit.o)
    0x00000114   0x00000000   Code   RO          581    .ARM.Collect$$rtexit$$00000002  c_p.l(rtexit2.o)
    0x00000114   0x00000004   Code   RO          582    .ARM.Collect$$rtexit$$00000003  c_p.l(rtexit2.o)
    0x00000118   0x00000006   Code   RO          583    .ARM.Collect$$rtexit$$00000004  c_p.l(rtexit2.o)
    0x0000011e   0x00000002   PAD
    0x00000120   0x000001c8   Code   RO           77    .text               main.o
    0x000002e8   0x0000002c   Code   RO          260  * .text               startup_n572_keil.o
    0x00000314   0x0000001c   Code   RO          361    .text               c_p.l(noretval__2printf.o)
    0x00000330   0x00000006   Code   RO          363    .text               c_p.l(heapauxi.o)
    0x00000336   0x00000002   PAD
    0x00000338   0x00000028   Code   RO          493    .text               c_p.l(_printf_char_file.o)
    0x00000360   0x00000044   Code   RO          495    .text               SemiHost_Keil.lib(SemiHost_Startup_Keil.o)
    0x000003a4   0x00000030   Code   RO          514    .text               c_p.l(_printf_char_common.o)
    0x000003d4   0x0000003e   Code   RO          516    .text               c_p.l(sys_stackheap_outer.o)
    0x00000412   0x00000024   Code   RO          519    .text               c_p.l(__printf_nopercent.o)
    0x00000436   0x00000010   Code   RO          521    .text               c_p.l(exit.o)
    0x00000446   0x00000002   PAD
    0x00000448   0x00000008   Code   RO          529    .text               c_p.l(libspace.o)
    0x00000450   0x0000000c   Code   RO          591    .text               c_p.l(sys_exit.o)
    0x0000045c   0x00000002   Code   RO          602    .text               c_p.l(use_no_semi.o)
    0x0000045e   0x00000000   Code   RO          604    .text               c_p.l(indicate_semi.o)
    0x0000045e   0x00000002   PAD
    0x00000460   0x00000014   Code   RO          265    i.DrvSYS_UnlockKeyReg  Driver_F072_keil.lib(DRVSYS_drvsys.o)
    0x00000474   0x00000038   Code   RO          369    i.SendChar          SemiHost_Keil.lib(semihost_retarget.o)
    0x000004ac   0x0000000a   Code   RO          373    i.fputc             SemiHost_Keil.lib(semihost_retarget.o)
    0x000004b6   0x00000002   PAD
    0x000004b8   0x00000020   Data   RO          655    Region$$Table       anon$$obj.o


    Execution Region _STACK (Base: 0x20000000, Size: 0x00000400, Max: 0x00000400, ABSOLUTE, UNINIT)

    Base Addr    Size         Type   Attr      Idx    E Section Name        Object

    0x20000000   0x00000400   Zero   RW          257    STACK               startup_n572_keil.o


    Execution Region _SRAM (Base: 0x20000400, Size: 0x00000078, Max: 0x00001c00, ABSOLUTE)

    Base Addr    Size         Type   Attr      Idx    E Section Name        Object

    0x20000400   0x00000001   Data   RW          375    .data               SemiHost_Keil.lib(semihost_retarget.o)
    0x20000401   0x00000003   PAD
    0x20000404   0x00000004   Data   RW          376    .data               SemiHost_Keil.lib(semihost_retarget.o)
    0x20000408   0x00000010   Zero   RW          374    .bss                SemiHost_Keil.lib(semihost_retarget.o)
    0x20000418   0x00000060   Zero   RW          530    .bss                c_p.l(libspace.o)


    Execution Region _HEAP (Base: 0x20000478, Size: 0x00000000, Max: 0xffffffff, ABSOLUTE)

    Base Addr    Size         Type   Attr      Idx    E Section Name        Object

    0x20000478   0x00000000   Zero   RW          258    HEAP                startup_n572_keil.o



  Load Region LR$$.ARM.__AT_0x40004000 (Base: 0x40004000, Size: 0x00000000, Max: 0x00000004, ABSOLUTE)

    Execution Region ER$$.ARM.__AT_0x40004000 (Base: 0x40004000, Size: 0x00000004, Max: 0x00000004, ABSOLUTE, UNINIT)

    Base Addr    Size         Type   Attr      Idx    E Section Name        Object

    0x40004000   0x00000004   Zero   RW            1    .ARM.__AT_0x40004000  sfr.o



  Load Region LR$$.ARM.__AT_0x40008000 (Base: 0x40008000, Size: 0x00000000, Max: 0x00000004, ABSOLUTE)

    Execution Region ER$$.ARM.__AT_0x40008000 (Base: 0x40008000, Size: 0x00000004, Max: 0x00000004, ABSOLUTE, UNINIT)

    Base Addr    Size         Type   Attr      Idx    E Section Name        Object

    0x40008000   0x00000004   Zero   RW            2    .ARM.__AT_0x40008000  sfr.o



  Load Region LR$$.ARM.__AT_0x40010000 (Base: 0x40010000, Size: 0x00000000, Max: 0x00000010, ABSOLUTE)

    Execution Region ER$$.ARM.__AT_0x40010000 (Base: 0x40010000, Size: 0x00000010, Max: 0x00000010, ABSOLUTE, UNINIT)

    Base Addr    Size         Type   Attr      Idx    E Section Name        Object

    0x40010000   0x00000010   Zero   RW            3    .ARM.__AT_0x40010000  sfr.o



  Load Region LR$$.ARM.__AT_0x40010020 (Base: 0x40010020, Size: 0x00000000, Max: 0x00000010, ABSOLUTE)

    Execution Region ER$$.ARM.__AT_0x40010020 (Base: 0x40010020, Size: 0x00000010, Max: 0x00000010, ABSOLUTE, UNINIT)

    Base Addr    Size         Type   Attr      Idx    E Section Name        Object

    0x40010020   0x00000010   Zero   RW            4    .ARM.__AT_0x40010020  sfr.o



  Load Region LR$$.ARM.__AT_0x40010030 (Base: 0x40010030, Size: 0x00000000, Max: 0x00000004, ABSOLUTE)

    Execution Region ER$$.ARM.__AT_0x40010030 (Base: 0x40010030, Size: 0x00000004, Max: 0x00000004, ABSOLUTE, UNINIT)

    Base Addr    Size         Type   Attr      Idx    E Section Name        Object

    0x40010030   0x00000004   Zero   RW            5    .ARM.__AT_0x40010030  sfr.o



  Load Region LR$$.ARM.__AT_0x40010034 (Base: 0x40010034, Size: 0x00000000, Max: 0x00000004, ABSOLUTE)

    Execution Region ER$$.ARM.__AT_0x40010034 (Base: 0x40010034, Size: 0x00000004, Max: 0x00000004, ABSOLUTE, UNINIT)

    Base Addr    Size         Type   Attr      Idx    E Section Name        Object

    0x40010034   0x00000004   Zero   RW            6    .ARM.__AT_0x40010034  sfr.o



  Load Region LR$$.ARM.__AT_0x40010040 (Base: 0x40010040, Size: 0x00000000, Max: 0x00000010, ABSOLUTE)

    Execution Region ER$$.ARM.__AT_0x40010040 (Base: 0x40010040, Size: 0x00000010, Max: 0x00000010, ABSOLUTE, UNINIT)

    Base Addr    Size         Type   Attr      Idx    E Section Name        Object

    0x40010040   0x00000010   Zero   RW            7    .ARM.__AT_0x40010040  sfr.o



  Load Region LR$$.ARM.__AT_0x40030000 (Base: 0x40030000, Size: 0x00000000, Max: 0x00000034, ABSOLUTE)

    Execution Region ER$$.ARM.__AT_0x40030000 (Base: 0x40030000, Size: 0x00000034, Max: 0x00000034, ABSOLUTE, UNINIT)

    Base Addr    Size         Type   Attr      Idx    E Section Name        Object

    0x40030000   0x00000034   Zero   RW            8    .ARM.__AT_0x40030000  sfr.o



  Load Region LR$$.ARM.__AT_0x40034000 (Base: 0x40034000, Size: 0x00000000, Max: 0x00000034, ABSOLUTE)

    Execution Region ER$$.ARM.__AT_0x40034000 (Base: 0x40034000, Size: 0x00000034, Max: 0x00000034, ABSOLUTE, UNINIT)

    Base Addr    Size         Type   Attr      Idx    E Section Name        Object

    0x40034000   0x00000034   Zero   RW            9    .ARM.__AT_0x40034000  sfr.o



  Load Region LR$$.ARM.__AT_0x40040000 (Base: 0x40040000, Size: 0x00000000, Max: 0x00000080, ABSOLUTE)

    Execution Region ER$$.ARM.__AT_0x40040000 (Base: 0x40040000, Size: 0x00000080, Max: 0x00000080, ABSOLUTE, UNINIT)

    Base Addr    Size         Type   Attr      Idx    E Section Name        Object

    0x40040000   0x00000080   Zero   RW           10    .ARM.__AT_0x40040000  sfr.o



  Load Region LR$$.ARM.__AT_0x400E0000 (Base: 0x400e0000, Size: 0x00000000, Max: 0x00000044, ABSOLUTE)

    Execution Region ER$$.ARM.__AT_0x400E0000 (Base: 0x400e0000, Size: 0x00000044, Max: 0x00000044, ABSOLUTE, UNINIT)

    Base Addr    Size         Type   Attr      Idx    E Section Name        Object

    0x400e0000   0x00000044   Zero   RW           11    .ARM.__AT_0x400E0000  sfr.o



  Load Region LR$$.ARM.__AT_0x50000000 (Base: 0x50000000, Size: 0x00000000, Max: 0x00000134, ABSOLUTE)

    Execution Region ER$$.ARM.__AT_0x50000000 (Base: 0x50000000, Size: 0x00000134, Max: 0x00000134, ABSOLUTE, UNINIT)

    Base Addr    Size         Type   Attr      Idx    E Section Name        Object

    0x50000000   0x00000134   Zero   RW           12    .ARM.__AT_0x50000000  sfr.o



  Load Region LR$$.ARM.__AT_0x50000200 (Base: 0x50000200, Size: 0x00000000, Max: 0x00000024, ABSOLUTE)

    Execution Region ER$$.ARM.__AT_0x50000200 (Base: 0x50000200, Size: 0x00000024, Max: 0x00000024, ABSOLUTE, UNINIT)

    Base Addr    Size         Type   Attr      Idx    E Section Name        Object

    0x50000200   0x00000024   Zero   RW           13    .ARM.__AT_0x50000200  sfr.o



  Load Region LR$$.ARM.__AT_0x50000300 (Base: 0x50000300, Size: 0x00000000, Max: 0x00000088, ABSOLUTE)

    Execution Region ER$$.ARM.__AT_0x50000300 (Base: 0x50000300, Size: 0x00000088, Max: 0x00000088, ABSOLUTE, UNINIT)

    Base Addr    Size         Type   Attr      Idx    E Section Name        Object

    0x50000300   0x00000088   Zero   RW           14    .ARM.__AT_0x50000300  sfr.o



  Load Region LR$$.ARM.__AT_0x50004000 (Base: 0x50004000, Size: 0x00000000, Max: 0x00000024, ABSOLUTE)

    Execution Region ER$$.ARM.__AT_0x50004000 (Base: 0x50004000, Size: 0x00000024, Max: 0x00000024, ABSOLUTE, UNINIT)

    Base Addr    Size         Type   Attr      Idx    E Section Name        Object

    0x50004000   0x00000024   Zero   RW           15    .ARM.__AT_0x50004000  sfr.o



  Load Region LR$$.ARM.__AT_0x50004040 (Base: 0x50004040, Size: 0x00000000, Max: 0x00000024, ABSOLUTE)

    Execution Region ER$$.ARM.__AT_0x50004040 (Base: 0x50004040, Size: 0x00000024, Max: 0x00000024, ABSOLUTE, UNINIT)

    Base Addr    Size         Type   Attr      Idx    E Section Name        Object

    0x50004040   0x00000024   Zero   RW           16    .ARM.__AT_0x50004040  sfr.o



  Load Region LR$$.ARM.__AT_0x50008000 (Base: 0x50008000, Size: 0x00000000, Max: 0x00000030, ABSOLUTE)

    Execution Region ER$$.ARM.__AT_0x50008000 (Base: 0x50008000, Size: 0x00000030, Max: 0x00000030, ABSOLUTE, UNINIT)

    Base Addr    Size         Type   Attr      Idx    E Section Name        Object

    0x50008000   0x00000030   Zero   RW           17    .ARM.__AT_0x50008000  sfr.o



  Load Region LR$$.ARM.__AT_0x5000C000 (Base: 0x5000c000, Size: 0x00000000, Max: 0x00000014, ABSOLUTE)

    Execution Region ER$$.ARM.__AT_0x5000C000 (Base: 0x5000c000, Size: 0x00000014, Max: 0x00000014, ABSOLUTE, UNINIT)

    Base Addr    Size         Type   Attr      Idx    E Section Name        Object

    0x5000c000   0x00000014   Zero   RW           18    .ARM.__AT_0x5000C000  sfr.o


==============================================================================

Image component sizes


      Code (inc. data)   RO Data    RW Data    ZI Data      Debug   Object Name

         0          0          0          0          0         32   core_cm0.o
       456         54          0          0          0      30612   main.o
         0          0          0          0        984      30781   sfr.o
        44         18        124          0       1024        680   startup_n572_keil.o

    ----------------------------------------------------------------------
       500         72        156          0       2008      62105   Object Totals
         0          0         32          0          0          0   (incl. Generated)
         0          0          0          0          0          0   (incl. Padding)

    ----------------------------------------------------------------------

      Code (inc. data)   RO Data    RW Data    ZI Data      Debug   Library Member Name

        20          4          0          0          0        842   DRVSYS_drvsys.o
        68         10          0          0          0        420   SemiHost_Startup_Keil.o
        66          8          0          5         16       4869   semihost_retarget.o
         8          0          0          0          0         68   __main.o
        36          0          0          0          0         76   __printf_nopercent.o
         0          0          0          0          0          0   __rtentry.o
        12          0          0          0          0          0   __rtentry2.o
         6          0          0          0          0          0   __rtentry4.o
        60          8          0          0          0          0   __scatter.o
        26          0          0          0          0          0   __scatter_copy.o
        28          0          0          0          0          0   __scatter_zi.o
        48          6          0          0          0         88   _printf_char_common.o
        40          6          0          0          0         72   _printf_char_file.o
        16          0          0          0          0         68   exit.o
         6          0          0          0          0        136   heapauxi.o
         0          0          0          0          0          0   indicate_semi.o
         2          0          0          0          0          0   libinit.o
         2          0          0          0          0          0   libinit2.o
         2          0          0          0          0          0   libshutdown.o
         2          0          0          0          0          0   libshutdown2.o
         8          4          0          0         96         68   libspace.o
        28          6          0          0          0         84   noretval__2printf.o
         2          0          0          0          0          0   rtexit.o
        10          0          0          0          0          0   rtexit2.o
        12          4          0          0          0         60   sys_exit.o
        62          0          0          0          0         80   sys_stackheap_outer.o
         2          0          0          0          0         68   use_no_semi.o

    ----------------------------------------------------------------------
       584         56          0          8        112       6999   Library Totals
        12          0          0          3          0          0   (incl. Padding)

    ----------------------------------------------------------------------

      Code (inc. data)   RO Data    RW Data    ZI Data      Debug   Library Name

        20          4          0          0          0        842   Driver_F072_keil.lib
       134         18          0          5         16       5289   SemiHost_Keil.lib
       418         34          0          0         96        868   c_p.l

    ----------------------------------------------------------------------
       584         56          0          8        112       6999   Library Totals

    ----------------------------------------------------------------------

==============================================================================


      Code (inc. data)   RO Data    RW Data    ZI Data      Debug   

      1084        128        156          8       2120      68652   Grand Totals
      1084        128        156          8       2120      68652   ELF Image Totals
      1084        128        156          8          0          0   ROM Totals

==============================================================================

    Total RO  Size (Code + RO Data)                 1240 (   1.21kB)
    Total RW  Size (RW Data + ZI Data)              2128 (   2.08kB)
    Total ROM Size (Code + RO Data + RW Data)       1248 (   1.22kB)

==============================================================================

